[Log] F:\PythonWorkspace\DAE Data Compression\运行结果\20260623_184731\run.log
[SignalSimulator] 固定信道池已生成: 50 条信道 (seed=42)

============================================================
Training DAE (CR=4) with 3-Fold Cross-Validation
  Samples: 50000 | Max Epochs: 150 | Batch: 128 | LR: 0.0005
  Early Stopping Patience: 10 | Weight Decay: 0.0001
  Correlation Loss: Adaptive λ ∈ [0.23, 0.53] (center=0.0dB, temp=5.0)
  Peak Loss: Adaptive λ_peak ∈ [~0, 0.25] (SNR-positive sigmoid, center=0.0dB, temp=5.0)
  GCC-Centric Loss: ε_MSE=0.03
  Model Parameters: 3,188,418
============================================================
  Fold 1 Epoch 10/150: Train 13.58980 | Val 6.76138 | Corr 0.00816 | Peak 0.00407 | GCC-centric | λ=0.380 | LR: 0.000500 | 17.2s
  Fold 1 Epoch 20/150: Train 13.58377 | Val 6.75859 | Corr 0.00651 | Peak 0.00273 | GCC-centric | λ=0.380 | LR: 0.000500 | 17.0s
  Fold 1 Epoch 30/150: Train 13.58138 | Val 6.75729 | Corr 0.00559 | Peak 0.00223 | GCC-centric | λ=0.380 | LR: 0.000250 | 17.6s
  Fold 1 Epoch 40/150: Train 13.58075 | Val 6.75697 | Corr 0.00421 | Peak 0.00128 | GCC-centric | λ=0.380 | LR: 0.000250 | 17.1s
  Fold 1 Epoch 50/150: Train 13.58069 | Val 6.75691 | Corr 0.00382 | Peak 0.00119 | GCC-centric | λ=0.380 | LR: 0.000250 | 16.7s
  Fold 1 Epoch 60/150: Train 13.58064 | Val 6.75689 | Corr 0.00357 | Peak 0.00116 | GCC-centric | λ=0.380 | LR: 0.000125 | 16.6s
  Fold 1 Epoch 70/150: Train 13.58060 | Val 6.75688 | Corr 0.00301 | Peak 0.00061 | GCC-centric | λ=0.380 | LR: 0.000125 | 17.3s
  Fold 1 Epoch 80/150: Train 13.58060 | Val 6.75687 | Corr 0.00293 | Peak 0.00067 | GCC-centric | λ=0.380 | LR: 0.000125 | 16.6s
  Fold 1 Epoch 90/150: Train 13.58060 | Val 6.75688 | Corr 0.00283 | Peak 0.00057 | GCC-centric | λ=0.380 | LR: 0.000063 | 16.8s
  Fold 1 Epoch 100/150: Train 13.58059 | Val 6.75687 | Corr 0.00250 | Peak 0.00024 | GCC-centric | λ=0.380 | LR: 0.000063 | 17.0s
  Fold 1 Epoch 110/150: Train 13.58059 | Val 6.75687 | Corr 0.00244 | Peak 0.00024 | GCC-centric | λ=0.380 | LR: 0.000063 | 16.7s
  Fold 1 Epoch 120/150: Train 13.58059 | Val 6.75687 | Corr 0.00242 | Peak 0.00027 | GCC-centric | λ=0.380 | LR: 0.000031 | 18.2s
  Fold 1 Early stopping at Epoch 122 (no improvement for 10 epochs, epoch耗时 16.8s)
  Fold 1 Best Val Loss: 6.756868 (stopped at epoch 122,耗时 2101.1s)
  Fold 2 Epoch 10/150: Train 13.61280 | Val 6.70145 | Corr 0.00823 | Peak 0.00403 | GCC-centric | λ=0.379 | LR: 0.000500 | 16.8s
  Fold 2 Epoch 20/150: Train 13.60653 | Val 6.69805 | Corr 0.00644 | Peak 0.00289 | GCC-centric | λ=0.379 | LR: 0.000500 | 17.1s
  Fold 2 Epoch 30/150: Train 13.60475 | Val 6.69729 | Corr 0.00554 | Peak 0.00234 | GCC-centric | λ=0.379 | LR: 0.000250 | 16.7s
  Fold 2 Epoch 40/150: Train 13.60376 | Val 6.69644 | Corr 0.00433 | Peak 0.00140 | GCC-centric | λ=0.379 | LR: 0.000250 | 17.5s
  Fold 2 Epoch 50/150: Train 13.60354 | Val 6.69637 | Corr 0.00391 | Peak 0.00133 | GCC-centric | λ=0.379 | LR: 0.000250 | 16.7s
  Fold 2 Epoch 60/150: Train 13.60343 | Val 6.69631 | Corr 0.00363 | Peak 0.00124 | GCC-centric | λ=0.379 | LR: 0.000125 | 17.3s
  Fold 2 Epoch 70/150: Train 13.60337 | Val 6.69624 | Corr 0.00304 | Peak 0.00060 | GCC-centric | λ=0.379 | LR: 0.000125 | 16.7s
  Fold 2 Epoch 80/150: Train 13.60335 | Val 6.69622 | Corr 0.00289 | Peak 0.00058 | GCC-centric | λ=0.379 | LR: 0.000125 | 18.4s
  Fold 2 Epoch 90/150: Train 13.60334 | Val 6.69621 | Corr 0.00279 | Peak 0.00058 | GCC-centric | λ=0.379 | LR: 0.000063 | 16.7s
  Fold 2 Epoch 100/150: Train 13.60333 | Val 6.69621 | Corr 0.00253 | Peak 0.00030 | GCC-centric | λ=0.379 | LR: 0.000063 | 19.0s
  Fold 2 Epoch 110/150: Train 13.60333 | Val 6.69621 | Corr 0.00244 | Peak 0.00021 | GCC-centric | λ=0.379 | LR: 0.000063 | 16.7s
  Fold 2 Epoch 120/150: Train 13.60333 | Val 6.69621 | Corr 0.00241 | Peak 0.00025 | GCC-centric | λ=0.379 | LR: 0.000031 | 16.7s
  Fold 2 Epoch 130/150: Train 13.60333 | Val 6.69620 | Corr 0.00228 | Peak 0.00009 | GCC-centric | λ=0.379 | LR: 0.000031 | 16.7s
  Fold 2 Epoch 140/150: Train 13.60333 | Val 6.69620 | Corr 0.00225 | Peak 0.00008 | GCC-centric | λ=0.379 | LR: 0.000031 | 17.0s
  Fold 2 Epoch 150/150: Train 13.60333 | Val 6.69620 | Corr 0.00224 | Peak 0.00011 | GCC-centric | λ=0.379 | LR: 0.000016 | 18.2s
  Fold 2 Best Val Loss: 6.696203 (stopped at epoch 150,耗时 2563.7s)
  Fold 3 Epoch 10/150: Train 13.51443 | Val 6.88904 | Corr 0.00808 | Peak 0.00377 | GCC-centric | λ=0.380 | LR: 0.000500 | 16.5s
  Fold 3 Epoch 20/150: Train 13.51212 | Val 6.88779 | Corr 0.00630 | Peak 0.00271 | GCC-centric | λ=0.380 | LR: 0.000500 | 17.4s
  Fold 3 Epoch 30/150: Train 13.51107 | Val 6.88741 | Corr 0.00532 | Peak 0.00219 | GCC-centric | λ=0.380 | LR: 0.000250 | 16.5s
  Fold 3 Epoch 40/150: Train 13.51092 | Val 6.88730 | Corr 0.00410 | Peak 0.00136 | GCC-centric | λ=0.380 | LR: 0.000250 | 16.7s
  Fold 3 Epoch 50/150: Train 13.51090 | Val 6.88729 | Corr 0.00366 | Peak 0.00119 | GCC-centric | λ=0.380 | LR: 0.000250 | 16.6s
  Fold 3 Epoch 60/150: Train 13.51091 | Val 6.88729 | Corr 0.00339 | Peak 0.00109 | GCC-centric | λ=0.380 | LR: 0.000125 | 18.1s
  Fold 3 Epoch 70/150: Train 13.51089 | Val 6.88728 | Corr 0.00289 | Peak 0.00055 | GCC-centric | λ=0.380 | LR: 0.000125 | 17.7s
  Fold 3 Epoch 80/150: Train 13.51089 | Val 6.88729 | Corr 0.00297 | Peak 0.00059 | GCC-centric | λ=0.380 | LR: 0.000125 | 18.1s
  Fold 3 Early stopping at Epoch 86 (no improvement for 10 epochs, epoch耗时 17.2s)
  Fold 3 Best Val Loss: 6.887279 (stopped at epoch 86,耗时 1478.6s)

  Average Best Val Loss over 3 fold(s): 6.780117
  Average Stop Epoch: 119.3
  Selected model with Val Loss: 6.696203
  Training Time: 6143.6s (102.4min)

============================================================
Training DAE (CR=8) with 3-Fold Cross-Validation
  Samples: 50000 | Max Epochs: 150 | Batch: 128 | LR: 0.0005
  Early Stopping Patience: 10 | Weight Decay: 0.0001
  Correlation Loss: Adaptive λ ∈ [0.23, 0.53] (center=0.0dB, temp=5.0)
  Peak Loss: Adaptive λ_peak ∈ [~0, 0.25] (SNR-positive sigmoid, center=0.0dB, temp=5.0)
  GCC-Centric Loss: ε_MSE=0.03
  Model Parameters: 1,779,138
============================================================
  Fold 1 Epoch 10/150: Train 13.58332 | Val 6.75814 | Corr 0.00807 | Peak 0.00366 | GCC-centric | λ=0.380 | LR: 0.000500 | 17.4s
  Fold 1 Epoch 20/150: Train 13.58176 | Val 6.75748 | Corr 0.00615 | Peak 0.00258 | GCC-centric | λ=0.380 | LR: 0.000500 | 16.7s
  Fold 1 Epoch 30/150: Train 13.58100 | Val 6.75703 | Corr 0.00501 | Peak 0.00218 | GCC-centric | λ=0.380 | LR: 0.000250 | 19.0s
  Fold 1 Epoch 40/150: Train 13.58066 | Val 6.75692 | Corr 0.00378 | Peak 0.00129 | GCC-centric | λ=0.380 | LR: 0.000250 | 16.9s
  Fold 1 Epoch 50/150: Train 13.58063 | Val 6.75690 | Corr 0.00349 | Peak 0.00124 | GCC-centric | λ=0.380 | LR: 0.000250 | 18.9s
  Fold 1 Epoch 60/150: Train 13.58062 | Val 6.75691 | Corr 0.00324 | Peak 0.00104 | GCC-centric | λ=0.380 | LR: 0.000125 | 17.1s
  Fold 1 Epoch 70/150: Train 13.58060 | Val 6.75687 | Corr 0.00280 | Peak 0.00053 | GCC-centric | λ=0.380 | LR: 0.000125 | 16.6s
  Fold 1 Early stopping at Epoch 73 (no improvement for 10 epochs, epoch耗时 17.4s)
  Fold 1 Best Val Loss: 6.756869 (stopped at epoch 73,耗时 1261.0s)
  Fold 2 Epoch 10/150: Train 13.60712 | Val 6.69775 | Corr 0.00826 | Peak 0.00381 | GCC-centric | λ=0.379 | LR: 0.000500 | 16.7s
  Fold 2 Epoch 20/150: Train 13.60431 | Val 6.69667 | Corr 0.00660 | Peak 0.00275 | GCC-centric | λ=0.379 | LR: 0.000500 | 17.1s
  Fold 2 Epoch 30/150: Train 13.60336 | Val 6.69623 | Corr 0.00561 | Peak 0.00229 | GCC-centric | λ=0.379 | LR: 0.000250 | 16.8s
  Fold 2 Epoch 40/150: Train 13.60333 | Val 6.69620 | Corr 0.00421 | Peak 0.00131 | GCC-centric | λ=0.379 | LR: 0.000250 | 18.1s
  Fold 2 Epoch 50/150: Train 13.60333 | Val 6.69620 | Corr 0.00372 | Peak 0.00111 | GCC-centric | λ=0.379 | LR: 0.000250 | 17.0s
  Fold 2 Epoch 60/150: Train 13.60333 | Val 6.69620 | Corr 0.00352 | Peak 0.00120 | GCC-centric | λ=0.379 | LR: 0.000125 | 17.2s
  Fold 2 Epoch 70/150: Train 13.60333 | Val 6.69620 | Corr 0.00313 | Peak 0.00050 | GCC-centric | λ=0.379 | LR: 0.000125 | 16.8s
  Fold 2 Early stopping at Epoch 71 (no improvement for 10 epochs, epoch耗时 16.9s)
  Fold 2 Best Val Loss: 6.696199 (stopped at epoch 71,耗时 1238.1s)
  Fold 3 Epoch 10/150: Train 13.51697 | Val 6.89053 | Corr 0.00793 | Peak 0.00375 | GCC-centric | λ=0.380 | LR: 0.000500 | 17.9s
  Fold 3 Epoch 20/150: Train 13.51229 | Val 6.88805 | Corr 0.00628 | Peak 0.00275 | GCC-centric | λ=0.380 | LR: 0.000500 | 16.9s
  Fold 3 Epoch 30/150: Train 13.51101 | Val 6.88736 | Corr 0.00531 | Peak 0.00237 | GCC-centric | λ=0.380 | LR: 0.000250 | 18.9s
  Fold 3 Epoch 40/150: Train 13.51090 | Val 6.88728 | Corr 0.00392 | Peak 0.00140 | GCC-centric | λ=0.380 | LR: 0.000250 | 16.7s
  Fold 3 Epoch 50/150: Train 13.51090 | Val 6.88728 | Corr 0.00350 | Peak 0.00123 | GCC-centric | λ=0.380 | LR: 0.000250 | 16.6s
  Fold 3 Epoch 60/150: Train 13.51090 | Val 6.88728 | Corr 0.00332 | Peak 0.00100 | GCC-centric | λ=0.380 | LR: 0.000125 | 16.7s
  Fold 3 Epoch 70/150: Train 13.51089 | Val 6.88728 | Corr 0.00281 | Peak 0.00052 | GCC-centric | λ=0.380 | LR: 0.000125 | 16.6s [EARLY STOP]
  Fold 3 Early stopping at Epoch 70 (no improvement for 10 epochs, epoch耗时 16.6s)
  Fold 3 Best Val Loss: 6.887278 (stopped at epoch 70,耗时 1213.8s)

  Average Best Val Loss over 3 fold(s): 6.780116
  Average Stop Epoch: 71.3
  Selected model with Val Loss: 6.696199
  Training Time: 3712.9s (61.9min)

============================================================
Training DAE (CR=16) with 3-Fold Cross-Validation
  Samples: 50000 | Max Epochs: 150 | Batch: 128 | LR: 0.0005
  Early Stopping Patience: 10 | Weight Decay: 0.0001
  Correlation Loss: Adaptive λ ∈ [0.23, 0.53] (center=0.0dB, temp=5.0)
  Peak Loss: Adaptive λ_peak ∈ [~0, 0.25] (SNR-positive sigmoid, center=0.0dB, temp=5.0)
  GCC-Centric Loss: ε_MSE=0.03
  Model Parameters: 1,074,498
============================================================
  Fold 1 Epoch 10/150: Train 13.58374 | Val 6.75807 | Corr 0.00820 | Peak 0.00375 | GCC-centric | λ=0.380 | LR: 0.000500 | 16.8s
  Fold 1 Epoch 20/150: Train 13.58159 | Val 6.75734 | Corr 0.00630 | Peak 0.00262 | GCC-centric | λ=0.380 | LR: 0.000500 | 17.3s
  Fold 1 Epoch 30/150: Train 13.58068 | Val 6.75691 | Corr 0.00520 | Peak 0.00231 | GCC-centric | λ=0.380 | LR: 0.000250 | 16.9s
  Fold 1 Epoch 40/150: Train 13.58060 | Val 6.75687 | Corr 0.00384 | Peak 0.00126 | GCC-centric | λ=0.380 | LR: 0.000250 | 16.6s
  Fold 1 Epoch 50/150: Train 13.58060 | Val 6.75687 | Corr 0.00349 | Peak 0.00108 | GCC-centric | λ=0.380 | LR: 0.000250 | 16.7s
  Fold 1 Early stopping at Epoch 58 (no improvement for 10 epochs, epoch耗时 16.6s)
  Fold 1 Best Val Loss: 6.756870 (stopped at epoch 58,耗时 1007.0s)
  Fold 2 Epoch 10/150: Train 13.60764 | Val 6.69864 | Corr 0.00812 | Peak 0.00377 | GCC-centric | λ=0.379 | LR: 0.000500 | 17.8s
  Fold 2 Epoch 20/150: Train 13.60431 | Val 6.69672 | Corr 0.00617 | Peak 0.00269 | GCC-centric | λ=0.379 | LR: 0.000500 | 16.6s
  Fold 2 Epoch 30/150: Train 13.60343 | Val 6.69629 | Corr 0.00487 | Peak 0.00226 | GCC-centric | λ=0.379 | LR: 0.000250 | 17.6s
  Fold 2 Epoch 40/150: Train 13.60335 | Val 6.69622 | Corr 0.00372 | Peak 0.00125 | GCC-centric | λ=0.379 | LR: 0.000250 | 17.5s
  Fold 2 Epoch 50/150: Train 13.60334 | Val 6.69624 | Corr 0.00371 | Peak 0.00111 | GCC-centric | λ=0.379 | LR: 0.000250 | 17.4s
  Fold 2 Early stopping at Epoch 59 (no improvement for 10 epochs, epoch耗时 18.9s)
  Fold 2 Best Val Loss: 6.696204 (stopped at epoch 59,耗时 1023.7s)
  Fold 3 Epoch 10/150: Train 13.51415 | Val 6.88949 | Corr 0.00815 | Peak 0.00384 | GCC-centric | λ=0.380 | LR: 0.000500 | 17.6s
  Fold 3 Epoch 20/150: Train 13.51199 | Val 6.88779 | Corr 0.00612 | Peak 0.00269 | GCC-centric | λ=0.380 | LR: 0.000500 | 17.0s
  Fold 3 Epoch 30/150: Train 13.51117 | Val 6.88742 | Corr 0.00494 | Peak 0.00223 | GCC-centric | λ=0.380 | LR: 0.000250 | 17.5s
  Fold 3 Epoch 40/150: Train 13.51096 | Val 6.88729 | Corr 0.00383 | Peak 0.00135 | GCC-centric | λ=0.380 | LR: 0.000250 | 16.8s
  Fold 3 Epoch 50/150: Train 13.51090 | Val 6.88728 | Corr 0.00341 | Peak 0.00110 | GCC-centric | λ=0.380 | LR: 0.000250 | 18.2s
  Fold 3 Epoch 60/150: Train 13.51089 | Val 6.88728 | Corr 0.00323 | Peak 0.00097 | GCC-centric | λ=0.380 | LR: 0.000125 | 16.8s [EARLY STOP]
  Fold 3 Early stopping at Epoch 60 (no improvement for 10 epochs, epoch耗时 16.8s)
  Fold 3 Best Val Loss: 6.887276 (stopped at epoch 60,耗时 1036.7s)

  Average Best Val Loss over 3 fold(s): 6.780117
  Average Stop Epoch: 59.0
  Selected model with Val Loss: 6.696204
  Training Time: 3067.5s (51.1min)

========================================
Running Monte Carlo Sweep (GCC method: standard)...
  Monte Carlo random seed set to: 42
[Saved] F:\PythonWorkspace\DAE Data Compression\运行结果\20260623_184731\Fig1_CV_training_curves.svg
--- Generating SNR comparison data for [-10, -3, 3, 10] ---
[Saved] F:\PythonWorkspace\DAE Data Compression\运行结果\20260623_184731\model_cr4.pt
[Saved] F:\PythonWorkspace\DAE Data Compression\运行结果\20260623_184731\model_cr8.pt
[Saved] F:\PythonWorkspace\DAE Data Compression\运行结果\20260623_184731\model_cr16.pt
[Saved] F:\PythonWorkspace\DAE Data Compression\运行结果\20260623_184731\plot_data.pkl
[Saved] F:\PythonWorkspace\DAE Data Compression\运行结果\20260623_184731\Fig3_MonteCarlo_TDOA_RMSE.svg
[Saved] F:\PythonWorkspace\DAE Data Compression\运行结果\20260623_184731\Fig2_SNR_Comparison.svg

============================================================
总运行耗时: 13083.1s (218.1min)
所有图片已保存至: F:\PythonWorkspace\DAE Data Compression\运行结果\20260623_184731
时间戳: 20260623_184731
============================================================

所有图片已显示。关闭图片窗口后程序自动退出。
程序运行完毕。
