[Log] F:\PythonWorkspace\DAE Data Compression\运行结果\20260603_113729\run.log
[SignalSimulator] 固定信道池已生成: 50 条信道 (seed=42)

============================================================
Training DAE (CR=4) with 3-Fold Cross-Validation
  Samples: 40000 | Max Epochs: 150 | Batch: 128 | LR: 0.0005
  Early Stopping Patience: 10 | Weight Decay: 0.0001
  Model Parameters: 3,188,418
============================================================
  Fold 1 Epoch 10/150: Train Loss 1.34846 | Val Loss 1.31684 | LR: 0.000500 | 13.1s
  Fold 1 Epoch 20/150: Train Loss 0.97358 | Val Loss 0.97862 | LR: 0.000250 | 12.5s
  Fold 1 Epoch 30/150: Train Loss 0.84767 | Val Loss 0.90475 | LR: 0.000250 | 12.5s
  Fold 1 Epoch 40/150: Train Loss 0.79619 | Val Loss 0.87805 | LR: 0.000125 | 13.3s
  Fold 1 Epoch 50/150: Train Loss 0.73526 | Val Loss 0.86940 | LR: 0.000125 | 12.6s
  Fold 1 Early stopping at Epoch 58 (no improvement for 10 epochs, epoch耗时 13.1s)
  Fold 1 Best Val Loss: 0.864527 (stopped at epoch 58,耗时 753.0s)
  Fold 2 Epoch 10/150: Train Loss 1.15759 | Val Loss 1.16695 | LR: 0.000500 | 13.0s
  Fold 2 Epoch 20/150: Train Loss 0.92279 | Val Loss 0.96207 | LR: 0.000250 | 12.3s
  Fold 2 Epoch 30/150: Train Loss 0.83325 | Val Loss 0.91806 | LR: 0.000250 | 12.7s
  Fold 2 Epoch 40/150: Train Loss 0.79272 | Val Loss 0.90534 | LR: 0.000125 | 12.9s
  Fold 2 Epoch 50/150: Train Loss 0.73968 | Val Loss 0.90625 | LR: 0.000125 | 12.6s
  Fold 2 Early stopping at Epoch 53 (no improvement for 10 epochs, epoch耗时 12.6s)
  Fold 2 Best Val Loss: 0.899813 (stopped at epoch 53,耗时 681.3s)
  Fold 3 Epoch 10/150: Train Loss 1.11372 | Val Loss 1.12167 | LR: 0.000500 | 14.4s
  Fold 3 Epoch 20/150: Train Loss 0.94362 | Val Loss 0.97297 | LR: 0.000250 | 12.3s
  Fold 3 Epoch 30/150: Train Loss 0.82834 | Val Loss 0.90194 | LR: 0.000250 | 12.3s
  Fold 3 Epoch 40/150: Train Loss 0.75603 | Val Loss 0.86146 | LR: 0.000125 | 12.8s
  Fold 3 Epoch 50/150: Train Loss 0.69238 | Val Loss 0.85193 | LR: 0.000125 | 12.5s
  Fold 3 Early stopping at Epoch 56 (no improvement for 10 epochs, epoch耗时 13.0s)
  Fold 3 Best Val Loss: 0.851238 (stopped at epoch 56,耗时 714.5s)

  Average Best Val Loss over 3 fold(s): 0.871859
  Average Stop Epoch: 55.7
  Selected model with Val Loss: 0.851238
  Training Time: 2148.9s (35.8min)

============================================================
Training DAE (CR=8) with 3-Fold Cross-Validation
  Samples: 40000 | Max Epochs: 150 | Batch: 128 | LR: 0.0005
  Early Stopping Patience: 10 | Weight Decay: 0.0001
  Model Parameters: 1,779,138
============================================================
  Fold 1 Epoch 10/150: Train Loss 1.33896 | Val Loss 1.33360 | LR: 0.000500 | 12.8s
  Fold 1 Epoch 20/150: Train Loss 1.10803 | Val Loss 1.10557 | LR: 0.000250 | 12.5s
  Fold 1 Epoch 30/150: Train Loss 0.95581 | Val Loss 0.99282 | LR: 0.000250 | 12.4s
  Fold 1 Epoch 40/150: Train Loss 0.91256 | Val Loss 0.97793 | LR: 0.000125 | 13.0s
  Fold 1 Epoch 50/150: Train Loss 0.85614 | Val Loss 0.96023 | LR: 0.000125 | 12.4s
  Fold 1 Epoch 60/150: Train Loss 0.81583 | Val Loss 0.94365 | LR: 0.000063 | 12.1s
  Fold 1 Epoch 70/150: Train Loss 0.77785 | Val Loss 0.93816 | LR: 0.000063 | 12.6s
  Fold 1 Epoch 80/150: Train Loss 0.75804 | Val Loss 0.92623 | LR: 0.000031 | 12.5s
  Fold 1 Epoch 90/150: Train Loss 0.73963 | Val Loss 0.92840 | LR: 0.000031 | 12.5s
  Fold 1 Epoch 100/150: Train Loss 0.73003 | Val Loss 0.92142 | LR: 0.000016 | 12.7s
  Fold 1 Early stopping at Epoch 103 (no improvement for 10 epochs, epoch耗时 12.6s)
  Fold 1 Best Val Loss: 0.920817 (stopped at epoch 103,耗时 1313.0s)
  Fold 2 Epoch 10/150: Train Loss 1.05063 | Val Loss 1.07419 | LR: 0.000500 | 12.4s
  Fold 2 Epoch 20/150: Train Loss 0.86776 | Val Loss 0.91790 | LR: 0.000250 | 12.8s
  Fold 2 Epoch 30/150: Train Loss 0.77193 | Val Loss 0.86438 | LR: 0.000250 | 12.6s
  Fold 2 Epoch 40/150: Train Loss 0.73741 | Val Loss 0.85353 | LR: 0.000125 | 12.4s
  Fold 2 Epoch 50/150: Train Loss 0.69493 | Val Loss 0.85050 | LR: 0.000125 | 12.6s
  Fold 2 Early stopping at Epoch 51 (no improvement for 10 epochs, epoch耗时 12.7s)
  Fold 2 Best Val Loss: 0.845802 (stopped at epoch 51,耗时 653.4s)
  Fold 3 Epoch 10/150: Train Loss 1.35307 | Val Loss 1.35142 | LR: 0.000500 | 13.2s
  Fold 3 Epoch 20/150: Train Loss 0.99733 | Val Loss 1.01226 | LR: 0.000250 | 14.2s
  Fold 3 Epoch 30/150: Train Loss 0.87380 | Val Loss 0.92625 | LR: 0.000250 | 12.6s
  Fold 3 Epoch 40/150: Train Loss 0.81985 | Val Loss 0.90030 | LR: 0.000125 | 12.6s
  Fold 3 Epoch 50/150: Train Loss 0.76384 | Val Loss 0.88657 | LR: 0.000125 | 14.2s
  Fold 3 Epoch 60/150: Train Loss 0.73910 | Val Loss 0.88579 | LR: 0.000063 | 12.4s
  Fold 3 Epoch 70/150: Train Loss 0.70953 | Val Loss 0.88615 | LR: 0.000063 | 12.6s
  Fold 3 Early stopping at Epoch 71 (no improvement for 10 epochs, epoch耗时 12.7s)
  Fold 3 Best Val Loss: 0.879106 (stopped at epoch 71,耗时 921.6s)

  Average Best Val Loss over 3 fold(s): 0.881908
  Average Stop Epoch: 75.0
  Selected model with Val Loss: 0.845802
  Training Time: 2888.1s (48.1min)

============================================================
Training DAE (CR=16) with 3-Fold Cross-Validation
  Samples: 40000 | Max Epochs: 150 | Batch: 128 | LR: 0.0005
  Early Stopping Patience: 10 | Weight Decay: 0.0001
  Model Parameters: 1,074,498
============================================================
  Fold 1 Epoch 10/150: Train Loss 1.34769 | Val Loss 1.34240 | LR: 0.000500 | 14.4s
  Fold 1 Epoch 20/150: Train Loss 1.22679 | Val Loss 1.23753 | LR: 0.000250 | 14.6s
  Fold 1 Epoch 30/150: Train Loss 1.14877 | Val Loss 1.16861 | LR: 0.000250 | 14.1s
  Fold 1 Epoch 40/150: Train Loss 1.08648 | Val Loss 1.11526 | LR: 0.000125 | 14.6s
  Fold 1 Epoch 50/150: Train Loss 1.04163 | Val Loss 1.08861 | LR: 0.000125 | 14.4s
  Fold 1 Epoch 60/150: Train Loss 1.02328 | Val Loss 1.07955 | LR: 0.000063 | 15.4s
  Fold 1 Epoch 70/150: Train Loss 0.99806 | Val Loss 1.06731 | LR: 0.000063 | 15.5s
  Fold 1 Epoch 80/150: Train Loss 0.98651 | Val Loss 1.06587 | LR: 0.000031 | 16.2s
  Fold 1 Epoch 90/150: Train Loss 0.97312 | Val Loss 1.06562 | LR: 0.000031 | 15.5s
  Fold 1 Early stopping at Epoch 94 (no improvement for 10 epochs, epoch耗时 15.4s)
  Fold 1 Best Val Loss: 1.062750 (stopped at epoch 94,耗时 1397.0s)
  Fold 2 Epoch 10/150: Train Loss 1.34790 | Val Loss 1.35299 | LR: 0.000500 | 15.2s
  Fold 2 Epoch 20/150: Train Loss 1.20296 | Val Loss 1.22628 | LR: 0.000250 | 15.7s
  Fold 2 Epoch 30/150: Train Loss 1.10195 | Val Loss 1.13847 | LR: 0.000250 | 15.8s
  Fold 2 Epoch 40/150: Train Loss 1.05174 | Val Loss 1.10143 | LR: 0.000125 | 13.8s
  Fold 2 Epoch 50/150: Train Loss 1.00803 | Val Loss 1.08142 | LR: 0.000125 | 14.7s
  Fold 2 Epoch 60/150: Train Loss 0.98995 | Val Loss 1.08070 | LR: 0.000063 | 15.5s
  Fold 2 Epoch 70/150: Train Loss 0.96767 | Val Loss 1.08093 | LR: 0.000063 | 15.0s
  Fold 2 Early stopping at Epoch 71 (no improvement for 10 epochs, epoch耗时 15.5s)
  Fold 2 Best Val Loss: 1.076028 (stopped at epoch 71,耗时 1084.3s)
  Fold 3 Epoch 10/150: Train Loss 1.36165 | Val Loss 1.36218 | LR: 0.000500 | 15.7s
  Fold 3 Epoch 20/150: Train Loss 1.18463 | Val Loss 1.19576 | LR: 0.000250 | 15.9s
  Fold 3 Epoch 30/150: Train Loss 1.11020 | Val Loss 1.14608 | LR: 0.000250 | 15.8s
  Fold 3 Epoch 40/150: Train Loss 1.08129 | Val Loss 1.12546 | LR: 0.000125 | 16.0s
  Fold 3 Epoch 50/150: Train Loss 1.04235 | Val Loss 1.11434 | LR: 0.000125 | 14.6s
  Fold 3 Early stopping at Epoch 58 (no improvement for 10 epochs, epoch耗时 15.3s)
  Fold 3 Best Val Loss: 1.112999 (stopped at epoch 58,耗时 896.5s)

  Average Best Val Loss over 3 fold(s): 1.083926
  Average Stop Epoch: 74.3
  Selected model with Val Loss: 1.062750
  Training Time: 3377.9s (56.3min)

========================================
Running Monte Carlo Sweep (GCC method: standard)...
  Monte Carlo random seed set to: 42
[Saved] F:\PythonWorkspace\DAE Data Compression\运行结果\20260603_113729\Fig1_CV_training_curves.svg
--- Generating SNR comparison data for [-10, 0, 10, 20] ---
[Saved] F:\PythonWorkspace\DAE Data Compression\运行结果\20260603_113729\plot_data.pkl
[Saved] F:\PythonWorkspace\DAE Data Compression\运行结果\20260603_113729\Fig3_MonteCarlo_TDOA_RMSE.svg
[Saved] F:\PythonWorkspace\DAE Data Compression\运行结果\20260603_113729\Fig2_SNR_Comparison.svg

============================================================
总运行耗时: 8531.8s (142.2min)
所有图片已保存至: F:\PythonWorkspace\DAE Data Compression\运行结果\20260603_113729
时间戳: 20260603_113729
============================================================

所有图片已显示。关闭图片窗口后程序自动退出。
程序运行完毕。
