============================================================
DAE Diagnosis: GCC Cross-Correlation Peak Analysis
============================================================
[Diag] 已加载 CR=4 模型: 运行结果/20260605_160032\model_cr4.pt
[Diag] 已加载 CR=8 模型: 运行结果/20260605_160032\model_cr8.pt
[Diag] 已加载 CR=16 模型: 运行结果/20260605_160032\model_cr16.pt
[SignalSimulator] 固定信道池已生成: 50 条信道 (seed=42)

======================================================================
  峰位置误差 (samples)
======================================================================
  SNR |        Raw |       CR=4 |       CR=8 |      CR=16
---------------------------------------------------------
  -10 |       0.00 |       0.00 |       0.00 |       4.00
   -8 |       0.00 |       0.00 |       0.00 |       0.00
   -6 |       0.00 |       0.00 |       0.00 |       0.00
   -4 |       0.00 |       0.00 |       0.00 |       0.00

======================================================================
  半功率宽度 (samples)
======================================================================
  SNR |        Raw |       CR=4 |       CR=8 |      CR=16
---------------------------------------------------------
  -10 |     260.25 |     296.00 |     303.25 |     311.25
   -8 |      69.75 |     219.75 |     182.75 |     296.00
   -6 |       0.50 |       1.00 |       1.00 |       1.00
   -4 |       0.50 |       1.00 |       1.00 |       1.00

======================================================================
  旁瓣/主峰比
======================================================================
  SNR |        Raw |       CR=4 |       CR=8 |      CR=16
---------------------------------------------------------
  -10 |       0.90 |       0.93 |       0.92 |       0.93
   -8 |       0.77 |       0.88 |       0.84 |       0.91
   -6 |       0.54 |       0.60 |       0.59 |       0.68
   -4 |       0.40 |       0.42 |       0.42 |       0.48

======================================================================
  主峰幅度
======================================================================
  SNR |        Raw |       CR=4 |       CR=8 |      CR=16
---------------------------------------------------------
  -10 |    4086.86 |     150.17 |      94.24 |     117.94
   -8 |    3268.36 |     166.48 |     143.94 |     140.38
   -6 |    3186.49 |     305.98 |     270.51 |     223.43
   -4 |    3185.76 |     548.30 |     494.70 |     416.99
[Saved] 运行结果/20260605_160032\Diag_GCC_Peak_Analysis.svg

[Log] 诊断日志已保存至: 运行结果/20260605_160032\diagnosis.log
诊断完成。
