[Log] F:\PythonWorkspace\DAE Data Compression\运行结果\20260605_160032\run.log
[SignalSimulator] 固定信道池已生成: 50 条信道 (seed=42)

============================================================
Training DAE (CR=4) with 3-Fold Cross-Validation
  Samples: 50000 | Max Epochs: 150 | Batch: 128 | LR: 0.0005
  Early Stopping Patience: 10 | Weight Decay: 0.0001
  Model Parameters: 3,188,418
============================================================
  Fold 1 Epoch 10/150: Train Loss 1.15750 | Val Loss 1.11078 | LR: 0.000500 | 19.8s
  Fold 1 Epoch 20/150: Train Loss 0.83455 | Val Loss 0.84182 | LR: 0.000500 | 20.0s
  Fold 1 Epoch 30/150: Train Loss 0.72293 | Val Loss 0.73992 | LR: 0.000250 | 19.4s
  Fold 1 Epoch 40/150: Train Loss 0.65571 | Val Loss 0.70644 | LR: 0.000250 | 18.5s
  Fold 1 Epoch 50/150: Train Loss 0.63715 | Val Loss 0.70012 | LR: 0.000250 | 20.1s
  Fold 1 Epoch 60/150: Train Loss 0.62208 | Val Loss 0.70144 | LR: 0.000125 | 18.5s [EARLY STOP]
  Fold 1 Early stopping at Epoch 60 (no improvement for 10 epochs, epoch耗时 18.5s)
  Fold 1 Best Val Loss: 0.700118 (stopped at epoch 60,耗时 1139.5s)
  Fold 2 Epoch 10/150: Train Loss 0.97132 | Val Loss 0.98126 | LR: 0.000500 | 19.6s
  Fold 2 Epoch 20/150: Train Loss 0.68097 | Val Loss 0.71786 | LR: 0.000500 | 19.7s
  Fold 2 Epoch 30/150: Train Loss 0.61264 | Val Loss 0.67685 | LR: 0.000250 | 19.7s
  Fold 2 Epoch 40/150: Train Loss 0.54915 | Val Loss 0.67808 | LR: 0.000250 | 19.3s
  Fold 2 Early stopping at Epoch 41 (no improvement for 10 epochs, epoch耗时 19.7s)
  Fold 2 Best Val Loss: 0.660964 (stopped at epoch 41,耗时 792.7s)
  Fold 3 Epoch 10/150: Train Loss 0.83075 | Val Loss 0.82243 | LR: 0.000500 | 19.2s
  Fold 3 Epoch 20/150: Train Loss 0.63097 | Val Loss 0.67592 | LR: 0.000500 | 18.7s
  Fold 3 Epoch 30/150: Train Loss 0.58491 | Val Loss 0.65323 | LR: 0.000250 | 20.5s
  Fold 3 Epoch 40/150: Train Loss 0.52570 | Val Loss 0.66091 | LR: 0.000250 | 18.2s
  Fold 3 Early stopping at Epoch 41 (no improvement for 10 epochs, epoch耗时 18.9s)
  Fold 3 Best Val Loss: 0.643138 (stopped at epoch 41,耗时 810.9s)

  Average Best Val Loss over 3 fold(s): 0.668074
  Average Stop Epoch: 47.3
  Selected model with Val Loss: 0.643138
  Training Time: 2743.3s (45.7min)

============================================================
Training DAE (CR=8) with 3-Fold Cross-Validation
  Samples: 50000 | Max Epochs: 150 | Batch: 128 | LR: 0.0005
  Early Stopping Patience: 10 | Weight Decay: 0.0001
  Model Parameters: 1,779,138
============================================================
  Fold 1 Epoch 10/150: Train Loss 1.21588 | Val Loss 1.19664 | LR: 0.000500 | 19.6s
  Fold 1 Epoch 20/150: Train Loss 0.84880 | Val Loss 0.86141 | LR: 0.000500 | 19.7s
  Fold 1 Epoch 30/150: Train Loss 0.74640 | Val Loss 0.77273 | LR: 0.000250 | 19.9s
  Fold 1 Epoch 40/150: Train Loss 0.67541 | Val Loss 0.73617 | LR: 0.000250 | 19.1s
  Fold 1 Epoch 50/150: Train Loss 0.64834 | Val Loss 0.72834 | LR: 0.000250 | 19.8s
  Fold 1 Epoch 60/150: Train Loss 0.62962 | Val Loss 0.72180 | LR: 0.000125 | 19.6s
  Fold 1 Epoch 70/150: Train Loss 0.59131 | Val Loss 0.72992 | LR: 0.000125 | 19.0s
  Fold 1 Early stopping at Epoch 71 (no improvement for 10 epochs, epoch耗时 18.8s)
  Fold 1 Best Val Loss: 0.717450 (stopped at epoch 71,耗时 1384.6s)
  Fold 2 Epoch 10/150: Train Loss 1.17845 | Val Loss 1.17171 | LR: 0.000500 | 19.1s
  Fold 2 Epoch 20/150: Train Loss 0.87404 | Val Loss 0.89921 | LR: 0.000500 | 19.1s
  Fold 2 Epoch 30/150: Train Loss 0.76176 | Val Loss 0.78853 | LR: 0.000250 | 19.2s
  Fold 2 Epoch 40/150: Train Loss 0.68727 | Val Loss 0.74450 | LR: 0.000250 | 19.7s
  Fold 2 Epoch 50/150: Train Loss 0.66462 | Val Loss 0.73149 | LR: 0.000250 | 19.5s
  Fold 2 Epoch 60/150: Train Loss 0.64840 | Val Loss 0.72743 | LR: 0.000125 | 19.5s
  Fold 2 Epoch 70/150: Train Loss 0.61186 | Val Loss 0.72442 | LR: 0.000125 | 18.4s
  Fold 2 Early stopping at Epoch 72 (no improvement for 10 epochs, epoch耗时 19.9s)
  Fold 2 Best Val Loss: 0.718539 (stopped at epoch 72,耗时 1362.3s)
  Fold 3 Epoch 10/150: Train Loss 0.96168 | Val Loss 0.96429 | LR: 0.000500 | 19.9s
  Fold 3 Epoch 20/150: Train Loss 0.69691 | Val Loss 0.71566 | LR: 0.000500 | 20.1s
  Fold 3 Epoch 30/150: Train Loss 0.65103 | Val Loss 0.68321 | LR: 0.000250 | 20.0s
  Fold 3 Epoch 40/150: Train Loss 0.60469 | Val Loss 0.66578 | LR: 0.000250 | 18.6s
  Fold 3 Early stopping at Epoch 41 (no improvement for 10 epochs, epoch耗时 18.8s)
  Fold 3 Best Val Loss: 0.657915 (stopped at epoch 41,耗时 812.7s)

  Average Best Val Loss over 3 fold(s): 0.697968
  Average Stop Epoch: 61.3
  Selected model with Val Loss: 0.657915
  Training Time: 3559.6s (59.3min)

============================================================
Training DAE (CR=16) with 3-Fold Cross-Validation
  Samples: 50000 | Max Epochs: 150 | Batch: 128 | LR: 0.0005
  Early Stopping Patience: 10 | Weight Decay: 0.0001
  Model Parameters: 1,074,498
============================================================
  Fold 1 Epoch 10/150: Train Loss 1.22017 | Val Loss 1.22354 | LR: 0.000500 | 16.7s
  Fold 1 Epoch 20/150: Train Loss 1.09176 | Val Loss 1.09247 | LR: 0.000500 | 16.8s
  Fold 1 Epoch 30/150: Train Loss 1.01161 | Val Loss 1.02278 | LR: 0.000250 | 16.8s
  Fold 1 Epoch 40/150: Train Loss 0.96219 | Val Loss 0.98515 | LR: 0.000250 | 16.8s
  Fold 1 Epoch 50/150: Train Loss 0.93911 | Val Loss 0.97356 | LR: 0.000250 | 16.9s
  Fold 1 Epoch 60/150: Train Loss 0.92588 | Val Loss 0.96422 | LR: 0.000125 | 16.7s
  Fold 1 Epoch 70/150: Train Loss 0.88622 | Val Loss 0.93951 | LR: 0.000125 | 18.6s
  Fold 1 Epoch 80/150: Train Loss 0.87229 | Val Loss 0.93526 | LR: 0.000125 | 20.0s
  Fold 1 Epoch 90/150: Train Loss 0.86221 | Val Loss 0.93108 | LR: 0.000063 | 18.9s
  Fold 1 Epoch 100/150: Train Loss 0.84150 | Val Loss 0.92813 | LR: 0.000063 | 17.5s
  Fold 1 Early stopping at Epoch 103 (no improvement for 10 epochs, epoch耗时 20.0s)
  Fold 1 Best Val Loss: 0.925328 (stopped at epoch 103,耗时 1820.1s)
  Fold 2 Epoch 10/150: Train Loss 1.21953 | Val Loss 1.21888 | LR: 0.000500 | 19.7s
  Fold 2 Epoch 20/150: Train Loss 1.04886 | Val Loss 1.06429 | LR: 0.000500 | 19.5s
  Fold 2 Epoch 30/150: Train Loss 0.98978 | Val Loss 1.00965 | LR: 0.000250 | 19.5s
  Fold 2 Epoch 40/150: Train Loss 0.93535 | Val Loss 0.97305 | LR: 0.000250 | 19.4s
  Fold 2 Epoch 50/150: Train Loss 0.91403 | Val Loss 0.95682 | LR: 0.000250 | 20.0s
  Fold 2 Epoch 60/150: Train Loss 0.89573 | Val Loss 0.94535 | LR: 0.000125 | 19.5s
  Fold 2 Epoch 70/150: Train Loss 0.85570 | Val Loss 0.92840 | LR: 0.000125 | 16.9s
  Fold 2 Epoch 80/150: Train Loss 0.84241 | Val Loss 0.92238 | LR: 0.000125 | 15.6s
  Fold 2 Epoch 90/150: Train Loss 0.83069 | Val Loss 0.91815 | LR: 0.000063 | 15.6s
  Fold 2 Epoch 100/150: Train Loss 0.80772 | Val Loss 0.91531 | LR: 0.000063 | 15.5s
  Fold 2 Early stopping at Epoch 101 (no improvement for 10 epochs, epoch耗时 15.5s)
  Fold 2 Best Val Loss: 0.912405 (stopped at epoch 101,耗时 1806.1s)
  Fold 3 Epoch 10/150: Train Loss 1.18416 | Val Loss 1.17525 | LR: 0.000500 | 15.5s
  Fold 3 Epoch 20/150: Train Loss 0.97978 | Val Loss 0.99242 | LR: 0.000500 | 16.1s
  Fold 3 Epoch 30/150: Train Loss 0.87516 | Val Loss 0.89524 | LR: 0.000250 | 15.5s
  Fold 3 Epoch 40/150: Train Loss 0.81250 | Val Loss 0.84240 | LR: 0.000250 | 16.2s
  Fold 3 Epoch 50/150: Train Loss 0.77216 | Val Loss 0.80399 | LR: 0.000250 | 15.5s
  Fold 3 Epoch 60/150: Train Loss 0.74564 | Val Loss 0.78192 | LR: 0.000125 | 19.0s
  Fold 3 Epoch 70/150: Train Loss 0.71150 | Val Loss 0.76183 | LR: 0.000125 | 15.5s
  Fold 3 Epoch 80/150: Train Loss 0.69756 | Val Loss 0.75789 | LR: 0.000125 | 15.6s
  Fold 3 Epoch 90/150: Train Loss 0.69215 | Val Loss 0.75659 | LR: 0.000063 | 15.5s
  Fold 3 Epoch 100/150: Train Loss 0.67030 | Val Loss 0.75069 | LR: 0.000063 | 15.6s
  Fold 3 Early stopping at Epoch 102 (no improvement for 10 epochs, epoch耗时 15.6s)
  Fold 3 Best Val Loss: 0.748230 (stopped at epoch 102,耗时 1614.4s)

  Average Best Val Loss over 3 fold(s): 0.861987
  Average Stop Epoch: 102.0
  Selected model with Val Loss: 0.748230
  Training Time: 5240.7s (87.3min)

========================================
Running Monte Carlo Sweep (GCC method: standard)...
  Monte Carlo random seed set to: 42
[Saved] F:\PythonWorkspace\DAE Data Compression\运行结果\20260605_160032\Fig1_CV_training_curves.svg
--- Generating SNR comparison data for [-10, -5, 0, 5] ---
[Saved] F:\PythonWorkspace\DAE Data Compression\运行结果\20260605_160032\model_cr4.pt
[Saved] F:\PythonWorkspace\DAE Data Compression\运行结果\20260605_160032\model_cr8.pt
[Saved] F:\PythonWorkspace\DAE Data Compression\运行结果\20260605_160032\model_cr16.pt
[Saved] F:\PythonWorkspace\DAE Data Compression\运行结果\20260605_160032\plot_data.pkl
[Saved] F:\PythonWorkspace\DAE Data Compression\运行结果\20260605_160032\Fig3_MonteCarlo_TDOA_RMSE.svg
[Saved] F:\PythonWorkspace\DAE Data Compression\运行结果\20260605_160032\Fig2_SNR_Comparison.svg

============================================================
总运行耗时: 11705.6s (195.1min)
所有图片已保存至: F:\PythonWorkspace\DAE Data Compression\运行结果\20260605_160032
时间戳: 20260605_160032
============================================================

所有图片已显示。关闭图片窗口后程序自动退出。
程序运行完毕。
