[Log] F:\PythonWorkspace\DAE Data Compression\运行结果\20260606_180309\run.log
[SignalSimulator] 固定信道池已生成: 50 条信道 (seed=42)

============================================================
Training DAE (CR=4) with 3-Fold Cross-Validation
  Samples: 40000 | Max Epochs: 150 | Batch: 128 | LR: 0.0005
  Early Stopping Patience: 10 | Weight Decay: 0.0001
  Model Parameters: 3,188,418
============================================================
  Fold 1 Epoch 10/150: Train Loss 1.92297 | Val Loss 1.91635 | LR: 0.000500 | 12.5s
  Fold 1 Epoch 20/150: Train Loss 1.64158 | Val Loss 1.70492 | LR: 0.000500 | 12.5s
  Fold 1 Epoch 30/150: Train Loss 1.47381 | Val Loss 1.58327 | LR: 0.000250 | 13.0s
  Fold 1 Epoch 40/150: Train Loss 1.32002 | Val Loss 1.52046 | LR: 0.000250 | 12.0s
  Fold 1 Epoch 50/150: Train Loss 1.24526 | Val Loss 1.49715 | LR: 0.000250 | 13.6s
  Fold 1 Early stopping at Epoch 54 (no improvement for 10 epochs, epoch耗时 12.0s)
  Fold 1 Best Val Loss: 1.495184 (stopped at epoch 54,耗时 673.8s)
  Fold 2 Epoch 10/150: Train Loss 1.78718 | Val Loss 1.80901 | LR: 0.000500 | 12.5s
  Fold 2 Epoch 20/150: Train Loss 1.47741 | Val Loss 1.59058 | LR: 0.000500 | 12.1s
  Fold 2 Epoch 30/150: Train Loss 1.35056 | Val Loss 1.52152 | LR: 0.000250 | 12.1s
  Fold 2 Epoch 40/150: Train Loss 1.21913 | Val Loss 1.51432 | LR: 0.000250 | 12.5s
  Fold 2 Early stopping at Epoch 42 (no improvement for 10 epochs, epoch耗时 12.5s)
  Fold 2 Best Val Loss: 1.509911 (stopped at epoch 42,耗时 522.1s)
  Fold 3 Epoch 10/150: Train Loss 1.73662 | Val Loss 1.75296 | LR: 0.000500 | 12.1s
  Fold 3 Epoch 20/150: Train Loss 1.54248 | Val Loss 1.61334 | LR: 0.000500 | 12.0s
  Fold 3 Epoch 30/150: Train Loss 1.38807 | Val Loss 1.52187 | LR: 0.000250 | 12.7s
  Fold 3 Epoch 40/150: Train Loss 1.29239 | Val Loss 1.55608 | LR: 0.000250 | 12.0s
  Fold 3 Early stopping at Epoch 41 (no improvement for 10 epochs, epoch耗时 13.1s)
  Fold 3 Best Val Loss: 1.510891 (stopped at epoch 41,耗时 504.1s)

  Average Best Val Loss over 3 fold(s): 1.505329
  Average Stop Epoch: 45.7
  Selected model with Val Loss: 1.495184
  Training Time: 1700.1s (28.3min)

============================================================
Training DAE (CR=8) with 3-Fold Cross-Validation
  Samples: 40000 | Max Epochs: 150 | Batch: 128 | LR: 0.0005
  Early Stopping Patience: 10 | Weight Decay: 0.0001
  Model Parameters: 1,779,138
============================================================
  Fold 1 Epoch 10/150: Train Loss 1.86453 | Val Loss 1.89252 | LR: 0.000500 | 12.4s
  Fold 1 Epoch 20/150: Train Loss 1.56378 | Val Loss 1.64256 | LR: 0.000500 | 12.0s
  Fold 1 Epoch 30/150: Train Loss 1.39436 | Val Loss 1.54608 | LR: 0.000250 | 12.0s
  Fold 1 Epoch 40/150: Train Loss 1.28343 | Val Loss 1.52888 | LR: 0.000250 | 12.4s
  Fold 1 Early stopping at Epoch 41 (no improvement for 10 epochs, epoch耗时 12.0s)
  Fold 1 Best Val Loss: 1.510006 (stopped at epoch 41,耗时 504.9s)
  Fold 2 Epoch 10/150: Train Loss 1.92712 | Val Loss 1.96115 | LR: 0.000500 | 12.0s
  Fold 2 Epoch 20/150: Train Loss 1.70247 | Val Loss 1.75020 | LR: 0.000500 | 12.2s
  Fold 2 Epoch 30/150: Train Loss 1.55511 | Val Loss 1.64342 | LR: 0.000250 | 12.6s
  Fold 2 Epoch 40/150: Train Loss 1.41106 | Val Loss 1.60421 | LR: 0.000250 | 12.0s
  Fold 2 Epoch 50/150: Train Loss 1.32215 | Val Loss 1.57569 | LR: 0.000250 | 12.1s
  Fold 2 Early stopping at Epoch 57 (no improvement for 10 epochs, epoch耗时 12.1s)
  Fold 2 Best Val Loss: 1.551897 (stopped at epoch 57,耗时 712.6s)
  Fold 3 Epoch 10/150: Train Loss 1.97917 | Val Loss 1.94804 | LR: 0.000500 | 12.3s
  Fold 3 Epoch 20/150: Train Loss 1.61566 | Val Loss 1.64744 | LR: 0.000500 | 12.0s
  Fold 3 Epoch 30/150: Train Loss 1.51673 | Val Loss 1.58774 | LR: 0.000250 | 12.6s
  Fold 3 Epoch 40/150: Train Loss 1.42030 | Val Loss 1.57110 | LR: 0.000250 | 12.0s
  Fold 3 Early stopping at Epoch 46 (no improvement for 10 epochs, epoch耗时 12.1s)
  Fold 3 Best Val Loss: 1.551136 (stopped at epoch 46,耗时 568.9s)

  Average Best Val Loss over 3 fold(s): 1.537680
  Average Stop Epoch: 48.0
  Selected model with Val Loss: 1.510006
  Training Time: 1786.5s (29.8min)

============================================================
Training DAE (CR=16) with 3-Fold Cross-Validation
  Samples: 40000 | Max Epochs: 150 | Batch: 128 | LR: 0.0005
  Early Stopping Patience: 10 | Weight Decay: 0.0001
  Model Parameters: 1,074,498
============================================================
  Fold 1 Epoch 10/150: Train Loss 2.11592 | Val Loss 2.11411 | LR: 0.000500 | 14.1s
  Fold 1 Epoch 20/150: Train Loss 1.91025 | Val Loss 1.93508 | LR: 0.000500 | 12.1s
  Fold 1 Epoch 30/150: Train Loss 1.79408 | Val Loss 1.86692 | LR: 0.000250 | 12.0s
  Fold 1 Epoch 40/150: Train Loss 1.73249 | Val Loss 1.80723 | LR: 0.000250 | 12.5s
  Fold 1 Epoch 50/150: Train Loss 1.70267 | Val Loss 1.79450 | LR: 0.000250 | 12.1s
  Fold 1 Epoch 60/150: Train Loss 1.67673 | Val Loss 1.77333 | LR: 0.000125 | 11.9s
  Fold 1 Epoch 70/150: Train Loss 1.63593 | Val Loss 1.77321 | LR: 0.000125 | 12.4s
  Fold 1 Early stopping at Epoch 73 (no improvement for 10 epochs, epoch耗时 12.0s)
  Fold 1 Best Val Loss: 1.768569 (stopped at epoch 73,耗时 918.0s)
  Fold 2 Epoch 10/150: Train Loss 2.16444 | Val Loss 2.16884 | LR: 0.000500 | 12.0s
  Fold 2 Epoch 20/150: Train Loss 1.86537 | Val Loss 1.89215 | LR: 0.000500 | 13.8s
  Fold 2 Epoch 30/150: Train Loss 1.78318 | Val Loss 1.83371 | LR: 0.000250 | 11.9s
  Fold 2 Epoch 40/150: Train Loss 1.71958 | Val Loss 1.80382 | LR: 0.000250 | 12.6s
  Fold 2 Epoch 50/150: Train Loss 1.69352 | Val Loss 1.79647 | LR: 0.000250 | 13.6s
  Fold 2 Epoch 60/150: Train Loss 1.66998 | Val Loss 1.78740 | LR: 0.000125 | 12.1s
  Fold 2 Epoch 70/150: Train Loss 1.62824 | Val Loss 1.77775 | LR: 0.000125 | 11.9s
  Fold 2 Early stopping at Epoch 75 (no improvement for 10 epochs, epoch耗时 11.9s)
  Fold 2 Best Val Loss: 1.769570 (stopped at epoch 75,耗时 918.0s)
  Fold 3 Epoch 10/150: Train Loss 2.13590 | Val Loss 2.11787 | LR: 0.000500 | 12.5s
  Fold 3 Epoch 20/150: Train Loss 1.88003 | Val Loss 1.88541 | LR: 0.000500 | 12.2s
  Fold 3 Epoch 30/150: Train Loss 1.78951 | Val Loss 1.82211 | LR: 0.000250 | 12.1s
  Fold 3 Epoch 40/150: Train Loss 1.70389 | Val Loss 1.75517 | LR: 0.000250 | 12.6s
  Fold 3 Epoch 50/150: Train Loss 1.66733 | Val Loss 1.72991 | LR: 0.000250 | 12.2s
  Fold 3 Epoch 60/150: Train Loss 1.63790 | Val Loss 1.71175 | LR: 0.000125 | 12.7s
  Fold 3 Epoch 70/150: Train Loss 1.59773 | Val Loss 1.70221 | LR: 0.000125 | 12.1s
  Fold 3 Early stopping at Epoch 71 (no improvement for 10 epochs, epoch耗时 12.1s)
  Fold 3 Best Val Loss: 1.701673 (stopped at epoch 71,耗时 886.9s)

  Average Best Val Loss over 3 fold(s): 1.746604
  Average Stop Epoch: 73.0
  Selected model with Val Loss: 1.701673
  Training Time: 2722.9s (45.4min)

========================================
Running Monte Carlo Sweep (GCC method: standard)...
  Monte Carlo random seed set to: 42
[Saved] F:\PythonWorkspace\DAE Data Compression\运行结果\20260606_180309\Fig1_CV_training_curves.svg
--- Generating SNR comparison data for [-10, -5, 0, 5] ---
[Saved] F:\PythonWorkspace\DAE Data Compression\运行结果\20260606_180309\model_cr4.pt
[Saved] F:\PythonWorkspace\DAE Data Compression\运行结果\20260606_180309\model_cr8.pt
[Saved] F:\PythonWorkspace\DAE Data Compression\运行结果\20260606_180309\model_cr16.pt
[Saved] F:\PythonWorkspace\DAE Data Compression\运行结果\20260606_180309\plot_data.pkl
[Saved] F:\PythonWorkspace\DAE Data Compression\运行结果\20260606_180309\Fig3_MonteCarlo_TDOA_RMSE.svg
[Saved] F:\PythonWorkspace\DAE Data Compression\运行结果\20260606_180309\Fig2_SNR_Comparison.svg

============================================================
总运行耗时: 6341.1s (105.7min)
所有图片已保存至: F:\PythonWorkspace\DAE Data Compression\运行结果\20260606_180309
时间戳: 20260606_180309
============================================================

所有图片已显示。关闭图片窗口后程序自动退出。
