[Log] F:\PythonWorkspace\DAE Data Compression\运行结果\20260608_214907\run.log
[SignalSimulator] 固定信道池已生成: 50 条信道 (seed=42)

============================================================
Training DAE (CR=4) with 3-Fold Cross-Validation
  Samples: 20000 | Max Epochs: 150 | Batch: 128 | LR: 0.0005
  Early Stopping Patience: 10 | Weight Decay: 0.0001
  Correlation Loss: λ=0.1
  Model Parameters: 3,188,418
============================================================
  Fold 1 Epoch 10/150: Train 3.84282 | Val 1.90548 | Corr 0.01528 | LR: 0.000500 | 7.3s
  Fold 1 Epoch 20/150: Train 3.31314 | Val 1.75437 | Corr 0.00782 | LR: 0.000500 | 6.8s
  Fold 1 Epoch 30/150: Train 2.83633 | Val 1.58490 | Corr 0.00437 | LR: 0.000250 | 6.8s
  Fold 1 Epoch 40/150: Train 2.65049 | Val 1.59665 | Corr 0.00304 | LR: 0.000250 | 8.9s
  Fold 1 Early stopping at Epoch 43 (no improvement for 10 epochs, epoch耗时 6.8s)
  Fold 1 Best Val Loss: 1.563881 (stopped at epoch 43,耗时 310.4s)
  Fold 2 Epoch 10/150: Train 3.88438 | Val 1.95020 | Corr 0.01476 | LR: 0.000500 | 6.8s
  Fold 2 Epoch 20/150: Train 3.13190 | Val 1.65791 | Corr 0.00687 | LR: 0.000500 | 6.8s
  Fold 2 Epoch 30/150: Train 2.77004 | Val 1.58174 | Corr 0.00389 | LR: 0.000250 | 6.8s
  Fold 2 Epoch 40/150: Train 2.47814 | Val 1.53224 | Corr 0.00257 | LR: 0.000250 | 7.1s
  Fold 2 Epoch 50/150: Train 2.34385 | Val 1.53690 | Corr 0.00217 | LR: 0.000250 | 6.8s [EARLY STOP]
  Fold 2 Early stopping at Epoch 50 (no improvement for 10 epochs, epoch耗时 6.8s)
  Fold 2 Best Val Loss: 1.532236 (stopped at epoch 50,耗时 347.3s)
  Fold 3 Epoch 10/150: Train 3.97405 | Val 1.96908 | Corr 0.01473 | LR: 0.000500 | 6.8s
  Fold 3 Epoch 20/150: Train 3.06226 | Val 1.65750 | Corr 0.00586 | LR: 0.000500 | 6.8s
  Fold 3 Epoch 30/150: Train 2.55355 | Val 1.51786 | Corr 0.00348 | LR: 0.000250 | 6.8s
  Fold 3 Epoch 40/150: Train 2.29194 | Val 1.53978 | Corr 0.00240 | LR: 0.000250 | 7.1s
  Fold 3 Early stopping at Epoch 42 (no improvement for 10 epochs, epoch耗时 7.0s)
  Fold 3 Best Val Loss: 1.496008 (stopped at epoch 42,耗时 292.4s)

  Average Best Val Loss over 3 fold(s): 1.530708
  Average Stop Epoch: 45.0
  Selected model with Val Loss: 1.496008
  Training Time: 950.2s (15.8min)

============================================================
Training DAE (CR=8) with 3-Fold Cross-Validation
  Samples: 20000 | Max Epochs: 150 | Batch: 128 | LR: 0.0005
  Early Stopping Patience: 10 | Weight Decay: 0.0001
  Correlation Loss: λ=0.1
  Model Parameters: 1,779,138
============================================================
  Fold 1 Epoch 10/150: Train 4.06839 | Val 2.01958 | Corr 0.01801 | LR: 0.000500 | 6.8s
  Fold 1 Epoch 20/150: Train 3.39910 | Val 1.75279 | Corr 0.00952 | LR: 0.000500 | 6.9s
  Fold 1 Epoch 30/150: Train 3.06726 | Val 1.60220 | Corr 0.00647 | LR: 0.000250 | 6.8s
  Fold 1 Epoch 40/150: Train 2.84233 | Val 1.54525 | Corr 0.00469 | LR: 0.000250 | 7.9s
  Fold 1 Epoch 50/150: Train 2.77244 | Val 1.55757 | Corr 0.00398 | LR: 0.000250 | 7.1s [EARLY STOP]
  Fold 1 Early stopping at Epoch 50 (no improvement for 10 epochs, epoch耗时 7.1s)
  Fold 1 Best Val Loss: 1.545248 (stopped at epoch 50,耗时 353.1s)
  Fold 2 Epoch 10/150: Train 3.92863 | Val 1.97475 | Corr 0.01594 | LR: 0.000500 | 6.9s
  Fold 2 Epoch 20/150: Train 3.47134 | Val 1.77322 | Corr 0.01068 | LR: 0.000500 | 6.9s
  Fold 2 Epoch 30/150: Train 3.32211 | Val 1.71605 | Corr 0.00830 | LR: 0.000250 | 6.8s
  Fold 2 Epoch 40/150: Train 3.08498 | Val 1.64633 | Corr 0.00601 | LR: 0.000250 | 7.2s
  Fold 2 Epoch 50/150: Train 2.90059 | Val 1.58339 | Corr 0.00493 | LR: 0.000250 | 7.1s
  Fold 2 Epoch 60/150: Train 2.79378 | Val 1.58102 | Corr 0.00410 | LR: 0.000125 | 6.8s
  Fold 2 Early stopping at Epoch 69 (no improvement for 10 epochs, epoch耗时 6.8s)
  Fold 2 Best Val Loss: 1.568235 (stopped at epoch 69,耗时 479.8s)
  Fold 3 Epoch 10/150: Train 4.34577 | Val 2.19523 | Corr 0.02305 | LR: 0.000500 | 6.8s
  Fold 3 Epoch 20/150: Train 3.66325 | Val 1.88331 | Corr 0.01234 | LR: 0.000500 | 6.8s
  Fold 3 Epoch 30/150: Train 3.25015 | Val 1.70055 | Corr 0.00857 | LR: 0.000250 | 7.0s
  Fold 3 Epoch 40/150: Train 3.02531 | Val 1.62277 | Corr 0.00608 | LR: 0.000250 | 7.5s
  Fold 3 Epoch 50/150: Train 2.89641 | Val 1.60237 | Corr 0.00491 | LR: 0.000250 | 6.8s
  Fold 3 Epoch 60/150: Train 2.76695 | Val 1.57383 | Corr 0.00415 | LR: 0.000125 | 6.8s
  Fold 3 Epoch 70/150: Train 2.67838 | Val 1.56654 | Corr 0.00356 | LR: 0.000125 | 6.8s
  Fold 3 Early stopping at Epoch 71 (no improvement for 10 epochs, epoch耗时 6.9s)
  Fold 3 Best Val Loss: 1.553034 (stopped at epoch 71,耗时 493.3s)

  Average Best Val Loss over 3 fold(s): 1.555506
  Average Stop Epoch: 63.3
  Selected model with Val Loss: 1.545248
  Training Time: 1326.2s (22.1min)

============================================================
Training DAE (CR=16) with 3-Fold Cross-Validation
  Samples: 20000 | Max Epochs: 150 | Batch: 128 | LR: 0.0005
  Early Stopping Patience: 10 | Weight Decay: 0.0001
  Correlation Loss: λ=0.1
  Model Parameters: 1,074,498
============================================================
  Fold 1 Epoch 10/150: Train 4.38809 | Val 2.21162 | Corr 0.02449 | LR: 0.000500 | 7.0s
  Fold 1 Epoch 20/150: Train 4.18800 | Val 2.11763 | Corr 0.02198 | LR: 0.000500 | 6.9s
  Fold 1 Epoch 30/150: Train 3.88305 | Val 1.97427 | Corr 0.01673 | LR: 0.000250 | 6.8s
  Fold 1 Epoch 40/150: Train 3.71877 | Val 1.90181 | Corr 0.01375 | LR: 0.000250 | 6.8s
  Fold 1 Epoch 50/150: Train 3.64457 | Val 1.87765 | Corr 0.01269 | LR: 0.000250 | 6.9s
  Fold 1 Epoch 60/150: Train 3.59384 | Val 1.85794 | Corr 0.01188 | LR: 0.000125 | 7.0s
  Fold 1 Epoch 70/150: Train 3.54121 | Val 1.84349 | Corr 0.01083 | LR: 0.000125 | 6.9s
  Fold 1 Epoch 80/150: Train 3.51876 | Val 1.84017 | Corr 0.01038 | LR: 0.000125 | 6.9s
  Fold 1 Epoch 90/150: Train 3.49662 | Val 1.83805 | Corr 0.01001 | LR: 0.000063 | 6.9s
  Fold 1 Epoch 100/150: Train 3.46795 | Val 1.83404 | Corr 0.00948 | LR: 0.000063 | 6.8s
  Fold 1 Epoch 110/150: Train 3.45542 | Val 1.83842 | Corr 0.00925 | LR: 0.000063 | 7.0s
  Fold 1 Early stopping at Epoch 114 (no improvement for 10 epochs, epoch耗时 7.1s)
  Fold 1 Best Val Loss: 1.832608 (stopped at epoch 114,耗时 793.9s)
  Fold 2 Epoch 10/150: Train 4.43100 | Val 2.21954 | Corr 0.02659 | LR: 0.000500 | 6.9s
  Fold 2 Epoch 20/150: Train 4.08415 | Val 2.06535 | Corr 0.02047 | LR: 0.000500 | 6.9s
  Fold 2 Epoch 30/150: Train 3.96264 | Val 2.00058 | Corr 0.01809 | LR: 0.000250 | 6.9s
  Fold 2 Epoch 40/150: Train 3.86152 | Val 1.96306 | Corr 0.01590 | LR: 0.000250 | 6.8s
  Fold 2 Epoch 50/150: Train 3.79725 | Val 1.93465 | Corr 0.01468 | LR: 0.000250 | 7.0s
  Fold 2 Epoch 60/150: Train 3.71672 | Val 1.90586 | Corr 0.01336 | LR: 0.000125 | 6.9s
  Fold 2 Epoch 70/150: Train 3.65626 | Val 1.88277 | Corr 0.01244 | LR: 0.000125 | 6.9s
  Fold 2 Epoch 80/150: Train 3.62244 | Val 1.87540 | Corr 0.01191 | LR: 0.000125 | 6.8s
  Fold 2 Epoch 90/150: Train 3.59675 | Val 1.86688 | Corr 0.01152 | LR: 0.000063 | 6.9s
  Fold 2 Epoch 100/150: Train 3.56641 | Val 1.85804 | Corr 0.01089 | LR: 0.000063 | 7.0s
  Fold 2 Epoch 110/150: Train 3.55391 | Val 1.86050 | Corr 0.01066 | LR: 0.000063 | 7.1s
  Fold 2 Epoch 120/150: Train 3.54262 | Val 1.85761 | Corr 0.01046 | LR: 0.000031 | 6.9s
  Fold 2 Epoch 130/150: Train 3.52854 | Val 1.85928 | Corr 0.01021 | LR: 0.000031 | 6.9s
  Fold 2 Epoch 140/150: Train 3.52209 | Val 1.85634 | Corr 0.01006 | LR: 0.000031 | 6.8s
  Fold 2 Early stopping at Epoch 141 (no improvement for 10 epochs, epoch耗时 6.8s)
  Fold 2 Best Val Loss: 1.854154 (stopped at epoch 141,耗时 978.3s)
  Fold 3 Epoch 10/150: Train 4.38880 | Val 2.21006 | Corr 0.02460 | LR: 0.000500 | 7.0s
  Fold 3 Epoch 20/150: Train 4.11921 | Val 2.07534 | Corr 0.02102 | LR: 0.000500 | 7.1s
  Fold 3 Epoch 30/150: Train 3.78877 | Val 1.93110 | Corr 0.01533 | LR: 0.000250 | 6.9s
  Fold 3 Epoch 40/150: Train 3.67781 | Val 1.88623 | Corr 0.01307 | LR: 0.000250 | 6.9s
  Fold 3 Epoch 50/150: Train 3.63824 | Val 1.88071 | Corr 0.01221 | LR: 0.000250 | 6.9s
  Fold 3 Epoch 60/150: Train 3.60857 | Val 1.87038 | Corr 0.01158 | LR: 0.000125 | 7.7s
  Fold 3 Epoch 70/150: Train 3.56369 | Val 1.86426 | Corr 0.01060 | LR: 0.000125 | 6.9s
  Fold 3 Epoch 80/150: Train 3.54067 | Val 1.85579 | Corr 0.01015 | LR: 0.000125 | 6.9s
  Fold 3 Epoch 90/150: Train 3.51941 | Val 1.86322 | Corr 0.00981 | LR: 0.000063 | 6.8s
  Fold 3 Epoch 100/150: Train 3.48719 | Val 1.85009 | Corr 0.00925 | LR: 0.000063 | 6.8s
  Fold 3 Epoch 110/150: Train 3.47176 | Val 1.84129 | Corr 0.00902 | LR: 0.000063 | 7.9s
  Fold 3 Epoch 120/150: Train 3.45646 | Val 1.84254 | Corr 0.00875 | LR: 0.000031 | 7.1s
  Fold 3 Early stopping at Epoch 127 (no improvement for 10 epochs, epoch耗时 7.1s)
  Fold 3 Best Val Loss: 1.840716 (stopped at epoch 127,耗时 887.0s)

  Average Best Val Loss over 3 fold(s): 1.842493
  Average Stop Epoch: 127.3
  Selected model with Val Loss: 1.832608
  Training Time: 2659.2s (44.3min)

========================================
Running Monte Carlo Sweep (GCC method: standard)...
  Monte Carlo random seed set to: 42
[Saved] F:\PythonWorkspace\DAE Data Compression\运行结果\20260608_214907\Fig1_CV_training_curves.svg
--- Generating SNR comparison data for [-10, -5, 0, 5] ---
[Saved] F:\PythonWorkspace\DAE Data Compression\运行结果\20260608_214907\model_cr4.pt
[Saved] F:\PythonWorkspace\DAE Data Compression\运行结果\20260608_214907\model_cr8.pt
[Saved] F:\PythonWorkspace\DAE Data Compression\运行结果\20260608_214907\model_cr16.pt
[Saved] F:\PythonWorkspace\DAE Data Compression\运行结果\20260608_214907\plot_data.pkl
[Saved] F:\PythonWorkspace\DAE Data Compression\运行结果\20260608_214907\Fig3_MonteCarlo_TDOA_RMSE.svg
[Saved] F:\PythonWorkspace\DAE Data Compression\运行结果\20260608_214907\Fig2_SNR_Comparison.svg

============================================================
总运行耗时: 5020.0s (83.7min)
所有图片已保存至: F:\PythonWorkspace\DAE Data Compression\运行结果\20260608_214907
时间戳: 20260608_214907
============================================================

所有图片已显示。关闭图片窗口后程序自动退出。
程序运行完毕。
