[Log] F:\PythonWorkspace\DAE Data Compression\运行结果\20260617_143216\run.log
[SignalSimulator] 固定信道池已生成: 50 条信道 (seed=42)

============================================================
Training DAE (CR=4) with 3-Fold Cross-Validation
  Samples: 50000 | Max Epochs: 150 | Batch: 128 | LR: 0.0005
  Early Stopping Patience: 10 | Weight Decay: 0.0001
  Correlation Loss: Adaptive λ ∈ [0.23, 0.53] (center=0.0dB, temp=5.0)
  Peak Loss: Adaptive λ_peak ∈ [~0, 0.25] (SNR-positive sigmoid, center=0.0dB, temp=5.0)
  Fisher Loss: β_fi=0.1
  Model Parameters: 3,188,418
============================================================
  Fold 1 Epoch 10/150: Train 5.92702 | Val 2.98124 | Corr 0.02122 | Peak 0.01790 | FI 0.40793 | λ=0.380 | LR: 0.000500 | 18.3s
  Fold 1 Epoch 20/150: Train 4.76044 | Val 2.55378 | Corr 0.01452 | Peak 0.01361 | FI 0.26553 | λ=0.380 | LR: 0.000500 | 17.9s
  Fold 1 Epoch 30/150: Train 4.26311 | Val 2.44550 | Corr 0.01221 | Peak 0.01224 | FI 0.19719 | λ=0.380 | LR: 0.000250 | 18.4s
  Fold 1 Epoch 40/150: Train 3.88716 | Val 2.30110 | Corr 0.01064 | Peak 0.01152 | FI 0.14714 | λ=0.380 | LR: 0.000250 | 17.8s
  Fold 1 Epoch 50/150: Train 3.76277 | Val 2.30873 | Corr 0.01005 | Peak 0.01141 | FI 0.13739 | λ=0.380 | LR: 0.000250 | 18.4s
  Fold 1 Epoch 60/150: Train 3.69419 | Val 2.30011 | Corr 0.00969 | Peak 0.01136 | FI 0.13193 | λ=0.380 | LR: 0.000125 | 17.8s
  Fold 1 Early stopping at Epoch 61 (no improvement for 10 epochs, epoch耗时 17.9s)
  Fold 1 Best Val Loss: 2.291515 (stopped at epoch 61,耗时 1104.9s)
  Fold 2 Epoch 10/150: Train 5.32522 | Val 2.73525 | Corr 0.01758 | Peak 0.01318 | FI 0.20535 | λ=0.379 | LR: 0.000500 | 18.7s
  Fold 2 Epoch 20/150: Train 4.35503 | Val 2.38280 | Corr 0.01288 | Peak 0.01162 | FI 0.13364 | λ=0.379 | LR: 0.000500 | 18.0s
  Fold 2 Epoch 30/150: Train 4.02944 | Val 2.31037 | Corr 0.01177 | Peak 0.01138 | FI 0.10749 | λ=0.379 | LR: 0.000250 | 18.1s
  Fold 2 Epoch 40/150: Train 3.77389 | Val 2.25449 | Corr 0.01053 | Peak 0.01109 | FI 0.09974 | λ=0.379 | LR: 0.000250 | 18.0s
  Fold 2 Early stopping at Epoch 43 (no improvement for 10 epochs, epoch耗时 17.9s)
  Fold 2 Best Val Loss: 2.251697 (stopped at epoch 43,耗时 781.4s)
  Fold 3 Epoch 10/150: Train 5.31309 | Val 2.68310 | Corr 0.01734 | Peak 0.01307 | FI 0.21571 | λ=0.380 | LR: 0.000500 | 17.8s
  Fold 3 Epoch 20/150: Train 4.22961 | Val 2.36246 | Corr 0.01221 | Peak 0.01140 | FI 0.13166 | λ=0.380 | LR: 0.000500 | 17.9s
  Fold 3 Epoch 30/150: Train 3.94378 | Val 2.33151 | Corr 0.01106 | Peak 0.01119 | FI 0.11341 | λ=0.380 | LR: 0.000250 | 17.8s
  Fold 3 Epoch 40/150: Train 3.67950 | Val 2.25009 | Corr 0.00988 | Peak 0.01072 | FI 0.09768 | λ=0.380 | LR: 0.000250 | 17.7s
  Fold 3 Epoch 50/150: Train 3.58579 | Val 2.23729 | Corr 0.00949 | Peak 0.01061 | FI 0.09178 | λ=0.380 | LR: 0.000250 | 18.0s
  Fold 3 Early stopping at Epoch 52 (no improvement for 10 epochs, epoch耗时 18.0s)
  Fold 3 Best Val Loss: 2.226165 (stopped at epoch 52,耗时 945.1s)

  Average Best Val Loss over 3 fold(s): 2.256459
  Average Stop Epoch: 52.0
  Selected model with Val Loss: 2.226165
  Training Time: 2831.5s (47.2min)

============================================================
Training DAE (CR=8) with 3-Fold Cross-Validation
  Samples: 50000 | Max Epochs: 150 | Batch: 128 | LR: 0.0005
  Early Stopping Patience: 10 | Weight Decay: 0.0001
  Correlation Loss: Adaptive λ ∈ [0.23, 0.53] (center=0.0dB, temp=5.0)
  Peak Loss: Adaptive λ_peak ∈ [~0, 0.25] (SNR-positive sigmoid, center=0.0dB, temp=5.0)
  Fisher Loss: β_fi=0.1
  Model Parameters: 1,779,138
============================================================
  Fold 1 Epoch 10/150: Train 6.01988 | Val 3.05518 | Corr 0.02397 | Peak 0.01603 | FI 0.23090 | λ=0.380 | LR: 0.000500 | 18.2s
  Fold 1 Epoch 20/150: Train 5.40349 | Val 2.83674 | Corr 0.01957 | Peak 0.01344 | FI 0.20925 | λ=0.380 | LR: 0.000500 | 18.0s
  Fold 1 Epoch 30/150: Train 5.19336 | Val 2.77568 | Corr 0.01868 | Peak 0.01344 | FI 0.20481 | λ=0.380 | LR: 0.000250 | 18.3s
  Fold 1 Epoch 40/150: Train 4.99196 | Val 2.74421 | Corr 0.01742 | Peak 0.01299 | FI 0.19844 | λ=0.380 | LR: 0.000250 | 18.5s
  Fold 1 Epoch 50/150: Train 4.92356 | Val 2.74606 | Corr 0.01721 | Peak 0.01283 | FI 0.19270 | λ=0.380 | LR: 0.000250 | 18.4s
  Fold 1 Early stopping at Epoch 51 (no improvement for 10 epochs, epoch耗时 17.8s)
  Fold 1 Best Val Loss: 2.739829 (stopped at epoch 51,耗时 922.4s)
  Fold 2 Epoch 10/150: Train 6.24932 | Val 3.16708 | Corr 0.02470 | Peak 0.01812 | FI 0.38175 | λ=0.379 | LR: 0.000500 | 19.0s
  Fold 2 Epoch 20/150: Train 5.27963 | Val 2.77693 | Corr 0.01850 | Peak 0.01382 | FI 0.23384 | λ=0.379 | LR: 0.000500 | 18.4s
  Fold 2 Epoch 30/150: Train 5.05115 | Val 2.70731 | Corr 0.01756 | Peak 0.01370 | FI 0.22514 | λ=0.379 | LR: 0.000250 | 17.5s
  Fold 2 Epoch 40/150: Train 4.86179 | Val 2.69686 | Corr 0.01647 | Peak 0.01316 | FI 0.22001 | λ=0.379 | LR: 0.000250 | 19.5s
  Fold 2 Early stopping at Epoch 41 (no improvement for 10 epochs, epoch耗时 18.1s)
  Fold 2 Best Val Loss: 2.682796 (stopped at epoch 41,耗时 749.7s)
  Fold 3 Epoch 10/150: Train 6.48855 | Val 3.25600 | Corr 0.02734 | Peak 0.02040 | FI 0.33220 | λ=0.380 | LR: 0.000500 | 17.8s
  Fold 3 Epoch 20/150: Train 5.73322 | Val 2.93412 | Corr 0.02208 | Peak 0.01523 | FI 0.25281 | λ=0.380 | LR: 0.000500 | 20.5s
  Fold 3 Epoch 30/150: Train 5.18220 | Val 2.74508 | Corr 0.01827 | Peak 0.01324 | FI 0.19186 | λ=0.380 | LR: 0.000250 | 22.1s
  Fold 3 Epoch 40/150: Train 4.95301 | Val 2.70920 | Corr 0.01686 | Peak 0.01258 | FI 0.18118 | λ=0.380 | LR: 0.000250 | 22.0s
  Fold 3 Epoch 50/150: Train 4.86339 | Val 2.68649 | Corr 0.01656 | Peak 0.01253 | FI 0.17311 | λ=0.380 | LR: 0.000250 | 21.6s
  Fold 3 Epoch 60/150: Train 4.79573 | Val 2.70248 | Corr 0.01629 | Peak 0.01241 | FI 0.16720 | λ=0.380 | LR: 0.000125 | 21.6s [EARLY STOP]
  Fold 3 Early stopping at Epoch 60 (no improvement for 10 epochs, epoch耗时 21.6s)
  Fold 3 Best Val Loss: 2.686488 (stopped at epoch 60,耗时 1213.2s)

  Average Best Val Loss over 3 fold(s): 2.703038
  Average Stop Epoch: 50.7
  Selected model with Val Loss: 2.682796
  Training Time: 2885.4s (48.1min)

============================================================
Training DAE (CR=16) with 3-Fold Cross-Validation
  Samples: 50000 | Max Epochs: 150 | Batch: 128 | LR: 0.0005
  Early Stopping Patience: 10 | Weight Decay: 0.0001
  Correlation Loss: Adaptive λ ∈ [0.23, 0.53] (center=0.0dB, temp=5.0)
  Peak Loss: Adaptive λ_peak ∈ [~0, 0.25] (SNR-positive sigmoid, center=0.0dB, temp=5.0)
  Fisher Loss: β_fi=0.1
  Model Parameters: 1,074,498
============================================================
  Fold 1 Epoch 10/150: Train 6.76791 | Val 3.40185 | Corr 0.03047 | Peak 0.02279 | FI 0.36982 | λ=0.380 | LR: 0.000500 | 22.5s
  Fold 1 Epoch 20/150: Train 6.40874 | Val 3.25025 | Corr 0.02777 | Peak 0.02022 | FI 0.37479 | λ=0.380 | LR: 0.000500 | 21.9s
  Fold 1 Epoch 30/150: Train 6.24023 | Val 3.18796 | Corr 0.02654 | Peak 0.01978 | FI 0.38066 | λ=0.380 | LR: 0.000250 | 23.0s
  Fold 1 Epoch 40/150: Train 6.10354 | Val 3.16536 | Corr 0.02526 | Peak 0.01872 | FI 0.38145 | λ=0.380 | LR: 0.000250 | 22.4s
  Fold 1 Epoch 50/150: Train 6.05780 | Val 3.16626 | Corr 0.02513 | Peak 0.01864 | FI 0.38291 | λ=0.380 | LR: 0.000250 | 22.8s
  Fold 1 Epoch 60/150: Train 6.01755 | Val 3.16632 | Corr 0.02487 | Peak 0.01863 | FI 0.38278 | λ=0.380 | LR: 0.000125 | 21.5s
  Fold 1 Epoch 70/150: Train 5.93998 | Val 3.15391 | Corr 0.02421 | Peak 0.01797 | FI 0.38241 | λ=0.380 | LR: 0.000125 | 22.5s
  Fold 1 Early stopping at Epoch 72 (no improvement for 10 epochs, epoch耗时 22.4s)
  Fold 1 Best Val Loss: 3.150394 (stopped at epoch 72,耗时 1602.2s)
  Fold 2 Epoch 10/150: Train 6.83785 | Val 3.43145 | Corr 0.02945 | Peak 0.02257 | FI 0.36624 | λ=0.379 | LR: 0.000500 | 22.6s
  Fold 2 Epoch 20/150: Train 6.52922 | Val 3.31701 | Corr 0.02820 | Peak 0.02062 | FI 0.38994 | λ=0.379 | LR: 0.000500 | 22.7s
  Fold 2 Epoch 30/150: Train 6.38122 | Val 3.28032 | Corr 0.02833 | Peak 0.01945 | FI 0.35886 | λ=0.379 | LR: 0.000250 | 23.0s
  Fold 2 Epoch 40/150: Train 6.16424 | Val 3.19705 | Corr 0.02684 | Peak 0.01742 | FI 0.29743 | λ=0.379 | LR: 0.000250 | 22.7s
  Fold 2 Epoch 50/150: Train 6.04053 | Val 3.16024 | Corr 0.02586 | Peak 0.01711 | FI 0.28491 | λ=0.379 | LR: 0.000250 | 23.1s
  Fold 2 Epoch 60/150: Train 5.95221 | Val 3.14773 | Corr 0.02532 | Peak 0.01673 | FI 0.27775 | λ=0.379 | LR: 0.000125 | 23.1s
  Fold 2 Epoch 70/150: Train 5.84922 | Val 3.13020 | Corr 0.02437 | Peak 0.01622 | FI 0.27488 | λ=0.379 | LR: 0.000125 | 22.9s
  Fold 2 Early stopping at Epoch 76 (no improvement for 10 epochs, epoch耗时 22.5s)
  Fold 2 Best Val Loss: 3.125989 (stopped at epoch 76,耗时 1728.8s)
  Fold 3 Epoch 10/150: Train 6.78799 | Val 3.42057 | Corr 0.03217 | Peak 0.02230 | FI 0.34252 | λ=0.380 | LR: 0.000500 | 23.1s
  Fold 3 Epoch 20/150: Train 6.37082 | Val 3.27099 | Corr 0.02938 | Peak 0.01979 | FI 0.30008 | λ=0.380 | LR: 0.000500 | 22.7s
  Fold 3 Epoch 30/150: Train 6.22915 | Val 3.21576 | Corr 0.02833 | Peak 0.01917 | FI 0.30016 | λ=0.380 | LR: 0.000250 | 22.2s
  Fold 3 Epoch 40/150: Train 6.07626 | Val 3.19560 | Corr 0.02683 | Peak 0.01797 | FI 0.30026 | λ=0.380 | LR: 0.000250 | 22.7s
  Fold 3 Epoch 50/150: Train 6.02548 | Val 3.19801 | Corr 0.02647 | Peak 0.01766 | FI 0.29915 | λ=0.380 | LR: 0.000250 | 22.5s
  Fold 3 Early stopping at Epoch 51 (no improvement for 10 epochs, epoch耗时 22.8s)
  Fold 3 Best Val Loss: 3.187388 (stopped at epoch 51,耗时 1164.6s)

  Average Best Val Loss over 3 fold(s): 3.154590
  Average Stop Epoch: 66.3
  Selected model with Val Loss: 3.125989
  Training Time: 4495.6s (74.9min)

========================================
Running Monte Carlo Sweep (GCC method: standard)...
  Monte Carlo random seed set to: 42
[Saved] F:\PythonWorkspace\DAE Data Compression\运行结果\20260617_143216\Fig1_CV_training_curves.svg
--- Generating SNR comparison data for [-10, -3, 3, 10] ---
[Saved] F:\PythonWorkspace\DAE Data Compression\运行结果\20260617_143216\model_cr4.pt
[Saved] F:\PythonWorkspace\DAE Data Compression\运行结果\20260617_143216\model_cr8.pt
[Saved] F:\PythonWorkspace\DAE Data Compression\运行结果\20260617_143216\model_cr16.pt
[Saved] F:\PythonWorkspace\DAE Data Compression\运行结果\20260617_143216\plot_data.pkl
[Saved] F:\PythonWorkspace\DAE Data Compression\运行结果\20260617_143216\Fig3_MonteCarlo_TDOA_RMSE.svg
[Saved] F:\PythonWorkspace\DAE Data Compression\运行结果\20260617_143216\Fig2_SNR_Comparison.svg

============================================================
总运行耗时: 10379.9s (173.0min)
所有图片已保存至: F:\PythonWorkspace\DAE Data Compression\运行结果\20260617_143216
时间戳: 20260617_143216
============================================================

所有图片已显示。关闭图片窗口后程序自动退出。
程序运行完毕。
