[Log] F:\PythonWorkspace\DAE Data Compression\运行结果\20260613_164531\run.log
[SignalSimulator] 固定信道池已生成: 50 条信道 (seed=42)

============================================================
Training DAE (CR=4) with 3-Fold Cross-Validation
  Samples: 50000 | Max Epochs: 150 | Batch: 128 | LR: 0.0005
  Early Stopping Patience: 10 | Weight Decay: 0.0001
  Correlation Loss: Adaptive λ (threshold=0.0dB, temp=5.0)
  Peak Loss: λ_peak=0.5
  Model Parameters: 3,188,418
============================================================
  Fold 1 Epoch 10/150: Train 5.67802 | Val 2.80277 | Corr 0.01736 | Peak 0.10298 | λ=0.352 | LR: 0.000500 | 18.2s
  Fold 1 Epoch 20/150: Train 3.77768 | Val 2.02221 | Corr 0.00915 | Peak 0.06379 | λ=0.352 | LR: 0.000500 | 18.4s
  Fold 1 Epoch 30/150: Train 3.17343 | Val 1.76173 | Corr 0.00750 | Peak 0.05794 | λ=0.352 | LR: 0.000250 | 19.4s
  Fold 1 Epoch 40/150: Train 2.88987 | Val 1.68671 | Corr 0.00653 | Peak 0.05397 | λ=0.352 | LR: 0.000250 | 18.3s
  Fold 1 Epoch 50/150: Train 2.79086 | Val 1.67928 | Corr 0.00620 | Peak 0.05360 | λ=0.352 | LR: 0.000250 | 18.1s
  Fold 1 Epoch 60/150: Train 2.71597 | Val 1.67108 | Corr 0.00594 | Peak 0.05271 | λ=0.352 | LR: 0.000125 | 18.4s
  Fold 1 Epoch 70/150: Train 2.60188 | Val 1.65260 | Corr 0.00554 | Peak 0.05150 | λ=0.352 | LR: 0.000125 | 18.4s
  Fold 1 Early stopping at Epoch 72 (no improvement for 10 epochs, epoch耗时 18.4s)
  Fold 1 Best Val Loss: 1.644535 (stopped at epoch 72,耗时 1343.3s)
  Fold 2 Epoch 10/150: Train 5.38307 | Val 2.69997 | Corr 0.01521 | Peak 0.09617 | λ=0.349 | LR: 0.000500 | 20.4s
  Fold 2 Epoch 20/150: Train 3.84605 | Val 2.05658 | Corr 0.00888 | Peak 0.06375 | λ=0.349 | LR: 0.000500 | 19.0s
  Fold 2 Epoch 30/150: Train 3.18519 | Val 1.81818 | Corr 0.00705 | Peak 0.05813 | λ=0.349 | LR: 0.000250 | 18.6s
  Fold 2 Epoch 40/150: Train 2.90560 | Val 1.73956 | Corr 0.00612 | Peak 0.05489 | λ=0.349 | LR: 0.000250 | 19.1s
  Fold 2 Epoch 50/150: Train 2.76151 | Val 1.73969 | Corr 0.00577 | Peak 0.05359 | λ=0.349 | LR: 0.000250 | 18.2s
  Fold 2 Epoch 60/150: Train 2.67247 | Val 1.70566 | Corr 0.00553 | Peak 0.05294 | λ=0.349 | LR: 0.000125 | 18.2s
  Fold 2 Epoch 70/150: Train 2.55803 | Val 1.69681 | Corr 0.00514 | Peak 0.05137 | λ=0.349 | LR: 0.000125 | 18.7s
  Fold 2 Early stopping at Epoch 75 (no improvement for 10 epochs, epoch耗时 18.4s)
  Fold 2 Best Val Loss: 1.676099 (stopped at epoch 75,耗时 1394.1s)
  Fold 3 Epoch 10/150: Train 4.93872 | Val 2.49183 | Corr 0.01370 | Peak 0.07779 | λ=0.352 | LR: 0.000500 | 25.6s
  Fold 3 Epoch 20/150: Train 3.88739 | Val 2.05471 | Corr 0.00981 | Peak 0.06172 | λ=0.352 | LR: 0.000500 | 24.9s
  Fold 3 Epoch 30/150: Train 3.40057 | Val 1.87684 | Corr 0.00827 | Peak 0.05831 | λ=0.352 | LR: 0.000250 | 24.8s
  Fold 3 Epoch 40/150: Train 3.13706 | Val 1.79140 | Corr 0.00731 | Peak 0.05466 | λ=0.352 | LR: 0.000250 | 24.8s
  Fold 3 Epoch 50/150: Train 3.04019 | Val 1.77797 | Corr 0.00697 | Peak 0.05423 | λ=0.352 | LR: 0.000250 | 24.7s
  Fold 3 Epoch 60/150: Train 2.97094 | Val 1.77573 | Corr 0.00670 | Peak 0.05373 | λ=0.352 | LR: 0.000125 | 24.7s
  Fold 3 Epoch 70/150: Train 2.84123 | Val 1.75301 | Corr 0.00616 | Peak 0.05216 | λ=0.352 | LR: 0.000125 | 24.7s
  Fold 3 Early stopping at Epoch 72 (no improvement for 10 epochs, epoch耗时 24.7s)
  Fold 3 Best Val Loss: 1.744327 (stopped at epoch 72,耗时 1752.3s)

  Average Best Val Loss over 3 fold(s): 1.688321
  Average Stop Epoch: 73.0
  Selected model with Val Loss: 1.644535
  Training Time: 4489.8s (74.8min)

============================================================
Training DAE (CR=8) with 3-Fold Cross-Validation
  Samples: 50000 | Max Epochs: 150 | Batch: 128 | LR: 0.0005
  Early Stopping Patience: 10 | Weight Decay: 0.0001
  Correlation Loss: Adaptive λ (threshold=0.0dB, temp=5.0)
  Peak Loss: λ_peak=0.5
  Model Parameters: 1,779,138
============================================================
  Fold 1 Epoch 10/150: Train 5.84428 | Val 2.91081 | Corr 0.02063 | Peak 0.11008 | λ=0.352 | LR: 0.000500 | 24.6s
  Fold 1 Epoch 20/150: Train 4.70888 | Val 2.42588 | Corr 0.01360 | Peak 0.07641 | λ=0.352 | LR: 0.000500 | 24.5s
  Fold 1 Epoch 30/150: Train 4.19254 | Val 2.19389 | Corr 0.01180 | Peak 0.06912 | λ=0.352 | LR: 0.000250 | 24.5s
  Fold 1 Epoch 40/150: Train 3.97990 | Val 2.12183 | Corr 0.01084 | Peak 0.06236 | λ=0.352 | LR: 0.000250 | 24.5s
  Fold 1 Epoch 50/150: Train 3.90916 | Val 2.11457 | Corr 0.01059 | Peak 0.06197 | λ=0.352 | LR: 0.000250 | 24.4s
  Fold 1 Epoch 60/150: Train 3.85473 | Val 2.09761 | Corr 0.01034 | Peak 0.06134 | λ=0.352 | LR: 0.000125 | 24.6s
  Fold 1 Epoch 70/150: Train 3.76298 | Val 2.08440 | Corr 0.00990 | Peak 0.05889 | λ=0.352 | LR: 0.000125 | 24.6s
  Fold 1 Epoch 80/150: Train 3.73686 | Val 2.08565 | Corr 0.00981 | Peak 0.05847 | λ=0.352 | LR: 0.000125 | 24.6s
  Fold 1 Epoch 90/150: Train 3.71081 | Val 2.09127 | Corr 0.00967 | Peak 0.05773 | λ=0.352 | LR: 0.000063 | 24.7s
  Fold 1 Epoch 100/150: Train 3.65743 | Val 2.08424 | Corr 0.00942 | Peak 0.05640 | λ=0.352 | LR: 0.000063 | 24.6s
  Fold 1 Early stopping at Epoch 105 (no improvement for 10 epochs, epoch耗时 24.5s)
  Fold 1 Best Val Loss: 2.072953 (stopped at epoch 105,耗时 2578.2s)
  Fold 2 Epoch 10/150: Train 8.51883 | Val 4.25450 | Corr 0.02789 | Peak 0.00839 | λ=0.349 | LR: 0.000500 | 24.6s
  Fold 2 Epoch 20/150: Train 8.51807 | Val 4.25416 | Corr 0.02298 | Peak 0.00653 | λ=0.349 | LR: 0.000500 | 24.6s
  Fold 2 Epoch 30/150: Train 8.06522 | Val 4.03679 | Corr 0.04305 | Peak 0.11718 | λ=0.349 | LR: 0.000250 | 24.5s
  Fold 2 Epoch 40/150: Train 6.86407 | Val 3.42284 | Corr 0.02773 | Peak 0.13256 | λ=0.349 | LR: 0.000250 | 24.6s
  Fold 2 Epoch 50/150: Train 6.00167 | Val 3.04172 | Corr 0.01911 | Peak 0.10132 | λ=0.349 | LR: 0.000250 | 24.5s
  Fold 2 Epoch 60/150: Train 5.31461 | Val 2.77577 | Corr 0.01409 | Peak 0.08530 | λ=0.349 | LR: 0.000125 | 24.4s
  Fold 2 Epoch 70/150: Train 5.04164 | Val 2.70258 | Corr 0.01237 | Peak 0.07788 | λ=0.349 | LR: 0.000125 | 24.6s
  Fold 2 Epoch 80/150: Train 4.90137 | Val 2.67021 | Corr 0.01161 | Peak 0.07530 | λ=0.349 | LR: 0.000125 | 24.4s
  Fold 2 Epoch 90/150: Train 4.81195 | Val 2.64628 | Corr 0.01116 | Peak 0.07457 | λ=0.349 | LR: 0.000063 | 24.5s
  Fold 2 Epoch 100/150: Train 4.75327 | Val 2.64773 | Corr 0.01077 | Peak 0.07303 | λ=0.349 | LR: 0.000063 | 24.3s
  Fold 2 Early stopping at Epoch 102 (no improvement for 10 epochs, epoch耗时 24.6s)
  Fold 2 Best Val Loss: 2.638638 (stopped at epoch 102,耗时 2483.3s)
  Fold 3 Epoch 10/150: Train 6.03935 | Val 3.01029 | Corr 0.02113 | Peak 0.12000 | λ=0.352 | LR: 0.000500 | 24.6s
  Fold 3 Epoch 20/150: Train 4.75618 | Val 2.44317 | Corr 0.01331 | Peak 0.07791 | λ=0.352 | LR: 0.000500 | 24.3s
  Fold 3 Epoch 30/150: Train 4.43262 | Val 2.35973 | Corr 0.01184 | Peak 0.07079 | λ=0.352 | LR: 0.000250 | 24.5s
  Fold 3 Epoch 40/150: Train 4.24259 | Val 2.29911 | Corr 0.01106 | Peak 0.06486 | λ=0.352 | LR: 0.000250 | 24.6s
  Fold 3 Epoch 50/150: Train 4.16731 | Val 2.28716 | Corr 0.01090 | Peak 0.06415 | λ=0.352 | LR: 0.000250 | 24.4s
  Fold 3 Epoch 60/150: Train 4.10993 | Val 2.28149 | Corr 0.01078 | Peak 0.06425 | λ=0.352 | LR: 0.000125 | 24.4s
  Fold 3 Epoch 70/150: Train 4.01067 | Val 2.26214 | Corr 0.01036 | Peak 0.06086 | λ=0.352 | LR: 0.000125 | 24.6s
  Fold 3 Epoch 80/150: Train 3.98545 | Val 2.25747 | Corr 0.01036 | Peak 0.06059 | λ=0.352 | LR: 0.000125 | 24.5s
  Fold 3 Early stopping at Epoch 82 (no improvement for 10 epochs, epoch耗时 24.6s)
  Fold 3 Best Val Loss: 2.256241 (stopped at epoch 82,耗时 2007.1s)

  Average Best Val Loss over 3 fold(s): 2.322611
  Average Stop Epoch: 96.3
  Selected model with Val Loss: 2.072953
  Training Time: 7068.7s (117.8min)

============================================================
Training DAE (CR=16) with 3-Fold Cross-Validation
  Samples: 50000 | Max Epochs: 150 | Batch: 128 | LR: 0.0005
  Early Stopping Patience: 10 | Weight Decay: 0.0001
  Correlation Loss: Adaptive λ (threshold=0.0dB, temp=5.0)
  Peak Loss: λ_peak=0.5
  Model Parameters: 1,074,498
============================================================
  Fold 1 Epoch 10/150: Train 6.88798 | Val 3.41025 | Corr 0.02851 | Peak 0.17129 | λ=0.352 | LR: 0.000500 | 24.5s
  Fold 1 Epoch 20/150: Train 6.16543 | Val 3.12282 | Corr 0.02327 | Peak 0.10891 | λ=0.352 | LR: 0.000500 | 24.4s
  Fold 1 Epoch 30/150: Train 5.91920 | Val 3.00939 | Corr 0.02172 | Peak 0.10064 | λ=0.352 | LR: 0.000250 | 24.5s
  Fold 1 Epoch 40/150: Train 5.72285 | Val 2.94235 | Corr 0.01973 | Peak 0.08467 | λ=0.352 | LR: 0.000250 | 24.1s
  Fold 1 Epoch 50/150: Train 5.65260 | Val 2.91862 | Corr 0.01942 | Peak 0.08540 | λ=0.352 | LR: 0.000250 | 24.2s
  Fold 1 Epoch 60/150: Train 5.59760 | Val 2.90568 | Corr 0.01911 | Peak 0.08446 | λ=0.352 | LR: 0.000125 | 24.5s
  Fold 1 Epoch 70/150: Train 5.51740 | Val 2.88634 | Corr 0.01835 | Peak 0.07773 | λ=0.352 | LR: 0.000125 | 24.4s
  Fold 1 Epoch 80/150: Train 5.48726 | Val 2.89043 | Corr 0.01820 | Peak 0.07680 | λ=0.352 | LR: 0.000125 | 24.3s [EARLY STOP]
  Fold 1 Early stopping at Epoch 80 (no improvement for 10 epochs, epoch耗时 24.3s)
  Fold 1 Best Val Loss: 2.886335 (stopped at epoch 80,耗时 1954.7s)
  Fold 2 Epoch 10/150: Train 6.92929 | Val 3.45136 | Corr 0.03124 | Peak 0.14373 | λ=0.349 | LR: 0.000500 | 24.4s
  Fold 2 Epoch 20/150: Train 6.11494 | Val 3.11031 | Corr 0.02335 | Peak 0.10827 | λ=0.349 | LR: 0.000500 | 24.6s
  Fold 2 Epoch 30/150: Train 5.88140 | Val 3.00971 | Corr 0.02173 | Peak 0.09583 | λ=0.349 | LR: 0.000250 | 24.5s
  Fold 2 Epoch 40/150: Train 5.71446 | Val 2.96127 | Corr 0.02023 | Peak 0.08298 | λ=0.349 | LR: 0.000250 | 24.5s
  Fold 2 Epoch 50/150: Train 5.64514 | Val 2.93796 | Corr 0.01984 | Peak 0.08155 | λ=0.349 | LR: 0.000250 | 24.3s
  Fold 2 Epoch 60/150: Train 5.59001 | Val 2.92063 | Corr 0.01963 | Peak 0.08319 | λ=0.349 | LR: 0.000125 | 24.5s
  Fold 2 Epoch 70/150: Train 5.49759 | Val 2.90242 | Corr 0.01886 | Peak 0.07527 | λ=0.349 | LR: 0.000125 | 24.5s
  Fold 2 Epoch 80/150: Train 5.46202 | Val 2.89646 | Corr 0.01884 | Peak 0.07475 | λ=0.349 | LR: 0.000125 | 24.5s
  Fold 2 Epoch 90/150: Train 5.42770 | Val 2.88771 | Corr 0.01893 | Peak 0.07489 | λ=0.349 | LR: 0.000063 | 24.3s
  Fold 2 Epoch 100/150: Train 5.37164 | Val 2.88030 | Corr 0.01865 | Peak 0.07163 | λ=0.349 | LR: 0.000063 | 24.4s
  Fold 2 Epoch 110/150: Train 5.34421 | Val 2.87200 | Corr 0.01861 | Peak 0.07065 | λ=0.349 | LR: 0.000063 | 24.6s
  Fold 2 Epoch 120/150: Train 5.32732 | Val 2.87159 | Corr 0.01858 | Peak 0.07056 | λ=0.349 | LR: 0.000031 | 24.5s
  Fold 2 Epoch 130/150: Train 5.29614 | Val 2.87656 | Corr 0.01834 | Peak 0.06798 | λ=0.349 | LR: 0.000031 | 24.5s
  Fold 2 Early stopping at Epoch 133 (no improvement for 10 epochs, epoch耗时 24.5s)
  Fold 2 Best Val Loss: 2.866055 (stopped at epoch 133,耗时 3233.9s)
  Fold 3 Epoch 10/150: Train 6.94093 | Val 3.46211 | Corr 0.03144 | Peak 0.16025 | λ=0.352 | LR: 0.000500 | 24.5s
  Fold 3 Epoch 20/150: Train 6.11258 | Val 3.10183 | Corr 0.02187 | Peak 0.11316 | λ=0.352 | LR: 0.000500 | 24.5s
  Fold 3 Epoch 30/150: Train 5.91642 | Val 3.02541 | Corr 0.02096 | Peak 0.10117 | λ=0.352 | LR: 0.000250 | 24.5s
  Fold 3 Epoch 40/150: Train 5.77612 | Val 2.98574 | Corr 0.01976 | Peak 0.08807 | λ=0.352 | LR: 0.000250 | 24.3s
  Fold 3 Epoch 50/150: Train 5.72923 | Val 2.98098 | Corr 0.01952 | Peak 0.08623 | λ=0.352 | LR: 0.000250 | 24.4s
  Fold 3 Epoch 60/150: Train 5.69152 | Val 2.98091 | Corr 0.01937 | Peak 0.08505 | λ=0.352 | LR: 0.000125 | 24.5s
  Fold 3 Epoch 70/150: Train 5.61889 | Val 2.97500 | Corr 0.01864 | Peak 0.07840 | λ=0.352 | LR: 0.000125 | 24.4s
  Fold 3 Early stopping at Epoch 73 (no improvement for 10 epochs, epoch耗时 24.3s)
  Fold 3 Best Val Loss: 2.967012 (stopped at epoch 73,耗时 1783.8s)

  Average Best Val Loss over 3 fold(s): 2.906467
  Average Stop Epoch: 95.3
  Selected model with Val Loss: 2.866055
  Training Time: 6972.7s (116.2min)

========================================
Running Monte Carlo Sweep (GCC method: standard)...
  Monte Carlo random seed set to: 42
[Saved] F:\PythonWorkspace\DAE Data Compression\运行结果\20260613_164531\Fig1_CV_training_curves.svg
--- Generating SNR comparison data for [-10, -3, 3, 10] ---
[Saved] F:\PythonWorkspace\DAE Data Compression\运行结果\20260613_164531\model_cr4.pt
[Saved] F:\PythonWorkspace\DAE Data Compression\运行结果\20260613_164531\model_cr8.pt
[Saved] F:\PythonWorkspace\DAE Data Compression\运行结果\20260613_164531\model_cr16.pt
[Saved] F:\PythonWorkspace\DAE Data Compression\运行结果\20260613_164531\plot_data.pkl
[Saved] F:\PythonWorkspace\DAE Data Compression\运行结果\20260613_164531\Fig3_MonteCarlo_TDOA_RMSE.svg
[Saved] F:\PythonWorkspace\DAE Data Compression\运行结果\20260613_164531\Fig2_SNR_Comparison.svg

============================================================
总运行耗时: 18692.5s (311.5min)
所有图片已保存至: F:\PythonWorkspace\DAE Data Compression\运行结果\20260613_164531
时间戳: 20260613_164531
============================================================

所有图片已显示。关闭图片窗口后程序自动退出。
