[Log] F:\PythonWorkspace\DAE Data Compression\运行结果\20260611_190717\run.log
[SignalSimulator] 固定信道池已生成: 50 条信道 (seed=42)

============================================================
Training DAE (CR=4) with 5-Fold Cross-Validation
  Samples: 50000 | Max Epochs: 150 | Batch: 128 | LR: 0.0005
  Early Stopping Patience: 10 | Weight Decay: 0.0001
  Correlation Loss: λ=0.3
  Model Parameters: 3,188,418
============================================================
  Fold 1 Epoch 10/150: Train 4.72005 | Val 2.39874 | Corr 0.01331 | LR: 0.000500 | 20.0s
  Fold 1 Epoch 20/150: Train 3.60605 | Val 1.88165 | Corr 0.00985 | LR: 0.000500 | 19.5s
  Fold 1 Epoch 30/150: Train 3.25817 | Val 1.77877 | Corr 0.00872 | LR: 0.000250 | 19.7s
  Fold 1 Epoch 40/150: Train 3.02057 | Val 1.68866 | Corr 0.00785 | LR: 0.000250 | 19.5s
  Fold 1 Epoch 50/150: Train 2.93039 | Val 1.67930 | Corr 0.00751 | LR: 0.000250 | 19.5s
  Fold 1 Epoch 60/150: Train 2.86326 | Val 1.65543 | Corr 0.00730 | LR: 0.000125 | 19.3s
  Fold 1 Epoch 70/150: Train 2.74203 | Val 1.62756 | Corr 0.00683 | LR: 0.000125 | 19.6s
  Fold 1 Epoch 80/150: Train 2.71163 | Val 1.63420 | Corr 0.00672 | LR: 0.000125 | 19.7s
  Fold 1 Early stopping at Epoch 83 (no improvement for 10 epochs, epoch耗时 20.1s)
  Fold 1 Best Val Loss: 1.626035 (stopped at epoch 83,耗时 1641.7s)
  Fold 2 Epoch 10/150: Train 4.75579 | Val 2.39606 | Corr 0.01358 | LR: 0.000500 | 19.6s
  Fold 2 Epoch 20/150: Train 3.76885 | Val 1.95426 | Corr 0.01037 | LR: 0.000500 | 20.3s
  Fold 2 Epoch 30/150: Train 3.27206 | Val 1.77723 | Corr 0.00883 | LR: 0.000250 | 19.4s
  Fold 2 Epoch 40/150: Train 2.99616 | Val 1.68015 | Corr 0.00784 | LR: 0.000250 | 20.2s
  Fold 2 Epoch 50/150: Train 2.90562 | Val 1.63649 | Corr 0.00752 | LR: 0.000250 | 19.5s
  Fold 2 Epoch 60/150: Train 2.84400 | Val 1.64955 | Corr 0.00733 | LR: 0.000125 | 19.6s
  Fold 2 Epoch 70/150: Train 2.73267 | Val 1.61091 | Corr 0.00691 | LR: 0.000125 | 20.2s
  Fold 2 Epoch 80/150: Train 2.69585 | Val 1.60249 | Corr 0.00677 | LR: 0.000125 | 19.5s
  Fold 2 Early stopping at Epoch 82 (no improvement for 10 epochs, epoch耗时 19.6s)
  Fold 2 Best Val Loss: 1.599882 (stopped at epoch 82,耗时 1623.8s)
  Fold 3 Epoch 10/150: Train 4.88483 | Val 2.45675 | Corr 0.01386 | LR: 0.000500 | 20.2s
  Fold 3 Epoch 20/150: Train 3.96238 | Val 2.10741 | Corr 0.01073 | LR: 0.000500 | 19.5s
  Fold 3 Epoch 30/150: Train 3.44401 | Val 1.86282 | Corr 0.00906 | LR: 0.000250 | 19.6s
  Fold 3 Epoch 40/150: Train 3.12454 | Val 1.76481 | Corr 0.00806 | LR: 0.000250 | 19.4s
  Fold 3 Epoch 50/150: Train 3.00721 | Val 1.72524 | Corr 0.00771 | LR: 0.000250 | 19.7s
  Fold 3 Epoch 60/150: Train 2.92798 | Val 1.71690 | Corr 0.00750 | LR: 0.000125 | 19.6s
  Fold 3 Epoch 70/150: Train 2.80266 | Val 1.68559 | Corr 0.00702 | LR: 0.000125 | 19.7s
  Fold 3 Early stopping at Epoch 73 (no improvement for 10 epochs, epoch耗时 19.6s)
  Fold 3 Best Val Loss: 1.682351 (stopped at epoch 73,耗时 1447.6s)
  Fold 4 Epoch 10/150: Train 4.73377 | Val 2.39898 | Corr 0.01331 | LR: 0.000500 | 19.7s
  Fold 4 Epoch 20/150: Train 3.72880 | Val 1.95955 | Corr 0.01029 | LR: 0.000500 | 19.5s
  Fold 4 Epoch 30/150: Train 3.21690 | Val 1.74892 | Corr 0.00862 | LR: 0.000250 | 19.8s
  Fold 4 Epoch 40/150: Train 2.96109 | Val 1.66760 | Corr 0.00768 | LR: 0.000250 | 19.4s
  Fold 4 Epoch 50/150: Train 2.88474 | Val 1.65404 | Corr 0.00742 | LR: 0.000250 | 19.7s
  Fold 4 Epoch 60/150: Train 2.82408 | Val 1.63478 | Corr 0.00721 | LR: 0.000125 | 19.5s
  Fold 4 Epoch 70/150: Train 2.70988 | Val 1.60456 | Corr 0.00680 | LR: 0.000125 | 19.6s
  Fold 4 Early stopping at Epoch 71 (no improvement for 10 epochs, epoch耗时 19.7s)
  Fold 4 Best Val Loss: 1.597367 (stopped at epoch 71,耗时 1402.1s)
  Fold 5 Epoch 10/150: Train 4.48329 | Val 2.26249 | Corr 0.01215 | LR: 0.000500 | 19.9s
  Fold 5 Epoch 20/150: Train 3.61810 | Val 1.91226 | Corr 0.00969 | LR: 0.000500 | 19.9s
  Fold 5 Epoch 30/150: Train 3.22789 | Val 1.75465 | Corr 0.00857 | LR: 0.000250 | 20.3s
  Fold 5 Epoch 40/150: Train 2.98530 | Val 1.67144 | Corr 0.00770 | LR: 0.000250 | 19.6s
  Fold 5 Epoch 50/150: Train 2.90047 | Val 1.64912 | Corr 0.00744 | LR: 0.000250 | 19.8s
  Fold 5 Epoch 60/150: Train 2.83138 | Val 1.62806 | Corr 0.00722 | LR: 0.000125 | 19.3s
  Fold 5 Epoch 70/150: Train 2.71793 | Val 1.60269 | Corr 0.00681 | LR: 0.000125 | 19.7s
  Fold 5 Early stopping at Epoch 79 (no improvement for 10 epochs, epoch耗时 19.4s)
  Fold 5 Best Val Loss: 1.595619 (stopped at epoch 79,耗时 1562.6s)

  Average Best Val Loss over 5 fold(s): 1.620251
  Average Stop Epoch: 77.6
  Selected model with Val Loss: 1.595619
  Training Time: 7678.0s (128.0min)

============================================================
Training DAE (CR=8) with 5-Fold Cross-Validation
  Samples: 50000 | Max Epochs: 150 | Batch: 128 | LR: 0.0005
  Early Stopping Patience: 10 | Weight Decay: 0.0001
  Correlation Loss: λ=0.3
  Model Parameters: 1,779,138
============================================================
  Fold 1 Epoch 10/150: Train 5.09944 | Val 2.55710 | Corr 0.01489 | LR: 0.000500 | 19.5s
  Fold 1 Epoch 20/150: Train 4.26857 | Val 2.23394 | Corr 0.01227 | LR: 0.000500 | 19.8s
  Fold 1 Epoch 30/150: Train 4.03342 | Val 2.10021 | Corr 0.01172 | LR: 0.000250 | 19.6s
  Fold 1 Epoch 40/150: Train 3.86354 | Val 2.06381 | Corr 0.01100 | LR: 0.000250 | 20.2s
  Fold 1 Epoch 50/150: Train 3.81013 | Val 2.04094 | Corr 0.01084 | LR: 0.000250 | 19.4s
  Fold 1 Epoch 60/150: Train 3.76813 | Val 2.05249 | Corr 0.01067 | LR: 0.000125 | 19.7s
  Fold 1 Epoch 70/150: Train 3.67731 | Val 2.02280 | Corr 0.01025 | LR: 0.000125 | 19.4s
  Fold 1 Early stopping at Epoch 72 (no improvement for 10 epochs, epoch耗时 20.4s)
  Fold 1 Best Val Loss: 2.014049 (stopped at epoch 72,耗时 1422.9s)
  Fold 2 Epoch 10/150: Train 5.17226 | Val 2.57943 | Corr 0.01536 | LR: 0.000500 | 19.8s
  Fold 2 Epoch 20/150: Train 4.33090 | Val 2.21127 | Corr 0.01261 | LR: 0.000500 | 20.0s
  Fold 2 Epoch 30/150: Train 4.06094 | Val 2.12706 | Corr 0.01186 | LR: 0.000250 | 19.6s
  Fold 2 Epoch 40/150: Train 3.88717 | Val 2.04830 | Corr 0.01120 | LR: 0.000250 | 20.1s
  Fold 2 Epoch 50/150: Train 3.82051 | Val 2.02376 | Corr 0.01094 | LR: 0.000250 | 19.7s
  Fold 2 Epoch 60/150: Train 3.78341 | Val 2.03575 | Corr 0.01084 | LR: 0.000125 | 20.3s
  Fold 2 Epoch 70/150: Train 3.68980 | Val 1.99430 | Corr 0.01044 | LR: 0.000125 | 19.6s
  Fold 2 Epoch 80/150: Train 3.66799 | Val 2.00077 | Corr 0.01036 | LR: 0.000125 | 19.6s
  Fold 2 Early stopping at Epoch 89 (no improvement for 10 epochs, epoch耗时 19.4s)
  Fold 2 Best Val Loss: 1.991815 (stopped at epoch 89,耗时 1760.1s)
  Fold 3 Epoch 10/150: Train 5.29155 | Val 2.66198 | Corr 0.01648 | LR: 0.000500 | 19.6s
  Fold 3 Epoch 20/150: Train 4.29107 | Val 2.22801 | Corr 0.01243 | LR: 0.000500 | 19.5s
  Fold 3 Epoch 30/150: Train 4.04596 | Val 2.15220 | Corr 0.01180 | LR: 0.000250 | 19.5s
  Fold 3 Epoch 40/150: Train 3.86731 | Val 2.08136 | Corr 0.01112 | LR: 0.000250 | 20.8s
  Fold 3 Epoch 50/150: Train 3.80188 | Val 2.06888 | Corr 0.01087 | LR: 0.000250 | 19.5s
  Fold 3 Epoch 60/150: Train 3.75787 | Val 2.06350 | Corr 0.01074 | LR: 0.000125 | 20.1s
  Fold 3 Epoch 70/150: Train 3.66987 | Val 2.04959 | Corr 0.01035 | LR: 0.000125 | 19.6s
  Fold 3 Early stopping at Epoch 71 (no improvement for 10 epochs, epoch耗时 19.7s)
  Fold 3 Best Val Loss: 2.036336 (stopped at epoch 71,耗时 1405.0s)
  Fold 4 Epoch 10/150: Train 5.13982 | Val 2.57654 | Corr 0.01494 | LR: 0.000500 | 19.9s
  Fold 4 Epoch 20/150: Train 4.30851 | Val 2.23967 | Corr 0.01220 | LR: 0.000500 | 19.5s
  Fold 4 Epoch 30/150: Train 4.08443 | Val 2.13626 | Corr 0.01169 | LR: 0.000250 | 19.7s
  Fold 4 Epoch 40/150: Train 3.90134 | Val 2.07073 | Corr 0.01103 | LR: 0.000250 | 19.4s
  Fold 4 Epoch 50/150: Train 3.83186 | Val 2.04224 | Corr 0.01083 | LR: 0.000250 | 19.4s
  Fold 4 Epoch 60/150: Train 3.78249 | Val 2.03668 | Corr 0.01069 | LR: 0.000125 | 20.8s
  Fold 4 Epoch 70/150: Train 3.69272 | Val 2.01275 | Corr 0.01032 | LR: 0.000125 | 19.7s
  Fold 4 Early stopping at Epoch 78 (no improvement for 10 epochs, epoch耗时 21.1s)
  Fold 4 Best Val Loss: 2.009294 (stopped at epoch 78,耗时 1541.9s)
  Fold 5 Epoch 10/150: Train 5.34836 | Val 2.66575 | Corr 0.01626 | LR: 0.000500 | 19.7s
  Fold 5 Epoch 20/150: Train 4.47808 | Val 2.31430 | Corr 0.01298 | LR: 0.000500 | 19.7s
  Fold 5 Epoch 30/150: Train 4.24616 | Val 2.20805 | Corr 0.01240 | LR: 0.000250 | 20.3s
  Fold 5 Epoch 40/150: Train 4.04287 | Val 2.14461 | Corr 0.01170 | LR: 0.000250 | 20.3s
  Fold 5 Epoch 50/150: Train 3.96692 | Val 2.12205 | Corr 0.01152 | LR: 0.000250 | 19.8s
  Fold 5 Epoch 60/150: Train 3.91977 | Val 2.11057 | Corr 0.01140 | LR: 0.000125 | 19.7s
  Fold 5 Epoch 70/150: Train 3.82982 | Val 2.07909 | Corr 0.01098 | LR: 0.000125 | 19.5s
  Fold 5 Epoch 80/150: Train 3.80496 | Val 2.08096 | Corr 0.01089 | LR: 0.000125 | 19.6s
  Fold 5 Epoch 90/150: Train 3.78422 | Val 2.07820 | Corr 0.01082 | LR: 0.000063 | 19.4s
  Fold 5 Epoch 100/150: Train 3.73154 | Val 2.06616 | Corr 0.01059 | LR: 0.000063 | 19.8s
  Fold 5 Early stopping at Epoch 102 (no improvement for 10 epochs, epoch耗时 19.8s)
  Fold 5 Best Val Loss: 2.064793 (stopped at epoch 102,耗时 2017.2s)

  Average Best Val Loss over 5 fold(s): 2.023257
  Average Stop Epoch: 82.4
  Selected model with Val Loss: 1.991815
  Training Time: 8147.2s (135.8min)

============================================================
Training DAE (CR=16) with 5-Fold Cross-Validation
  Samples: 50000 | Max Epochs: 150 | Batch: 128 | LR: 0.0005
  Early Stopping Patience: 10 | Weight Decay: 0.0001
  Correlation Loss: λ=0.3
  Model Parameters: 1,074,498
============================================================
  Fold 1 Epoch 10/150: Train 6.20763 | Val 3.10388 | Corr 0.02416 | LR: 0.000500 | 19.8s
  Fold 1 Epoch 20/150: Train 5.79952 | Val 2.93184 | Corr 0.02256 | LR: 0.000500 | 19.4s
  Fold 1 Epoch 30/150: Train 5.60229 | Val 2.83234 | Corr 0.02188 | LR: 0.000250 | 19.6s
  Fold 1 Epoch 40/150: Train 5.40464 | Val 2.76067 | Corr 0.02024 | LR: 0.000250 | 19.5s
  Fold 1 Epoch 50/150: Train 5.33595 | Val 2.73406 | Corr 0.01999 | LR: 0.000250 | 19.6s
  Fold 1 Epoch 60/150: Train 5.26735 | Val 2.70441 | Corr 0.01952 | LR: 0.000125 | 20.7s
  Fold 1 Epoch 70/150: Train 5.16502 | Val 2.67397 | Corr 0.01864 | LR: 0.000125 | 19.5s
  Fold 1 Epoch 80/150: Train 5.12623 | Val 2.66339 | Corr 0.01843 | LR: 0.000125 | 20.1s
  Fold 1 Epoch 90/150: Train 5.09958 | Val 2.64938 | Corr 0.01826 | LR: 0.000063 | 19.6s
  Fold 1 Epoch 100/150: Train 5.04118 | Val 2.63982 | Corr 0.01778 | LR: 0.000063 | 19.5s
  Fold 1 Epoch 110/150: Train 5.02109 | Val 2.63251 | Corr 0.01767 | LR: 0.000063 | 19.4s
  Fold 1 Epoch 120/150: Train 5.00617 | Val 2.63155 | Corr 0.01752 | LR: 0.000031 | 19.6s
  Fold 1 Epoch 130/150: Train 4.97393 | Val 2.62443 | Corr 0.01731 | LR: 0.000031 | 19.4s
  Fold 1 Epoch 140/150: Train 4.96376 | Val 2.62275 | Corr 0.01726 | LR: 0.000031 | 19.7s
  Fold 1 Early stopping at Epoch 142 (no improvement for 10 epochs, epoch耗时 19.6s)
  Fold 1 Best Val Loss: 2.621944 (stopped at epoch 142,耗时 2804.3s)
  Fold 2 Epoch 10/150: Train 6.21678 | Val 3.11097 | Corr 0.02433 | LR: 0.000500 | 19.8s
  Fold 2 Epoch 20/150: Train 5.80007 | Val 2.94125 | Corr 0.02209 | LR: 0.000500 | 19.5s
  Fold 2 Epoch 30/150: Train 5.57000 | Val 2.81854 | Corr 0.02089 | LR: 0.000250 | 20.1s
  Fold 2 Epoch 40/150: Train 5.38494 | Val 2.74629 | Corr 0.01960 | LR: 0.000250 | 19.5s
  Fold 2 Epoch 50/150: Train 5.31672 | Val 2.71781 | Corr 0.01928 | LR: 0.000250 | 20.5s
  Fold 2 Epoch 60/150: Train 5.25475 | Val 2.70311 | Corr 0.01911 | LR: 0.000125 | 19.5s
  Fold 2 Epoch 70/150: Train 5.16915 | Val 2.67577 | Corr 0.01859 | LR: 0.000125 | 19.6s
  Fold 2 Epoch 80/150: Train 5.13312 | Val 2.66437 | Corr 0.01835 | LR: 0.000125 | 21.7s
  Fold 2 Epoch 90/150: Train 5.11157 | Val 2.66937 | Corr 0.01832 | LR: 0.000063 | 19.7s
  Fold 2 Epoch 100/150: Train 5.05911 | Val 2.65708 | Corr 0.01799 | LR: 0.000063 | 19.4s
  Fold 2 Epoch 110/150: Train 5.03854 | Val 2.64725 | Corr 0.01787 | LR: 0.000063 | 19.4s
  Fold 2 Epoch 120/150: Train 5.02692 | Val 2.65000 | Corr 0.01779 | LR: 0.000031 | 19.9s
  Fold 2 Epoch 130/150: Train 4.99761 | Val 2.64714 | Corr 0.01758 | LR: 0.000031 | 19.5s
  Fold 2 Epoch 140/150: Train 4.98433 | Val 2.64425 | Corr 0.01752 | LR: 0.000031 | 19.6s
  Fold 2 Early stopping at Epoch 141 (no improvement for 10 epochs, epoch耗时 19.5s)
  Fold 2 Best Val Loss: 2.643210 (stopped at epoch 141,耗时 2780.4s)
  Fold 3 Epoch 10/150: Train 6.22092 | Val 3.13131 | Corr 0.02374 | LR: 0.000500 | 19.5s
  Fold 3 Epoch 20/150: Train 5.92113 | Val 3.01085 | Corr 0.02215 | LR: 0.000500 | 19.6s
  Fold 3 Epoch 30/150: Train 5.68342 | Val 2.89933 | Corr 0.02204 | LR: 0.000250 | 19.6s
  Fold 3 Epoch 40/150: Train 5.48287 | Val 2.82242 | Corr 0.02050 | LR: 0.000250 | 19.6s
  Fold 3 Epoch 50/150: Train 5.40165 | Val 2.79587 | Corr 0.01999 | LR: 0.000250 | 20.4s
  Fold 3 Epoch 60/150: Train 5.35065 | Val 2.77366 | Corr 0.01971 | LR: 0.000125 | 19.7s
  Fold 3 Epoch 70/150: Train 5.26168 | Val 2.75351 | Corr 0.01904 | LR: 0.000125 | 19.9s
  Fold 3 Epoch 80/150: Train 5.23495 | Val 2.74904 | Corr 0.01892 | LR: 0.000125 | 19.6s
  Fold 3 Epoch 90/150: Train 5.21416 | Val 2.74281 | Corr 0.01884 | LR: 0.000063 | 20.3s
  Fold 3 Epoch 100/150: Train 5.16463 | Val 2.73791 | Corr 0.01850 | LR: 0.000063 | 19.5s
  Fold 3 Epoch 110/150: Train 5.14400 | Val 2.73799 | Corr 0.01834 | LR: 0.000063 | 20.2s
  Fold 3 Epoch 120/150: Train 5.13340 | Val 2.73048 | Corr 0.01831 | LR: 0.000031 | 19.6s
  Fold 3 Early stopping at Epoch 128 (no improvement for 10 epochs, epoch耗时 19.6s)
  Fold 3 Best Val Loss: 2.729043 (stopped at epoch 128,耗时 2531.5s)
  Fold 4 Epoch 10/150: Train 6.22088 | Val 3.12076 | Corr 0.02346 | LR: 0.000500 | 19.3s
  Fold 4 Epoch 20/150: Train 5.63533 | Val 2.85031 | Corr 0.02046 | LR: 0.000500 | 19.8s
  Fold 4 Epoch 30/150: Train 5.42380 | Val 2.75330 | Corr 0.01970 | LR: 0.000250 | 19.5s
  Fold 4 Epoch 40/150: Train 5.23796 | Val 2.68374 | Corr 0.01858 | LR: 0.000250 | 19.7s
  Fold 4 Epoch 50/150: Train 5.16194 | Val 2.65160 | Corr 0.01823 | LR: 0.000250 | 20.5s
  Fold 4 Epoch 60/150: Train 5.10215 | Val 2.63312 | Corr 0.01794 | LR: 0.000125 | 19.8s
  Fold 4 Epoch 70/150: Train 5.01321 | Val 2.60528 | Corr 0.01747 | LR: 0.000125 | 20.4s
  Fold 4 Epoch 80/150: Train 4.98410 | Val 2.59252 | Corr 0.01728 | LR: 0.000125 | 19.7s
  Fold 4 Epoch 90/150: Train 4.96632 | Val 2.59240 | Corr 0.01728 | LR: 0.000063 | 19.5s
  Fold 4 Epoch 100/150: Train 4.91105 | Val 2.58306 | Corr 0.01687 | LR: 0.000063 | 19.4s
  Fold 4 Epoch 110/150: Train 4.89607 | Val 2.57764 | Corr 0.01676 | LR: 0.000063 | 19.5s
  Fold 4 Epoch 120/150: Train 4.88501 | Val 2.57191 | Corr 0.01670 | LR: 0.000031 | 19.4s
  Fold 4 Epoch 130/150: Train 4.85457 | Val 2.56977 | Corr 0.01654 | LR: 0.000031 | 19.6s
  Fold 4 Early stopping at Epoch 139 (no improvement for 10 epochs, epoch耗时 19.3s)
  Fold 4 Best Val Loss: 2.567794 (stopped at epoch 139,耗时 2755.4s)
  Fold 5 Epoch 10/150: Train 6.31148 | Val 3.16462 | Corr 0.02415 | LR: 0.000500 | 19.7s
  Fold 5 Epoch 20/150: Train 5.84793 | Val 2.94651 | Corr 0.02226 | LR: 0.000500 | 20.7s
  Fold 5 Epoch 30/150: Train 5.61392 | Val 2.84119 | Corr 0.02062 | LR: 0.000250 | 19.5s
  Fold 5 Epoch 40/150: Train 5.41170 | Val 2.74865 | Corr 0.01932 | LR: 0.000250 | 19.9s
  Fold 5 Epoch 50/150: Train 5.32142 | Val 2.71251 | Corr 0.01897 | LR: 0.000250 | 19.4s
  Fold 5 Epoch 60/150: Train 5.25622 | Val 2.67935 | Corr 0.01880 | LR: 0.000125 | 19.6s
  Fold 5 Epoch 70/150: Train 5.14123 | Val 2.64835 | Corr 0.01798 | LR: 0.000125 | 19.4s
  Fold 5 Epoch 80/150: Train 5.09636 | Val 2.63203 | Corr 0.01765 | LR: 0.000125 | 19.6s
  Fold 5 Epoch 90/150: Train 5.07061 | Val 2.62515 | Corr 0.01756 | LR: 0.000063 | 19.5s
  Fold 5 Epoch 100/150: Train 5.01622 | Val 2.61464 | Corr 0.01719 | LR: 0.000063 | 19.6s
  Fold 5 Epoch 110/150: Train 4.99833 | Val 2.61476 | Corr 0.01712 | LR: 0.000063 | 21.9s
  Fold 5 Epoch 120/150: Train 4.98089 | Val 2.60950 | Corr 0.01703 | LR: 0.000031 | 19.5s
  Fold 5 Epoch 130/150: Train 4.94999 | Val 2.60843 | Corr 0.01680 | LR: 0.000031 | 19.8s
  Fold 5 Epoch 140/150: Train 4.94139 | Val 2.60855 | Corr 0.01678 | LR: 0.000031 | 20.2s
  Fold 5 Epoch 150/150: Train 4.93212 | Val 2.60505 | Corr 0.01671 | LR: 0.000016 | 20.2s
  Fold 5 Best Val Loss: 2.604302 (stopped at epoch 150,耗时 2971.8s)

  Average Best Val Loss over 5 fold(s): 2.633258
  Average Stop Epoch: 140.0
  Selected model with Val Loss: 2.567794
  Training Time: 13843.5s (230.7min)

========================================
Running Monte Carlo Sweep (GCC method: standard)...
  Monte Carlo random seed set to: 42
[Saved] F:\PythonWorkspace\DAE Data Compression\运行结果\20260611_190717\Fig1_CV_training_curves.svg
--- Generating SNR comparison data for [-10, -3, 3, 10] ---
[Saved] F:\PythonWorkspace\DAE Data Compression\运行结果\20260611_190717\model_cr4.pt
[Saved] F:\PythonWorkspace\DAE Data Compression\运行结果\20260611_190717\model_cr8.pt
[Saved] F:\PythonWorkspace\DAE Data Compression\运行结果\20260611_190717\model_cr16.pt
[Saved] F:\PythonWorkspace\DAE Data Compression\运行结果\20260611_190717\plot_data.pkl
[Saved] F:\PythonWorkspace\DAE Data Compression\运行结果\20260611_190717\Fig3_MonteCarlo_TDOA_RMSE.svg
[Saved] F:\PythonWorkspace\DAE Data Compression\运行结果\20260611_190717\Fig2_SNR_Comparison.svg

============================================================
总运行耗时: 29843.2s (497.4min)
所有图片已保存至: F:\PythonWorkspace\DAE Data Compression\运行结果\20260611_190717
时间戳: 20260611_190717
============================================================

所有图片已显示。关闭图片窗口后程序自动退出。
程序运行完毕。
