[Log] F:\PythonWorkspace\DAE Data Compression\运行结果\20260616_165131\run.log
[SignalSimulator] 固定信道池已生成: 50 条信道 (seed=42)

============================================================
Training DAE (CR=4) with 3-Fold Cross-Validation
  Samples: 50000 | Max Epochs: 150 | Batch: 128 | LR: 0.0005
  Early Stopping Patience: 10 | Weight Decay: 0.0001
  Correlation Loss: Adaptive λ ∈ [0.23, 0.53] (center=0.0dB, temp=5.0)
  Peak Loss: Adaptive λ_peak ∈ [~0, 0.25] (SNR-positive sigmoid, center=0.0dB, temp=5.0)
  Model Parameters: 2,977,954
============================================================
  Fold 1 Epoch 10/150: Train 6.01747 | Val 3.03006 | Corr 0.02095 | Peak 0.01943 | λ=0.355 | LR: 0.000500 | 19.4s
  Fold 1 Epoch 20/150: Train 5.01728 | Val 2.58637 | Corr 0.01544 | Peak 0.01603 | λ=0.355 | LR: 0.000500 | 19.5s
  Fold 1 Epoch 30/150: Train 4.13312 | Val 2.21646 | Corr 0.01152 | Peak 0.01396 | λ=0.355 | LR: 0.000250 | 20.6s
  Fold 1 Epoch 40/150: Train 3.75400 | Val 2.06568 | Corr 0.00999 | Peak 0.01342 | λ=0.355 | LR: 0.000250 | 20.3s
  Fold 1 Epoch 50/150: Train 3.57012 | Val 2.02578 | Corr 0.00922 | Peak 0.01326 | λ=0.355 | LR: 0.000250 | 22.5s
  Fold 1 Epoch 60/150: Train 3.43337 | Val 2.00066 | Corr 0.00864 | Peak 0.01322 | λ=0.355 | LR: 0.000125 | 23.5s
  Fold 1 Epoch 70/150: Train 3.28716 | Val 1.97884 | Corr 0.00798 | Peak 0.01303 | λ=0.355 | LR: 0.000125 | 23.3s
  Fold 1 Early stopping at Epoch 78 (no improvement for 10 epochs, epoch耗时 22.1s)
  Fold 1 Best Val Loss: 1.965756 (stopped at epoch 78,耗时 1662.7s)
  Fold 2 Epoch 10/150: Train 6.52595 | Val 3.24506 | Corr 0.02500 | Peak 0.02531 | λ=0.354 | LR: 0.000500 | 23.9s
  Fold 2 Epoch 20/150: Train 5.25484 | Val 2.74647 | Corr 0.01588 | Peak 0.01875 | λ=0.354 | LR: 0.000500 | 24.3s
  Fold 2 Epoch 30/150: Train 4.71538 | Val 2.50984 | Corr 0.01311 | Peak 0.01743 | λ=0.354 | LR: 0.000250 | 21.6s
  Fold 2 Epoch 40/150: Train 4.10285 | Val 2.31072 | Corr 0.01013 | Peak 0.01531 | λ=0.354 | LR: 0.000250 | 23.9s
  Fold 2 Epoch 50/150: Train 3.75595 | Val 2.18527 | Corr 0.00889 | Peak 0.01407 | λ=0.354 | LR: 0.000250 | 23.8s
  Fold 2 Epoch 60/150: Train 3.57819 | Val 2.16295 | Corr 0.00819 | Peak 0.01385 | λ=0.354 | LR: 0.000125 | 21.7s
  Fold 2 Epoch 70/150: Train 3.43241 | Val 2.14134 | Corr 0.00743 | Peak 0.01366 | λ=0.354 | LR: 0.000125 | 23.8s
  Fold 2 Early stopping at Epoch 71 (no improvement for 10 epochs, epoch耗时 21.9s)
  Fold 2 Best Val Loss: 2.121791 (stopped at epoch 71,耗时 1657.8s)
  Fold 3 Epoch 10/150: Train 6.32871 | Val 3.17251 | Corr 0.02342 | Peak 0.02474 | λ=0.355 | LR: 0.000500 | 24.1s
  Fold 3 Epoch 20/150: Train 5.05676 | Val 2.64599 | Corr 0.01491 | Peak 0.01813 | λ=0.355 | LR: 0.000500 | 20.9s
  Fold 3 Epoch 30/150: Train 4.61052 | Val 2.50383 | Corr 0.01277 | Peak 0.01745 | λ=0.355 | LR: 0.000250 | 23.9s
  Fold 3 Epoch 40/150: Train 3.81410 | Val 2.15045 | Corr 0.00945 | Peak 0.01409 | λ=0.355 | LR: 0.000250 | 24.3s
  Fold 3 Epoch 50/150: Train 3.51135 | Val 2.07454 | Corr 0.00839 | Peak 0.01346 | λ=0.355 | LR: 0.000250 | 24.3s
  Fold 3 Epoch 60/150: Train 3.29740 | Val 2.00757 | Corr 0.00771 | Peak 0.01313 | λ=0.355 | LR: 0.000125 | 24.3s
  Fold 3 Epoch 70/150: Train 3.13601 | Val 1.96751 | Corr 0.00701 | Peak 0.01297 | λ=0.355 | LR: 0.000125 | 21.2s
  Fold 3 Early stopping at Epoch 71 (no improvement for 10 epochs, epoch耗时 22.6s)
  Fold 3 Best Val Loss: 1.960434 (stopped at epoch 71,耗时 1664.1s)

  Average Best Val Loss over 3 fold(s): 2.015993
  Average Stop Epoch: 73.3
  Selected model with Val Loss: 1.960434
  Training Time: 4984.7s (83.1min)

============================================================
Training DAE (CR=8) with 3-Fold Cross-Validation
  Samples: 50000 | Max Epochs: 150 | Batch: 128 | LR: 0.0005
  Early Stopping Patience: 10 | Weight Decay: 0.0001
  Correlation Loss: Adaptive λ ∈ [0.23, 0.53] (center=0.0dB, temp=5.0)
  Peak Loss: Adaptive λ_peak ∈ [~0, 0.25] (SNR-positive sigmoid, center=0.0dB, temp=5.0)
  Model Parameters: 1,896,354
============================================================
  Fold 1 Epoch 10/150: Train 6.33862 | Val 3.14865 | Corr 0.02423 | Peak 0.02004 | λ=0.355 | LR: 0.000500 | 21.4s
  Fold 1 Epoch 20/150: Train 5.39618 | Val 2.75191 | Corr 0.01781 | Peak 0.01625 | λ=0.355 | LR: 0.000500 | 22.5s
  Fold 1 Epoch 30/150: Train 4.85703 | Val 2.53945 | Corr 0.01560 | Peak 0.01553 | λ=0.355 | LR: 0.000250 | 24.1s
  Fold 1 Epoch 40/150: Train 4.62458 | Val 2.47192 | Corr 0.01451 | Peak 0.01513 | λ=0.355 | LR: 0.000250 | 23.7s
  Fold 1 Epoch 50/150: Train 4.52256 | Val 2.46464 | Corr 0.01409 | Peak 0.01507 | λ=0.355 | LR: 0.000250 | 24.4s
  Fold 1 Epoch 60/150: Train 4.45316 | Val 2.44635 | Corr 0.01374 | Peak 0.01495 | λ=0.355 | LR: 0.000125 | 24.6s
  Fold 1 Epoch 70/150: Train 4.33807 | Val 2.41755 | Corr 0.01307 | Peak 0.01467 | λ=0.355 | LR: 0.000125 | 24.4s
  Fold 1 Early stopping at Epoch 76 (no improvement for 10 epochs, epoch耗时 21.7s)
  Fold 1 Best Val Loss: 2.415329 (stopped at epoch 76,耗时 1777.0s)
  Fold 2 Epoch 10/150: Train 6.21533 | Val 3.13228 | Corr 0.02315 | Peak 0.01972 | λ=0.354 | LR: 0.000500 | 22.2s
  Fold 2 Epoch 20/150: Train 5.38990 | Val 2.80091 | Corr 0.01771 | Peak 0.01805 | λ=0.354 | LR: 0.000500 | 21.1s
  Fold 2 Epoch 30/150: Train 4.95752 | Val 2.65396 | Corr 0.01581 | Peak 0.01727 | λ=0.354 | LR: 0.000250 | 23.9s
  Fold 2 Epoch 40/150: Train 4.68263 | Val 2.52278 | Corr 0.01439 | Peak 0.01618 | λ=0.354 | LR: 0.000250 | 24.3s
  Fold 2 Epoch 50/150: Train 4.57912 | Val 2.51084 | Corr 0.01397 | Peak 0.01594 | λ=0.354 | LR: 0.000250 | 21.5s
  Fold 2 Epoch 60/150: Train 4.50413 | Val 2.51029 | Corr 0.01371 | Peak 0.01573 | λ=0.354 | LR: 0.000125 | 24.5s
  Fold 2 Epoch 70/150: Train 4.38450 | Val 2.48652 | Corr 0.01296 | Peak 0.01534 | λ=0.354 | LR: 0.000125 | 24.9s
  Fold 2 Early stopping at Epoch 72 (no improvement for 10 epochs, epoch耗时 23.8s)
  Fold 2 Best Val Loss: 2.475267 (stopped at epoch 72,耗时 1621.5s)
  Fold 3 Epoch 10/150: Train 6.16971 | Val 3.10385 | Corr 0.02289 | Peak 0.01996 | λ=0.355 | LR: 0.000500 | 20.7s
  Fold 3 Epoch 20/150: Train 5.26731 | Val 2.69148 | Corr 0.01728 | Peak 0.01577 | λ=0.355 | LR: 0.000500 | 20.2s
  Fold 3 Epoch 30/150: Train 4.84160 | Val 2.52008 | Corr 0.01560 | Peak 0.01506 | λ=0.355 | LR: 0.000250 | 20.0s
  Fold 3 Epoch 40/150: Train 4.60358 | Val 2.45590 | Corr 0.01427 | Peak 0.01462 | λ=0.355 | LR: 0.000250 | 20.9s
  Fold 3 Epoch 50/150: Train 4.45858 | Val 2.41575 | Corr 0.01363 | Peak 0.01425 | λ=0.355 | LR: 0.000250 | 20.9s
  Fold 3 Epoch 60/150: Train 4.35074 | Val 2.38799 | Corr 0.01308 | Peak 0.01405 | λ=0.355 | LR: 0.000125 | 20.3s
  Fold 3 Epoch 70/150: Train 4.19602 | Val 2.34917 | Corr 0.01222 | Peak 0.01367 | λ=0.355 | LR: 0.000125 | 20.7s
  Fold 3 Epoch 80/150: Train 4.14167 | Val 2.35591 | Corr 0.01195 | Peak 0.01356 | λ=0.355 | LR: 0.000125 | 20.3s
  Fold 3 Epoch 90/150: Train 4.08433 | Val 2.33671 | Corr 0.01173 | Peak 0.01349 | λ=0.355 | LR: 0.000063 | 20.7s
  Fold 3 Epoch 100/150: Train 4.00297 | Val 2.31545 | Corr 0.01133 | Peak 0.01333 | λ=0.355 | LR: 0.000063 | 19.9s
  Fold 3 Epoch 110/150: Train 3.97581 | Val 2.31449 | Corr 0.01121 | Peak 0.01332 | λ=0.355 | LR: 0.000063 | 20.6s
  Fold 3 Early stopping at Epoch 115 (no improvement for 10 epochs, epoch耗时 20.3s)
  Fold 3 Best Val Loss: 2.308290 (stopped at epoch 115,耗时 2368.9s)

  Average Best Val Loss over 3 fold(s): 2.399629
  Average Stop Epoch: 87.7
  Selected model with Val Loss: 2.308290
  Training Time: 5767.5s (96.1min)

============================================================
Training DAE (CR=16) with 3-Fold Cross-Validation
  Samples: 50000 | Max Epochs: 150 | Batch: 128 | LR: 0.0005
  Early Stopping Patience: 10 | Weight Decay: 0.0001
  Correlation Loss: Adaptive λ ∈ [0.23, 0.53] (center=0.0dB, temp=5.0)
  Peak Loss: Adaptive λ_peak ∈ [~0, 0.25] (SNR-positive sigmoid, center=0.0dB, temp=5.0)
  Model Parameters: 1,355,554
============================================================
  Fold 1 Epoch 10/150: Train 6.93943 | Val 3.47137 | Corr 0.03246 | Peak 0.02878 | λ=0.355 | LR: 0.000500 | 20.4s
  Fold 1 Epoch 20/150: Train 6.22906 | Val 3.14949 | Corr 0.02668 | Peak 0.02095 | λ=0.355 | LR: 0.000500 | 20.8s
  Fold 1 Epoch 30/150: Train 5.96091 | Val 3.03655 | Corr 0.02505 | Peak 0.01919 | λ=0.355 | LR: 0.000250 | 19.6s
  Fold 1 Epoch 40/150: Train 5.77265 | Val 2.98578 | Corr 0.02342 | Peak 0.01779 | λ=0.355 | LR: 0.000250 | 20.0s
  Fold 1 Epoch 50/150: Train 5.69191 | Val 2.95882 | Corr 0.02306 | Peak 0.01741 | λ=0.355 | LR: 0.000250 | 19.4s
  Fold 1 Epoch 60/150: Train 5.61854 | Val 2.94522 | Corr 0.02252 | Peak 0.01696 | λ=0.355 | LR: 0.000125 | 19.2s
  Fold 1 Epoch 70/150: Train 5.50866 | Val 2.93014 | Corr 0.02153 | Peak 0.01611 | λ=0.355 | LR: 0.000125 | 19.5s
  Fold 1 Early stopping at Epoch 71 (no improvement for 10 epochs, epoch耗时 19.3s)
  Fold 1 Best Val Loss: 2.926377 (stopped at epoch 71,耗时 1421.0s)
  Fold 2 Epoch 10/150: Train 7.07612 | Val 3.52377 | Corr 0.03365 | Peak 0.02672 | λ=0.354 | LR: 0.000500 | 19.8s
  Fold 2 Epoch 20/150: Train 6.50865 | Val 3.32196 | Corr 0.02737 | Peak 0.02471 | λ=0.354 | LR: 0.000500 | 19.4s
  Fold 2 Epoch 30/150: Train 6.34672 | Val 3.28371 | Corr 0.02618 | Peak 0.02412 | λ=0.354 | LR: 0.000250 | 19.5s
  Fold 2 Epoch 40/150: Train 6.19489 | Val 3.25770 | Corr 0.02482 | Peak 0.02312 | λ=0.354 | LR: 0.000250 | 20.6s
  Fold 2 Epoch 50/150: Train 6.12871 | Val 3.26084 | Corr 0.02424 | Peak 0.02255 | λ=0.354 | LR: 0.000250 | 19.3s
  Fold 2 Early stopping at Epoch 53 (no improvement for 10 epochs, epoch耗时 19.4s)
  Fold 2 Best Val Loss: 3.250968 (stopped at epoch 53,耗时 1046.8s)
  Fold 3 Epoch 10/150: Train 7.04149 | Val 3.52103 | Corr 0.03362 | Peak 0.02809 | λ=0.355 | LR: 0.000500 | 19.5s
  Fold 3 Epoch 20/150: Train 6.25772 | Val 3.16802 | Corr 0.02466 | Peak 0.02245 | λ=0.355 | LR: 0.000500 | 19.7s
  Fold 3 Epoch 30/150: Train 6.04891 | Val 3.10075 | Corr 0.02372 | Peak 0.02168 | λ=0.355 | LR: 0.000250 | 19.9s
  Fold 3 Epoch 40/150: Train 5.90227 | Val 3.05922 | Corr 0.02251 | Peak 0.02058 | λ=0.355 | LR: 0.000250 | 19.5s
  Fold 3 Epoch 50/150: Train 5.83835 | Val 3.04659 | Corr 0.02202 | Peak 0.02025 | λ=0.355 | LR: 0.000250 | 19.6s
  Fold 3 Epoch 60/150: Train 5.79321 | Val 3.04818 | Corr 0.02168 | Peak 0.01998 | λ=0.355 | LR: 0.000125 | 21.1s [EARLY STOP]
  Fold 3 Early stopping at Epoch 60 (no improvement for 10 epochs, epoch耗时 21.1s)
  Fold 3 Best Val Loss: 3.046589 (stopped at epoch 60,耗时 1182.6s)

  Average Best Val Loss over 3 fold(s): 3.074645
  Average Stop Epoch: 61.3
  Selected model with Val Loss: 2.926377
  Training Time: 3650.3s (60.8min)

========================================
Running Monte Carlo Sweep (GCC method: standard)...
  Monte Carlo random seed set to: 42
[Saved] F:\PythonWorkspace\DAE Data Compression\运行结果\20260616_165131\Fig1_CV_training_curves.svg
--- Generating SNR comparison data for [-10, -3, 3, 10] ---
[Saved] F:\PythonWorkspace\DAE Data Compression\运行结果\20260616_165131\model_cr4.pt
[Saved] F:\PythonWorkspace\DAE Data Compression\运行结果\20260616_165131\model_cr8.pt
[Saved] F:\PythonWorkspace\DAE Data Compression\运行结果\20260616_165131\model_cr16.pt
[Saved] F:\PythonWorkspace\DAE Data Compression\运行结果\20260616_165131\plot_data.pkl
[Saved] F:\PythonWorkspace\DAE Data Compression\运行结果\20260616_165131\Fig3_MonteCarlo_TDOA_RMSE.svg
[Saved] F:\PythonWorkspace\DAE Data Compression\运行结果\20260616_165131\Fig2_SNR_Comparison.svg

============================================================
总运行耗时: 14564.0s (242.7min)
所有图片已保存至: F:\PythonWorkspace\DAE Data Compression\运行结果\20260616_165131
时间戳: 20260616_165131
============================================================

所有图片已显示。关闭图片窗口后程序自动退出。
程序运行完毕。
