[Log] F:\PythonWorkspace\DAE Data Compression\运行结果\20260609_131616\run.log
[SignalSimulator] 固定信道池已生成: 50 条信道 (seed=42)

============================================================
Training DAE (CR=4) with 3-Fold Cross-Validation
  Samples: 30000 | Max Epochs: 150 | Batch: 128 | LR: 0.0005
  Early Stopping Patience: 10 | Weight Decay: 0.0001
  Correlation Loss: λ=0.1
  Model Parameters: 3,188,418
============================================================
  Fold 1 Epoch 10/150: Train 3.80331 | Val 1.91001 | Corr 0.01230 | LR: 0.000500 | 11.9s
  Fold 1 Epoch 20/150: Train 3.12153 | Val 1.64656 | Corr 0.00688 | LR: 0.000500 | 10.8s
  Fold 1 Epoch 30/150: Train 2.77578 | Val 1.55176 | Corr 0.00513 | LR: 0.000250 | 11.5s
  Fold 1 Epoch 40/150: Train 2.49307 | Val 1.49988 | Corr 0.00390 | LR: 0.000250 | 12.7s
  Fold 1 Epoch 50/150: Train 2.32942 | Val 1.46984 | Corr 0.00332 | LR: 0.000250 | 13.3s
  Fold 1 Epoch 60/150: Train 2.21014 | Val 1.48789 | Corr 0.00293 | LR: 0.000125 | 13.0s [EARLY STOP]
  Fold 1 Early stopping at Epoch 60 (no improvement for 10 epochs, epoch耗时 13.0s)
  Fold 1 Best Val Loss: 1.469836 (stopped at epoch 60,耗时 735.6s)
  Fold 2 Epoch 10/150: Train 3.78094 | Val 1.91408 | Corr 0.01055 | LR: 0.000500 | 11.0s
  Fold 2 Epoch 20/150: Train 2.83496 | Val 1.51975 | Corr 0.00597 | LR: 0.000500 | 13.5s
  Fold 2 Epoch 30/150: Train 2.36445 | Val 1.39992 | Corr 0.00374 | LR: 0.000250 | 11.7s
  Fold 2 Epoch 40/150: Train 2.11641 | Val 1.38305 | Corr 0.00275 | LR: 0.000250 | 12.9s
  Fold 2 Early stopping at Epoch 46 (no improvement for 10 epochs, epoch耗时 13.2s)
  Fold 2 Best Val Loss: 1.378852 (stopped at epoch 46,耗时 596.7s)
  Fold 3 Epoch 10/150: Train 3.97132 | Val 2.00256 | Corr 0.01332 | LR: 0.000500 | 12.5s
  Fold 3 Epoch 20/150: Train 2.97808 | Val 1.58296 | Corr 0.00685 | LR: 0.000500 | 12.4s
  Fold 3 Epoch 30/150: Train 2.60681 | Val 1.47203 | Corr 0.00490 | LR: 0.000250 | 12.8s
  Fold 3 Epoch 40/150: Train 2.32549 | Val 1.45075 | Corr 0.00365 | LR: 0.000250 | 12.9s
  Fold 3 Early stopping at Epoch 45 (no improvement for 10 epochs, epoch耗时 12.6s)
  Fold 3 Best Val Loss: 1.439353 (stopped at epoch 45,耗时 563.8s)

  Average Best Val Loss over 3 fold(s): 1.429347
  Average Stop Epoch: 50.3
  Selected model with Val Loss: 1.378852
  Training Time: 1896.3s (31.6min)

============================================================
Training DAE (CR=8) with 3-Fold Cross-Validation
  Samples: 30000 | Max Epochs: 150 | Batch: 128 | LR: 0.0005
  Early Stopping Patience: 10 | Weight Decay: 0.0001
  Correlation Loss: λ=0.1
  Model Parameters: 1,779,138
============================================================
  Fold 1 Epoch 10/150: Train 4.06501 | Val 2.04214 | Corr 0.01381 | LR: 0.000500 | 13.5s
  Fold 1 Epoch 20/150: Train 3.58708 | Val 1.82658 | Corr 0.01063 | LR: 0.000500 | 13.8s
  Fold 1 Epoch 30/150: Train 3.05768 | Val 1.59403 | Corr 0.00695 | LR: 0.000250 | 13.2s
  Fold 1 Epoch 40/150: Train 2.80051 | Val 1.54588 | Corr 0.00560 | LR: 0.000250 | 13.5s
  Fold 1 Epoch 50/150: Train 2.72276 | Val 1.53809 | Corr 0.00515 | LR: 0.000250 | 13.6s
  Fold 1 Early stopping at Epoch 56 (no improvement for 10 epochs, epoch耗时 12.8s)
  Fold 1 Best Val Loss: 1.533387 (stopped at epoch 56,耗时 751.0s)
  Fold 2 Epoch 10/150: Train 4.07505 | Val 2.04520 | Corr 0.01384 | LR: 0.000500 | 13.7s
  Fold 2 Epoch 20/150: Train 3.35820 | Val 1.72396 | Corr 0.00823 | LR: 0.000500 | 13.4s
  Fold 2 Epoch 30/150: Train 2.90387 | Val 1.57050 | Corr 0.00599 | LR: 0.000250 | 13.7s
  Fold 2 Epoch 40/150: Train 2.72355 | Val 1.53271 | Corr 0.00498 | LR: 0.000250 | 13.2s
  Fold 2 Epoch 50/150: Train 2.64544 | Val 1.54787 | Corr 0.00464 | LR: 0.000250 | 13.1s
  Fold 2 Early stopping at Epoch 51 (no improvement for 10 epochs, epoch耗时 13.4s)
  Fold 2 Best Val Loss: 1.520533 (stopped at epoch 51,耗时 672.2s)
  Fold 3 Epoch 10/150: Train 4.57788 | Val 2.29123 | Corr 0.02109 | LR: 0.000500 | 11.9s
  Fold 3 Epoch 20/150: Train 3.60818 | Val 1.82530 | Corr 0.01101 | LR: 0.000500 | 11.8s
  Fold 3 Epoch 30/150: Train 3.16216 | Val 1.64267 | Corr 0.00736 | LR: 0.000250 | 13.0s
  Fold 3 Epoch 40/150: Train 2.93448 | Val 1.57818 | Corr 0.00589 | LR: 0.000250 | 13.2s
  Fold 3 Epoch 50/150: Train 2.77894 | Val 1.54351 | Corr 0.00533 | LR: 0.000250 | 13.1s
  Fold 3 Epoch 60/150: Train 2.68808 | Val 1.54196 | Corr 0.00498 | LR: 0.000125 | 11.5s
  Fold 3 Epoch 70/150: Train 2.59729 | Val 1.52475 | Corr 0.00452 | LR: 0.000125 | 11.0s
  Fold 3 Early stopping at Epoch 71 (no improvement for 10 epochs, epoch耗时 11.1s)
  Fold 3 Best Val Loss: 1.522098 (stopped at epoch 71,耗时 882.5s)

  Average Best Val Loss over 3 fold(s): 1.525339
  Average Stop Epoch: 59.3
  Selected model with Val Loss: 1.520533
  Training Time: 2305.7s (38.4min)

============================================================
Training DAE (CR=16) with 3-Fold Cross-Validation
  Samples: 30000 | Max Epochs: 150 | Batch: 128 | LR: 0.0005
  Early Stopping Patience: 10 | Weight Decay: 0.0001
  Correlation Loss: λ=0.1
  Model Parameters: 1,074,498
============================================================
  Fold 1 Epoch 10/150: Train 4.61476 | Val 2.31222 | Corr 0.02199 | LR: 0.000500 | 13.1s
  Fold 1 Epoch 20/150: Train 4.26230 | Val 2.14312 | Corr 0.01671 | LR: 0.000500 | 12.8s
  Fold 1 Epoch 30/150: Train 4.02556 | Val 2.03882 | Corr 0.01463 | LR: 0.000250 | 13.1s
  Fold 1 Epoch 40/150: Train 3.88925 | Val 1.98017 | Corr 0.01293 | LR: 0.000250 | 13.2s
  Fold 1 Epoch 50/150: Train 3.81014 | Val 1.95913 | Corr 0.01206 | LR: 0.000250 | 12.9s
  Fold 1 Epoch 60/150: Train 3.74727 | Val 1.93227 | Corr 0.01157 | LR: 0.000125 | 12.3s
  Fold 1 Epoch 70/150: Train 3.67169 | Val 1.91406 | Corr 0.01077 | LR: 0.000125 | 11.2s
  Fold 1 Epoch 80/150: Train 3.63797 | Val 1.90670 | Corr 0.01052 | LR: 0.000125 | 11.3s
  Fold 1 Epoch 90/150: Train 3.61306 | Val 1.90251 | Corr 0.01040 | LR: 0.000063 | 12.9s
  Fold 1 Epoch 100/150: Train 3.57047 | Val 1.90065 | Corr 0.00996 | LR: 0.000063 | 11.7s
  Fold 1 Epoch 110/150: Train 3.55366 | Val 1.89466 | Corr 0.00982 | LR: 0.000063 | 11.6s
  Fold 1 Epoch 120/150: Train 3.53949 | Val 1.89477 | Corr 0.00975 | LR: 0.000031 | 11.5s
  Fold 1 Early stopping at Epoch 121 (no improvement for 10 epochs, epoch耗时 11.5s)
  Fold 1 Best Val Loss: 1.893116 (stopped at epoch 121,耗时 1511.3s)
  Fold 2 Epoch 10/150: Train 4.58775 | Val 2.29103 | Corr 0.02259 | LR: 0.000500 | 13.4s
  Fold 2 Epoch 20/150: Train 4.23386 | Val 2.13833 | Corr 0.01730 | LR: 0.000500 | 13.3s
  Fold 2 Epoch 30/150: Train 3.99916 | Val 2.01260 | Corr 0.01530 | LR: 0.000250 | 13.1s
  Fold 2 Epoch 40/150: Train 3.79531 | Val 1.94901 | Corr 0.01265 | LR: 0.000250 | 13.2s
  Fold 2 Epoch 50/150: Train 3.73328 | Val 1.90166 | Corr 0.01179 | LR: 0.000250 | 13.3s
  Fold 2 Epoch 60/150: Train 3.68785 | Val 1.88699 | Corr 0.01138 | LR: 0.000125 | 13.5s
  Fold 2 Epoch 70/150: Train 3.62835 | Val 1.86800 | Corr 0.01078 | LR: 0.000125 | 13.8s
  Fold 2 Epoch 80/150: Train 3.59604 | Val 1.86363 | Corr 0.01049 | LR: 0.000125 | 12.4s
  Fold 2 Epoch 90/150: Train 3.56245 | Val 1.85886 | Corr 0.01026 | LR: 0.000063 | 12.7s
  Fold 2 Epoch 100/150: Train 3.51892 | Val 1.84602 | Corr 0.00986 | LR: 0.000063 | 13.2s
  Fold 2 Epoch 110/150: Train 3.49120 | Val 1.83254 | Corr 0.00976 | LR: 0.000063 | 13.2s
  Fold 2 Epoch 120/150: Train 3.46302 | Val 1.82210 | Corr 0.00963 | LR: 0.000031 | 13.3s
  Fold 2 Epoch 130/150: Train 3.43711 | Val 1.81951 | Corr 0.00939 | LR: 0.000031 | 13.4s
  Fold 2 Epoch 140/150: Train 3.42428 | Val 1.84871 | Corr 0.00932 | LR: 0.000031 | 13.7s
  Fold 2 Early stopping at Epoch 146 (no improvement for 10 epochs, epoch耗时 13.6s)
  Fold 2 Best Val Loss: 1.805881 (stopped at epoch 146,耗时 1929.4s)
  Fold 3 Epoch 10/150: Train 4.65963 | Val 2.34065 | Corr 0.02292 | LR: 0.000500 | 13.5s
  Fold 3 Epoch 20/150: Train 4.27976 | Val 2.15371 | Corr 0.01882 | LR: 0.000500 | 11.1s
  Fold 3 Epoch 30/150: Train 4.00551 | Val 2.04092 | Corr 0.01515 | LR: 0.000250 | 11.3s
  Fold 3 Epoch 40/150: Train 3.91291 | Val 1.99006 | Corr 0.01371 | LR: 0.000250 | 12.5s
  Fold 3 Epoch 50/150: Train 3.86489 | Val 1.97831 | Corr 0.01316 | LR: 0.000250 | 12.7s
  Fold 3 Epoch 60/150: Train 3.81572 | Val 1.96291 | Corr 0.01260 | LR: 0.000125 | 13.1s
  Fold 3 Epoch 70/150: Train 3.76108 | Val 1.93781 | Corr 0.01182 | LR: 0.000125 | 13.0s
  Fold 3 Epoch 80/150: Train 3.73138 | Val 1.93705 | Corr 0.01144 | LR: 0.000125 | 13.5s
  Fold 3 Epoch 90/150: Train 3.70629 | Val 1.92687 | Corr 0.01130 | LR: 0.000063 | 12.8s
  Fold 3 Epoch 100/150: Train 3.66838 | Val 1.91646 | Corr 0.01086 | LR: 0.000063 | 13.1s
  Fold 3 Early stopping at Epoch 107 (no improvement for 10 epochs, epoch耗时 13.3s)
  Fold 3 Best Val Loss: 1.914848 (stopped at epoch 107,耗时 1342.4s)

  Average Best Val Loss over 3 fold(s): 1.871282
  Average Stop Epoch: 124.7
  Selected model with Val Loss: 1.805881
  Training Time: 4783.2s (79.7min)

========================================
Running Monte Carlo Sweep (GCC method: standard)...
  Monte Carlo random seed set to: 42
[Saved] F:\PythonWorkspace\DAE Data Compression\运行结果\20260609_131616\Fig1_CV_training_curves.svg
--- Generating SNR comparison data for [-10, -5, 0, 5] ---
[Saved] F:\PythonWorkspace\DAE Data Compression\运行结果\20260609_131616\model_cr4.pt
[Saved] F:\PythonWorkspace\DAE Data Compression\运行结果\20260609_131616\model_cr8.pt
[Saved] F:\PythonWorkspace\DAE Data Compression\运行结果\20260609_131616\model_cr16.pt
[Saved] F:\PythonWorkspace\DAE Data Compression\运行结果\20260609_131616\plot_data.pkl
[Saved] F:\PythonWorkspace\DAE Data Compression\运行结果\20260609_131616\Fig3_MonteCarlo_TDOA_RMSE.svg
[Saved] F:\PythonWorkspace\DAE Data Compression\运行结果\20260609_131616\Fig2_SNR_Comparison.svg

============================================================
总运行耗时: 9112.3s (151.9min)
所有图片已保存至: F:\PythonWorkspace\DAE Data Compression\运行结果\20260609_131616
时间戳: 20260609_131616
============================================================

所有图片已显示。关闭图片窗口后程序自动退出。
程序运行完毕。
