[Log] F:\PythonWorkspace\DAE Data Compression\运行结果\20260617_103736\run.log
[SignalSimulator] 固定信道池已生成: 50 条信道 (seed=42)

============================================================
Training DAE (CR=4) with 3-Fold Cross-Validation
  Samples: 50000 | Max Epochs: 150 | Batch: 128 | LR: 0.0005
  Early Stopping Patience: 10 | Weight Decay: 0.0001
  Correlation Loss: Adaptive λ ∈ [0.23, 0.53] (center=0.0dB, temp=5.0)
  Peak Loss: Adaptive λ_peak ∈ [~0, 0.25] (SNR-positive sigmoid, center=0.0dB, temp=5.0)
  Fisher Loss: β_fi=0.005
  Model Parameters: 3,188,418
============================================================
  Fold 1 Epoch 10/150: Train 5.54960 | Val 2.83539 | Corr 0.01772 | Peak 0.01893 | FI 2.62793 | λ=0.355 | LR: 0.000500 | 18.7s
  Fold 1 Epoch 20/150: Train 4.20119 | Val 2.24824 | Corr 0.01130 | Peak 0.01445 | FI 2.14502 | λ=0.355 | LR: 0.000500 | 18.9s
  Fold 1 Epoch 30/150: Train 3.55482 | Val 1.99895 | Corr 0.00921 | Peak 0.01307 | FI 1.86991 | λ=0.355 | LR: 0.000250 | 18.4s
  Fold 1 Epoch 40/150: Train 3.29862 | Val 1.94017 | Corr 0.00816 | Peak 0.01280 | FI 1.75676 | λ=0.355 | LR: 0.000250 | 18.6s
  Fold 1 Epoch 50/150: Train 3.17965 | Val 1.90865 | Corr 0.00777 | Peak 0.01257 | FI 1.71100 | λ=0.355 | LR: 0.000250 | 18.4s
  Fold 1 Epoch 60/150: Train 3.09293 | Val 1.91068 | Corr 0.00748 | Peak 0.01240 | FI 1.67516 | λ=0.355 | LR: 0.000125 | 18.6s
  Fold 1 Epoch 70/150: Train 2.97151 | Val 1.88320 | Corr 0.00700 | Peak 0.01224 | FI 1.62472 | λ=0.355 | LR: 0.000125 | 19.1s
  Fold 1 Early stopping at Epoch 73 (no improvement for 10 epochs, epoch耗时 19.1s)
  Fold 1 Best Val Loss: 1.881607 (stopped at epoch 73,耗时 1370.5s)
  Fold 2 Epoch 10/150: Train 5.32780 | Val 2.68588 | Corr 0.01740 | Peak 0.01580 | FI 2.53473 | λ=0.354 | LR: 0.000500 | 17.9s
  Fold 2 Epoch 20/150: Train 4.17757 | Val 2.23922 | Corr 0.01204 | Peak 0.01347 | FI 2.14389 | λ=0.354 | LR: 0.000500 | 18.0s
  Fold 2 Epoch 30/150: Train 3.67131 | Val 2.06122 | Corr 0.01002 | Peak 0.01300 | FI 1.94937 | λ=0.354 | LR: 0.000250 | 18.3s
  Fold 2 Epoch 40/150: Train 3.37586 | Val 2.00822 | Corr 0.00882 | Peak 0.01276 | FI 1.83453 | λ=0.354 | LR: 0.000250 | 17.9s
  Fold 2 Epoch 50/150: Train 3.27132 | Val 2.00056 | Corr 0.00836 | Peak 0.01259 | FI 1.78865 | λ=0.354 | LR: 0.000250 | 17.6s
  Fold 2 Epoch 60/150: Train 3.19107 | Val 1.97896 | Corr 0.00804 | Peak 0.01249 | FI 1.75269 | λ=0.354 | LR: 0.000125 | 17.8s
  Fold 2 Epoch 70/150: Train 3.05666 | Val 1.96098 | Corr 0.00741 | Peak 0.01233 | FI 1.69742 | λ=0.354 | LR: 0.000125 | 17.5s
  Fold 2 Early stopping at Epoch 71 (no improvement for 10 epochs, epoch耗时 17.7s)
  Fold 2 Best Val Loss: 1.951778 (stopped at epoch 71,耗时 1294.8s)
  Fold 3 Epoch 10/150: Train 4.61725 | Val 2.37891 | Corr 0.01228 | Peak 0.01330 | FI 2.30081 | λ=0.355 | LR: 0.000500 | 17.8s
  Fold 3 Epoch 20/150: Train 3.71573 | Val 2.09881 | Corr 0.00952 | Peak 0.01280 | FI 1.93275 | λ=0.355 | LR: 0.000500 | 17.8s
  Fold 3 Epoch 30/150: Train 3.46882 | Val 2.00961 | Corr 0.00863 | Peak 0.01294 | FI 1.82038 | λ=0.355 | LR: 0.000250 | 17.8s
  Fold 3 Epoch 40/150: Train 3.20073 | Val 1.95988 | Corr 0.00763 | Peak 0.01241 | FI 1.71845 | λ=0.355 | LR: 0.000250 | 17.8s
  Fold 3 Epoch 50/150: Train 3.09372 | Val 1.92735 | Corr 0.00729 | Peak 0.01224 | FI 1.67499 | λ=0.355 | LR: 0.000250 | 17.8s
  Fold 3 Epoch 60/150: Train 3.02186 | Val 1.92095 | Corr 0.00702 | Peak 0.01214 | FI 1.64492 | λ=0.355 | LR: 0.000125 | 18.0s
  Fold 3 Epoch 70/150: Train 2.90596 | Val 1.92463 | Corr 0.00655 | Peak 0.01199 | FI 1.59672 | λ=0.355 | LR: 0.000125 | 17.9s
  Fold 3 Early stopping at Epoch 75 (no improvement for 10 epochs, epoch耗时 17.8s)
  Fold 3 Best Val Loss: 1.895663 (stopped at epoch 75,耗时 1364.6s)

  Average Best Val Loss over 3 fold(s): 1.909683
  Average Stop Epoch: 73.0
  Selected model with Val Loss: 1.881607
  Training Time: 4030.0s (67.2min)

============================================================
Training DAE (CR=8) with 3-Fold Cross-Validation
  Samples: 50000 | Max Epochs: 150 | Batch: 128 | LR: 0.0005
  Early Stopping Patience: 10 | Weight Decay: 0.0001
  Correlation Loss: Adaptive λ ∈ [0.23, 0.53] (center=0.0dB, temp=5.0)
  Peak Loss: Adaptive λ_peak ∈ [~0, 0.25] (SNR-positive sigmoid, center=0.0dB, temp=5.0)
  Fisher Loss: β_fi=0.005
  Model Parameters: 1,779,138
============================================================
  Fold 1 Epoch 10/150: Train 5.43387 | Val 2.73165 | Corr 0.01762 | Peak 0.01492 | FI 2.53505 | λ=0.355 | LR: 0.000500 | 17.6s
  Fold 1 Epoch 20/150: Train 4.69770 | Val 2.44937 | Corr 0.01452 | Peak 0.01401 | FI 2.30864 | λ=0.355 | LR: 0.000500 | 18.1s
  Fold 1 Epoch 30/150: Train 4.44407 | Val 2.34401 | Corr 0.01376 | Peak 0.01415 | FI 2.22634 | λ=0.355 | LR: 0.000250 | 17.8s
  Fold 1 Epoch 40/150: Train 4.23801 | Val 2.29250 | Corr 0.01276 | Peak 0.01373 | FI 2.15664 | λ=0.355 | LR: 0.000250 | 17.7s
  Fold 1 Epoch 50/150: Train 4.17497 | Val 2.29204 | Corr 0.01253 | Peak 0.01368 | FI 2.13271 | λ=0.355 | LR: 0.000250 | 17.5s
  Fold 1 Epoch 60/150: Train 4.12874 | Val 2.28447 | Corr 0.01234 | Peak 0.01381 | FI 2.11634 | λ=0.355 | LR: 0.000125 | 17.7s
  Fold 1 Epoch 70/150: Train 4.02276 | Val 2.27311 | Corr 0.01178 | Peak 0.01353 | FI 2.08145 | λ=0.355 | LR: 0.000125 | 17.5s
  Fold 1 Early stopping at Epoch 71 (no improvement for 10 epochs, epoch耗时 17.6s)
  Fold 1 Best Val Loss: 2.258026 (stopped at epoch 71,耗时 1285.2s)
  Fold 2 Epoch 10/150: Train 5.72817 | Val 2.87319 | Corr 0.02023 | Peak 0.01753 | FI 2.64531 | λ=0.354 | LR: 0.000500 | 17.8s
  Fold 2 Epoch 20/150: Train 4.82813 | Val 2.53829 | Corr 0.01542 | Peak 0.01532 | FI 2.38169 | λ=0.354 | LR: 0.000500 | 17.8s
  Fold 2 Epoch 30/150: Train 4.62442 | Val 2.48415 | Corr 0.01478 | Peak 0.01513 | FI 2.31579 | λ=0.354 | LR: 0.000250 | 17.9s
  Fold 2 Epoch 40/150: Train 4.44550 | Val 2.43931 | Corr 0.01385 | Peak 0.01482 | FI 2.25994 | λ=0.354 | LR: 0.000250 | 17.9s
  Fold 2 Epoch 50/150: Train 4.38592 | Val 2.43631 | Corr 0.01366 | Peak 0.01474 | FI 2.24150 | λ=0.354 | LR: 0.000250 | 17.7s
  Fold 2 Epoch 60/150: Train 4.34265 | Val 2.44033 | Corr 0.01351 | Peak 0.01469 | FI 2.22865 | λ=0.354 | LR: 0.000125 | 18.1s
  Fold 2 Epoch 70/150: Train 4.24727 | Val 2.43083 | Corr 0.01299 | Peak 0.01443 | FI 2.19906 | λ=0.354 | LR: 0.000125 | 17.7s
  Fold 2 Early stopping at Epoch 76 (no improvement for 10 epochs, epoch耗时 18.6s)
  Fold 2 Best Val Loss: 2.408230 (stopped at epoch 76,耗时 1380.6s)
  Fold 3 Epoch 10/150: Train 5.54792 | Val 2.81627 | Corr 0.01824 | Peak 0.01572 | FI 2.58153 | λ=0.355 | LR: 0.000500 | 18.5s
  Fold 3 Epoch 20/150: Train 4.76601 | Val 2.45787 | Corr 0.01462 | Peak 0.01409 | FI 2.34444 | λ=0.355 | LR: 0.000500 | 18.0s
  Fold 3 Epoch 30/150: Train 4.42611 | Val 2.35239 | Corr 0.01357 | Peak 0.01385 | FI 2.22102 | λ=0.355 | LR: 0.000250 | 18.0s
  Fold 3 Epoch 40/150: Train 4.22234 | Val 2.29134 | Corr 0.01261 | Peak 0.01355 | FI 2.14968 | λ=0.355 | LR: 0.000250 | 18.8s
  Fold 3 Epoch 50/150: Train 4.14701 | Val 2.29510 | Corr 0.01232 | Peak 0.01354 | FI 2.12234 | λ=0.355 | LR: 0.000250 | 18.2s
  Fold 3 Epoch 60/150: Train 4.09686 | Val 2.28560 | Corr 0.01215 | Peak 0.01348 | FI 2.10698 | λ=0.355 | LR: 0.000125 | 18.1s
  Fold 3 Epoch 70/150: Train 3.99535 | Val 2.25270 | Corr 0.01160 | Peak 0.01334 | FI 2.07143 | λ=0.355 | LR: 0.000125 | 18.1s
  Fold 3 Epoch 80/150: Train 3.96939 | Val 2.26301 | Corr 0.01151 | Peak 0.01334 | FI 2.06100 | λ=0.355 | LR: 0.000125 | 18.0s [EARLY STOP]
  Fold 3 Early stopping at Epoch 80 (no improvement for 10 epochs, epoch耗时 18.0s)
  Fold 3 Best Val Loss: 2.252701 (stopped at epoch 80,耗时 1458.6s)

  Average Best Val Loss over 3 fold(s): 2.306319
  Average Stop Epoch: 75.7
  Selected model with Val Loss: 2.252701
  Training Time: 4124.5s (68.7min)

============================================================
Training DAE (CR=16) with 3-Fold Cross-Validation
  Samples: 50000 | Max Epochs: 150 | Batch: 128 | LR: 0.0005
  Early Stopping Patience: 10 | Weight Decay: 0.0001
  Correlation Loss: Adaptive λ ∈ [0.23, 0.53] (center=0.0dB, temp=5.0)
  Peak Loss: Adaptive λ_peak ∈ [~0, 0.25] (SNR-positive sigmoid, center=0.0dB, temp=5.0)
  Fisher Loss: β_fi=0.005
  Model Parameters: 1,074,498
============================================================
  Fold 1 Epoch 10/150: Train 6.62923 | Val 3.32450 | Corr 0.02814 | Peak 0.02354 | FI 2.86613 | λ=0.355 | LR: 0.000500 | 18.0s
  Fold 1 Epoch 20/150: Train 6.14494 | Val 3.11621 | Corr 0.02484 | Peak 0.02123 | FI 2.76940 | λ=0.355 | LR: 0.000500 | 18.0s
  Fold 1 Epoch 30/150: Train 5.94093 | Val 3.02608 | Corr 0.02336 | Peak 0.02094 | FI 2.72361 | λ=0.355 | LR: 0.000250 | 18.0s
  Fold 1 Epoch 40/150: Train 5.79080 | Val 2.98677 | Corr 0.02214 | Peak 0.02004 | FI 2.69411 | λ=0.355 | LR: 0.000250 | 17.5s
  Fold 1 Epoch 50/150: Train 5.74159 | Val 2.98525 | Corr 0.02187 | Peak 0.01991 | FI 2.68627 | λ=0.355 | LR: 0.000250 | 17.6s
  Fold 1 Epoch 60/150: Train 5.70120 | Val 2.97813 | Corr 0.02168 | Peak 0.01983 | FI 2.67894 | λ=0.355 | LR: 0.000125 | 17.4s
  Fold 1 Epoch 70/150: Train 5.62469 | Val 2.96398 | Corr 0.02101 | Peak 0.01923 | FI 2.66345 | λ=0.355 | LR: 0.000125 | 17.4s
  Fold 1 Early stopping at Epoch 77 (no improvement for 10 epochs, epoch耗时 17.8s)
  Fold 1 Best Val Loss: 2.963157 (stopped at epoch 77,耗时 1397.3s)
  Fold 2 Epoch 10/150: Train 6.60117 | Val 3.30252 | Corr 0.02663 | Peak 0.02386 | FI 2.84308 | λ=0.354 | LR: 0.000500 | 17.5s
  Fold 2 Epoch 20/150: Train 6.22518 | Val 3.16455 | Corr 0.02499 | Peak 0.02238 | FI 2.76949 | λ=0.354 | LR: 0.000500 | 18.0s
  Fold 2 Epoch 30/150: Train 6.08378 | Val 3.10893 | Corr 0.02438 | Peak 0.02194 | FI 2.74069 | λ=0.354 | LR: 0.000250 | 17.6s
  Fold 2 Epoch 40/150: Train 5.96048 | Val 3.08371 | Corr 0.02328 | Peak 0.02079 | FI 2.71580 | λ=0.354 | LR: 0.000250 | 18.0s
  Fold 2 Epoch 50/150: Train 5.91592 | Val 3.08201 | Corr 0.02299 | Peak 0.02054 | FI 2.70762 | λ=0.354 | LR: 0.000250 | 17.9s
  Fold 2 Early stopping at Epoch 55 (no improvement for 10 epochs, epoch耗时 18.7s)
  Fold 2 Best Val Loss: 3.078532 (stopped at epoch 55,耗时 979.7s)
  Fold 3 Epoch 10/150: Train 6.81118 | Val 3.41489 | Corr 0.03078 | Peak 0.02763 | FI 2.89967 | λ=0.355 | LR: 0.000500 | 18.1s
  Fold 3 Epoch 20/150: Train 6.25525 | Val 3.19425 | Corr 0.02606 | Peak 0.02229 | FI 2.78752 | λ=0.355 | LR: 0.000500 | 17.8s
  Fold 3 Epoch 30/150: Train 6.09451 | Val 3.12853 | Corr 0.02499 | Peak 0.02156 | FI 2.75348 | λ=0.355 | LR: 0.000250 | 18.2s
  Fold 3 Epoch 40/150: Train 5.96752 | Val 3.09227 | Corr 0.02379 | Peak 0.02050 | FI 2.72685 | λ=0.355 | LR: 0.000250 | 19.5s
  Fold 3 Epoch 50/150: Train 5.92299 | Val 3.08846 | Corr 0.02333 | Peak 0.02031 | FI 2.71725 | λ=0.355 | LR: 0.000250 | 18.1s
  Fold 3 Epoch 60/150: Train 5.89030 | Val 3.08377 | Corr 0.02316 | Peak 0.02017 | FI 2.71038 | λ=0.355 | LR: 0.000125 | 18.8s
  Fold 3 Epoch 70/150: Train 5.81627 | Val 3.08825 | Corr 0.02242 | Peak 0.01950 | FI 2.69485 | λ=0.355 | LR: 0.000125 | 18.7s
  Fold 3 Early stopping at Epoch 72 (no improvement for 10 epochs, epoch耗时 19.1s)
  Fold 3 Best Val Loss: 3.082173 (stopped at epoch 72,耗时 1323.7s)

  Average Best Val Loss over 3 fold(s): 3.041287
  Average Stop Epoch: 68.0
  Selected model with Val Loss: 2.963157
  Training Time: 3700.8s (61.7min)

========================================
Running Monte Carlo Sweep (GCC method: standard)...
  Monte Carlo random seed set to: 42
[Saved] F:\PythonWorkspace\DAE Data Compression\运行结果\20260617_103736\Fig1_CV_training_curves.svg
--- Generating SNR comparison data for [-10, -3, 3, 10] ---
[Saved] F:\PythonWorkspace\DAE Data Compression\运行结果\20260617_103736\model_cr4.pt
[Saved] F:\PythonWorkspace\DAE Data Compression\运行结果\20260617_103736\model_cr8.pt
[Saved] F:\PythonWorkspace\DAE Data Compression\运行结果\20260617_103736\model_cr16.pt
[Saved] F:\PythonWorkspace\DAE Data Compression\运行结果\20260617_103736\plot_data.pkl
[Saved] F:\PythonWorkspace\DAE Data Compression\运行结果\20260617_103736\Fig3_MonteCarlo_TDOA_RMSE.svg
[Saved] F:\PythonWorkspace\DAE Data Compression\运行结果\20260617_103736\Fig2_SNR_Comparison.svg

============================================================
总运行耗时: 12015.3s (200.3min)
所有图片已保存至: F:\PythonWorkspace\DAE Data Compression\运行结果\20260617_103736
时间戳: 20260617_103736
============================================================

所有图片已显示。关闭图片窗口后程序自动退出。
程序运行完毕。
