[Log] F:\PythonWorkspace\DAE Data Compression\运行结果\20260615_185915\run.log
[SignalSimulator] 固定信道池已生成: 50 条信道 (seed=42)

============================================================
Training DAE (CR=4) with 3-Fold Cross-Validation
  Samples: 50000 | Max Epochs: 150 | Batch: 128 | LR: 0.0005
  Early Stopping Patience: 10 | Weight Decay: 0.0001
  Correlation Loss: Adaptive λ ∈ [0.20, 0.50] (center=0.0dB, temp=5.0)
  Peak Loss: Adaptive λ_peak ∈ [~0, 0.25] (SNR-positive sigmoid, center=0.0dB, temp=5.0)
  Model Parameters: 3,188,418
============================================================
  Fold 1 Epoch 10/150: Train 5.80357 | Val 2.96866 | Corr 0.02016 | Peak 0.01649 | λ=0.350 | LR: 0.000500 | 17.8s
  Fold 1 Epoch 20/150: Train 4.80662 | Val 2.55547 | Corr 0.01469 | Peak 0.01374 | λ=0.350 | LR: 0.000500 | 18.0s
  Fold 1 Epoch 30/150: Train 4.22027 | Val 2.39621 | Corr 0.01202 | Peak 0.01213 | λ=0.350 | LR: 0.000250 | 18.2s
  Fold 1 Epoch 40/150: Train 3.84398 | Val 2.29004 | Corr 0.01036 | Peak 0.01141 | λ=0.350 | LR: 0.000250 | 18.1s
  Fold 1 Epoch 50/150: Train 3.73431 | Val 2.29951 | Corr 0.00980 | Peak 0.01130 | λ=0.350 | LR: 0.000250 | 17.7s
  Fold 1 Early stopping at Epoch 51 (no improvement for 10 epochs, epoch耗时 17.8s)
  Fold 1 Best Val Loss: 2.280712 (stopped at epoch 51,耗时 909.8s)
  Fold 2 Epoch 10/150: Train 5.79624 | Val 2.95689 | Corr 0.02035 | Peak 0.01657 | λ=0.349 | LR: 0.000500 | 18.1s
  Fold 2 Epoch 20/150: Train 4.46781 | Val 2.45299 | Corr 0.01305 | Peak 0.01217 | λ=0.349 | LR: 0.000500 | 17.7s
  Fold 2 Epoch 30/150: Train 4.00935 | Val 2.33388 | Corr 0.01121 | Peak 0.01153 | λ=0.349 | LR: 0.000250 | 18.0s
  Fold 2 Epoch 40/150: Train 3.76482 | Val 2.31237 | Corr 0.00986 | Peak 0.01126 | λ=0.349 | LR: 0.000250 | 17.6s
  Fold 2 Early stopping at Epoch 41 (no improvement for 10 epochs, epoch耗时 17.6s)
  Fold 2 Best Val Loss: 2.283653 (stopped at epoch 41,耗时 729.6s)
  Fold 3 Epoch 10/150: Train 5.86397 | Val 2.96696 | Corr 0.02160 | Peak 0.01482 | λ=0.350 | LR: 0.000500 | 18.2s
  Fold 3 Epoch 20/150: Train 4.96927 | Val 2.63501 | Corr 0.01650 | Peak 0.01235 | λ=0.350 | LR: 0.000500 | 17.8s
  Fold 3 Epoch 30/150: Train 4.41260 | Val 2.46763 | Corr 0.01357 | Peak 0.01160 | λ=0.350 | LR: 0.000250 | 17.7s
  Fold 3 Epoch 40/150: Train 4.04756 | Val 2.38857 | Corr 0.01166 | Peak 0.01099 | λ=0.350 | LR: 0.000250 | 17.8s
  Fold 3 Epoch 50/150: Train 3.90512 | Val 2.35835 | Corr 0.01098 | Peak 0.01081 | λ=0.350 | LR: 0.000250 | 18.0s
  Fold 3 Epoch 60/150: Train 3.81377 | Val 2.34815 | Corr 0.01057 | Peak 0.01073 | λ=0.350 | LR: 0.000125 | 17.8s
  Fold 3 Epoch 70/150: Train 3.66548 | Val 2.32240 | Corr 0.00977 | Peak 0.01050 | λ=0.350 | LR: 0.000125 | 18.2s
  Fold 3 Early stopping at Epoch 75 (no improvement for 10 epochs, epoch耗时 17.9s)
  Fold 3 Best Val Loss: 2.320432 (stopped at epoch 75,耗时 1355.8s)

  Average Best Val Loss over 3 fold(s): 2.294932
  Average Stop Epoch: 55.7
  Selected model with Val Loss: 2.280712
  Training Time: 2995.4s (49.9min)

============================================================
Training DAE (CR=8) with 3-Fold Cross-Validation
  Samples: 50000 | Max Epochs: 150 | Batch: 128 | LR: 0.0005
  Early Stopping Patience: 10 | Weight Decay: 0.0001
  Correlation Loss: Adaptive λ ∈ [0.20, 0.50] (center=0.0dB, temp=5.0)
  Peak Loss: Adaptive λ_peak ∈ [~0, 0.25] (SNR-positive sigmoid, center=0.0dB, temp=5.0)
  Model Parameters: 1,779,138
============================================================
  Fold 1 Epoch 10/150: Train 5.94401 | Val 2.98896 | Corr 0.02343 | Peak 0.01566 | λ=0.350 | LR: 0.000500 | 20.2s
  Fold 1 Epoch 20/150: Train 5.24995 | Val 2.74907 | Corr 0.01842 | Peak 0.01348 | λ=0.350 | LR: 0.000500 | 17.7s
  Fold 1 Epoch 30/150: Train 4.98652 | Val 2.64512 | Corr 0.01758 | Peak 0.01341 | λ=0.350 | LR: 0.000250 | 20.4s
  Fold 1 Epoch 40/150: Train 4.76303 | Val 2.59761 | Corr 0.01632 | Peak 0.01290 | λ=0.350 | LR: 0.000250 | 17.5s
  Fold 1 Epoch 50/150: Train 4.68319 | Val 2.60762 | Corr 0.01596 | Peak 0.01286 | λ=0.350 | LR: 0.000250 | 19.6s
  Fold 1 Epoch 60/150: Train 4.61575 | Val 2.57574 | Corr 0.01569 | Peak 0.01285 | λ=0.350 | LR: 0.000125 | 17.8s
  Fold 1 Epoch 70/150: Train 4.49714 | Val 2.56981 | Corr 0.01498 | Peak 0.01252 | λ=0.350 | LR: 0.000125 | 18.0s
  Fold 1 Early stopping at Epoch 71 (no improvement for 10 epochs, epoch耗时 18.0s)
  Fold 1 Best Val Loss: 2.556216 (stopped at epoch 71,耗时 1279.0s)
  Fold 2 Epoch 10/150: Train 5.92850 | Val 3.01671 | Corr 0.02287 | Peak 0.01560 | λ=0.349 | LR: 0.000500 | 17.4s
  Fold 2 Epoch 20/150: Train 5.24511 | Val 2.77554 | Corr 0.01869 | Peak 0.01358 | λ=0.349 | LR: 0.000500 | 18.0s
  Fold 2 Epoch 30/150: Train 5.03495 | Val 2.72262 | Corr 0.01782 | Peak 0.01355 | λ=0.349 | LR: 0.000250 | 17.6s
  Fold 2 Epoch 40/150: Train 4.84293 | Val 2.68767 | Corr 0.01671 | Peak 0.01319 | λ=0.349 | LR: 0.000250 | 18.0s
  Fold 2 Early stopping at Epoch 47 (no improvement for 10 epochs, epoch耗时 17.6s)
  Fold 2 Best Val Loss: 2.680852 (stopped at epoch 47,耗时 843.5s)
  Fold 3 Epoch 10/150: Train 6.32138 | Val 3.20063 | Corr 0.02567 | Peak 0.01792 | λ=0.350 | LR: 0.000500 | 17.5s
  Fold 3 Epoch 20/150: Train 5.32203 | Val 2.78776 | Corr 0.01893 | Peak 0.01391 | λ=0.350 | LR: 0.000500 | 18.0s
  Fold 3 Epoch 30/150: Train 5.09127 | Val 2.72932 | Corr 0.01795 | Peak 0.01367 | λ=0.350 | LR: 0.000250 | 17.6s
  Fold 3 Epoch 40/150: Train 4.90756 | Val 2.70384 | Corr 0.01683 | Peak 0.01326 | λ=0.350 | LR: 0.000250 | 17.8s
  Fold 3 Early stopping at Epoch 41 (no improvement for 10 epochs, epoch耗时 17.4s)
  Fold 3 Best Val Loss: 2.698639 (stopped at epoch 41,耗时 737.5s)

  Average Best Val Loss over 3 fold(s): 2.645236
  Average Stop Epoch: 53.0
  Selected model with Val Loss: 2.556216
  Training Time: 2860.0s (47.7min)

============================================================
Training DAE (CR=16) with 3-Fold Cross-Validation
  Samples: 50000 | Max Epochs: 150 | Batch: 128 | LR: 0.0005
  Early Stopping Patience: 10 | Weight Decay: 0.0001
  Correlation Loss: Adaptive λ ∈ [0.20, 0.50] (center=0.0dB, temp=5.0)
  Peak Loss: Adaptive λ_peak ∈ [~0, 0.25] (SNR-positive sigmoid, center=0.0dB, temp=5.0)
  Model Parameters: 1,074,498
============================================================
  Fold 1 Epoch 10/150: Train 6.98882 | Val 3.49522 | Corr 0.03498 | Peak 0.02503 | λ=0.350 | LR: 0.000500 | 18.0s
  Fold 1 Epoch 20/150: Train 6.41521 | Val 3.26029 | Corr 0.02891 | Peak 0.01949 | λ=0.350 | LR: 0.000500 | 17.6s
  Fold 1 Epoch 30/150: Train 6.25753 | Val 3.21431 | Corr 0.02787 | Peak 0.01878 | λ=0.350 | LR: 0.000250 | 18.2s
  Fold 1 Epoch 40/150: Train 6.08429 | Val 3.17262 | Corr 0.02674 | Peak 0.01772 | λ=0.350 | LR: 0.000250 | 17.6s
  Fold 1 Epoch 50/150: Train 5.97407 | Val 3.13767 | Corr 0.02632 | Peak 0.01693 | λ=0.350 | LR: 0.000250 | 18.2s
  Fold 1 Epoch 60/150: Train 5.88485 | Val 3.10835 | Corr 0.02564 | Peak 0.01683 | λ=0.350 | LR: 0.000125 | 17.8s
  Fold 1 Epoch 70/150: Train 5.77757 | Val 3.09145 | Corr 0.02457 | Peak 0.01599 | λ=0.350 | LR: 0.000125 | 18.6s
  Fold 1 Epoch 80/150: Train 5.74247 | Val 3.09352 | Corr 0.02432 | Peak 0.01594 | λ=0.350 | LR: 0.000125 | 17.8s
  Fold 1 Early stopping at Epoch 82 (no improvement for 10 epochs, epoch耗时 17.7s)
  Fold 1 Best Val Loss: 3.089553 (stopped at epoch 82,耗时 1466.6s)
  Fold 2 Epoch 10/150: Train 6.77453 | Val 3.43072 | Corr 0.03278 | Peak 0.02205 | λ=0.349 | LR: 0.000500 | 18.5s
  Fold 2 Epoch 20/150: Train 6.47491 | Val 3.33278 | Corr 0.03018 | Peak 0.01928 | λ=0.349 | LR: 0.000500 | 17.6s
  Fold 2 Epoch 30/150: Train 6.33898 | Val 3.30351 | Corr 0.02922 | Peak 0.01843 | λ=0.349 | LR: 0.000250 | 18.3s
  Fold 2 Epoch 40/150: Train 6.18867 | Val 3.29861 | Corr 0.02766 | Peak 0.01682 | λ=0.349 | LR: 0.000250 | 17.8s
  Fold 2 Early stopping at Epoch 41 (no improvement for 10 epochs, epoch耗时 17.5s)
  Fold 2 Best Val Loss: 3.286511 (stopped at epoch 41,耗时 736.5s)
  Fold 3 Epoch 10/150: Train 6.86014 | Val 3.44097 | Corr 0.03410 | Peak 0.02368 | λ=0.350 | LR: 0.000500 | 17.9s
  Fold 3 Epoch 20/150: Train 6.43096 | Val 3.28267 | Corr 0.02967 | Peak 0.02077 | λ=0.350 | LR: 0.000500 | 17.4s
  Fold 3 Epoch 30/150: Train 6.29732 | Val 3.23411 | Corr 0.02861 | Peak 0.01987 | λ=0.350 | LR: 0.000250 | 17.9s
  Fold 3 Epoch 40/150: Train 6.16953 | Val 3.21322 | Corr 0.02720 | Peak 0.01872 | λ=0.350 | LR: 0.000250 | 18.5s
  Fold 3 Epoch 50/150: Train 6.12134 | Val 3.21225 | Corr 0.02680 | Peak 0.01849 | λ=0.350 | LR: 0.000250 | 18.1s
  Fold 3 Epoch 60/150: Train 6.08587 | Val 3.21445 | Corr 0.02656 | Peak 0.01832 | λ=0.350 | LR: 0.000125 | 17.8s
  Fold 3 Epoch 70/150: Train 6.00448 | Val 3.21710 | Corr 0.02565 | Peak 0.01772 | λ=0.350 | LR: 0.000125 | 18.1s
  Fold 3 Early stopping at Epoch 71 (no improvement for 10 epochs, epoch耗时 17.6s)
  Fold 3 Best Val Loss: 3.204809 (stopped at epoch 71,耗时 1271.4s)

  Average Best Val Loss over 3 fold(s): 3.193624
  Average Stop Epoch: 64.7
  Selected model with Val Loss: 3.089553
  Training Time: 3474.5s (57.9min)

========================================
Running Monte Carlo Sweep (GCC method: standard)...
  Monte Carlo random seed set to: 42
[Saved] F:\PythonWorkspace\DAE Data Compression\运行结果\20260615_185915\Fig1_CV_training_curves.svg
--- Generating SNR comparison data for [-10, -3, 3, 10] ---
[Saved] F:\PythonWorkspace\DAE Data Compression\运行结果\20260615_185915\model_cr4.pt
[Saved] F:\PythonWorkspace\DAE Data Compression\运行结果\20260615_185915\model_cr8.pt
[Saved] F:\PythonWorkspace\DAE Data Compression\运行结果\20260615_185915\model_cr16.pt
[Saved] F:\PythonWorkspace\DAE Data Compression\运行结果\20260615_185915\plot_data.pkl
[Saved] F:\PythonWorkspace\DAE Data Compression\运行结果\20260615_185915\Fig3_MonteCarlo_TDOA_RMSE.svg
[Saved] F:\PythonWorkspace\DAE Data Compression\运行结果\20260615_185915\Fig2_SNR_Comparison.svg

============================================================
总运行耗时: 9486.4s (158.1min)
所有图片已保存至: F:\PythonWorkspace\DAE Data Compression\运行结果\20260615_185915
时间戳: 20260615_185915
============================================================

所有图片已显示。关闭图片窗口后程序自动退出。
程序运行完毕。
