[Log] F:\PythonWorkspace\DAE Data Compression\运行结果\20260610_172252\run.log
[SignalSimulator] 固定信道池已生成: 50 条信道 (seed=42)

============================================================
Training DAE (CR=4) with 3-Fold Cross-Validation
  Samples: 30000 | Max Epochs: 150 | Batch: 128 | LR: 0.0005
  Early Stopping Patience: 10 | Weight Decay: 0.0001
  Correlation Loss: λ=0.3
  Model Parameters: 3,188,418
============================================================
  Fold 1 Epoch 10/150: Train 5.92822 | Val 2.95687 | Corr 0.02105 | LR: 0.000500 | 10.4s
  Fold 1 Epoch 20/150: Train 4.28605 | Val 2.33513 | Corr 0.01039 | LR: 0.000500 | 10.3s
  Fold 1 Epoch 30/150: Train 3.58610 | Val 2.11189 | Corr 0.00783 | LR: 0.000250 | 11.0s
  Fold 1 Epoch 40/150: Train 3.21442 | Val 1.99855 | Corr 0.00640 | LR: 0.000250 | 10.6s
  Fold 1 Epoch 50/150: Train 3.06408 | Val 1.97299 | Corr 0.00582 | LR: 0.000250 | 10.6s
  Fold 1 Epoch 60/150: Train 2.95727 | Val 1.99851 | Corr 0.00543 | LR: 0.000125 | 10.4s
  Fold 1 Epoch 70/150: Train 2.82499 | Val 1.95675 | Corr 0.00496 | LR: 0.000125 | 11.3s
  Fold 1 Early stopping at Epoch 72 (no improvement for 10 epochs, epoch耗时 11.4s)
  Fold 1 Best Val Loss: 1.946674 (stopped at epoch 72,耗时 768.4s)
  Fold 2 Epoch 10/150: Train 5.20209 | Val 2.62501 | Corr 0.01434 | LR: 0.000500 | 11.1s
  Fold 2 Epoch 20/150: Train 3.67389 | Val 2.13159 | Corr 0.00787 | LR: 0.000500 | 10.9s
  Fold 2 Epoch 30/150: Train 3.21941 | Val 2.02040 | Corr 0.00641 | LR: 0.000250 | 11.6s
  Fold 2 Epoch 40/150: Train 2.94986 | Val 1.96506 | Corr 0.00544 | LR: 0.000250 | 10.6s
  Fold 2 Epoch 50/150: Train 2.82324 | Val 1.90998 | Corr 0.00502 | LR: 0.000250 | 10.8s
  Fold 2 Early stopping at Epoch 58 (no improvement for 10 epochs, epoch耗时 10.9s)
  Fold 2 Best Val Loss: 1.895434 (stopped at epoch 58,耗时 643.0s)
  Fold 3 Epoch 10/150: Train 5.46567 | Val 2.74125 | Corr 0.01603 | LR: 0.000500 | 10.8s
  Fold 3 Epoch 20/150: Train 3.58719 | Val 2.05404 | Corr 0.00759 | LR: 0.000500 | 11.0s
  Fold 3 Epoch 30/150: Train 3.19499 | Val 1.98546 | Corr 0.00625 | LR: 0.000250 | 11.7s
  Fold 3 Epoch 40/150: Train 2.91763 | Val 1.92179 | Corr 0.00528 | LR: 0.000250 | 10.7s
  Fold 3 Epoch 50/150: Train 2.78850 | Val 1.89968 | Corr 0.00492 | LR: 0.000250 | 12.0s
  Fold 3 Epoch 60/150: Train 2.68082 | Val 1.90021 | Corr 0.00461 | LR: 0.000125 | 11.9s
  Fold 3 Early stopping at Epoch 62 (no improvement for 10 epochs, epoch耗时 11.9s)
  Fold 3 Best Val Loss: 1.888241 (stopped at epoch 62,耗时 720.3s)

  Average Best Val Loss over 3 fold(s): 1.910117
  Average Stop Epoch: 64.0
  Selected model with Val Loss: 1.888241
  Training Time: 2131.8s (35.5min)

============================================================
Training DAE (CR=8) with 3-Fold Cross-Validation
  Samples: 30000 | Max Epochs: 150 | Batch: 128 | LR: 0.0005
  Early Stopping Patience: 10 | Weight Decay: 0.0001
  Correlation Loss: λ=0.3
  Model Parameters: 1,779,138
============================================================
  Fold 1 Epoch 10/150: Train 5.99973 | Val 2.98143 | Corr 0.02114 | LR: 0.000500 | 11.8s
  Fold 1 Epoch 20/150: Train 5.04994 | Val 2.63590 | Corr 0.01375 | LR: 0.000500 | 11.8s
  Fold 1 Epoch 30/150: Train 4.53515 | Val 2.48921 | Corr 0.01149 | LR: 0.000250 | 13.5s
  Fold 1 Epoch 40/150: Train 4.24032 | Val 2.38277 | Corr 0.01014 | LR: 0.000250 | 11.9s
  Fold 1 Epoch 50/150: Train 4.12013 | Val 2.39420 | Corr 0.00968 | LR: 0.000250 | 11.9s
  Fold 1 Epoch 60/150: Train 4.03914 | Val 2.37431 | Corr 0.00935 | LR: 0.000125 | 11.8s
  Fold 1 Epoch 70/150: Train 3.92460 | Val 2.36092 | Corr 0.00883 | LR: 0.000125 | 11.9s
  Fold 1 Epoch 80/150: Train 3.88358 | Val 2.35655 | Corr 0.00866 | LR: 0.000125 | 12.3s
  Fold 1 Early stopping at Epoch 81 (no improvement for 10 epochs, epoch耗时 11.9s)
  Fold 1 Best Val Loss: 2.350212 (stopped at epoch 81,耗时 976.3s)
  Fold 2 Epoch 10/150: Train 6.20630 | Val 3.08251 | Corr 0.02359 | LR: 0.000500 | 11.9s
  Fold 2 Epoch 20/150: Train 4.99021 | Val 2.58653 | Corr 0.01349 | LR: 0.000500 | 10.7s
  Fold 2 Epoch 30/150: Train 4.47903 | Val 2.44016 | Corr 0.01142 | LR: 0.000250 | 11.0s
  Fold 2 Epoch 40/150: Train 4.21981 | Val 2.38295 | Corr 0.01020 | LR: 0.000250 | 11.2s
  Fold 2 Early stopping at Epoch 48 (no improvement for 10 epochs, epoch耗时 10.8s)
  Fold 2 Best Val Loss: 2.360390 (stopped at epoch 48,耗时 537.7s)
  Fold 3 Epoch 10/150: Train 5.84319 | Val 2.95591 | Corr 0.01808 | LR: 0.000500 | 10.9s
  Fold 3 Epoch 20/150: Train 5.25230 | Val 2.72974 | Corr 0.01439 | LR: 0.000500 | 10.7s
  Fold 3 Epoch 30/150: Train 4.74564 | Val 2.55001 | Corr 0.01195 | LR: 0.000250 | 10.9s
  Fold 3 Epoch 40/150: Train 4.33299 | Val 2.42984 | Corr 0.01041 | LR: 0.000250 | 10.8s
  Fold 3 Epoch 50/150: Train 4.16358 | Val 2.37718 | Corr 0.00979 | LR: 0.000250 | 10.8s
  Fold 3 Epoch 60/150: Train 4.05779 | Val 2.36533 | Corr 0.00943 | LR: 0.000125 | 11.1s
  Fold 3 Epoch 70/150: Train 3.93796 | Val 2.35056 | Corr 0.00891 | LR: 0.000125 | 11.0s
  Fold 3 Early stopping at Epoch 73 (no improvement for 10 epochs, epoch耗时 10.8s)
  Fold 3 Best Val Loss: 2.334794 (stopped at epoch 73,耗时 796.0s)

  Average Best Val Loss over 3 fold(s): 2.348465
  Average Stop Epoch: 67.3
  Selected model with Val Loss: 2.334794
  Training Time: 2310.0s (38.5min)

============================================================
Training DAE (CR=16) with 3-Fold Cross-Validation
  Samples: 30000 | Max Epochs: 150 | Batch: 128 | LR: 0.0005
  Early Stopping Patience: 10 | Weight Decay: 0.0001
  Correlation Loss: λ=0.3
  Model Parameters: 1,074,498
============================================================
  Fold 1 Epoch 10/150: Train 6.89956 | Val 3.45539 | Corr 0.03024 | LR: 0.000500 | 10.8s
  Fold 1 Epoch 20/150: Train 6.26533 | Val 3.14526 | Corr 0.02435 | LR: 0.000500 | 10.5s
  Fold 1 Epoch 30/150: Train 5.86224 | Val 2.98582 | Corr 0.02071 | LR: 0.000250 | 10.4s
  Fold 1 Epoch 40/150: Train 5.67523 | Val 2.95124 | Corr 0.01927 | LR: 0.000250 | 10.3s
  Fold 1 Epoch 50/150: Train 5.59133 | Val 2.93309 | Corr 0.01878 | LR: 0.000250 | 10.4s
  Fold 1 Epoch 60/150: Train 5.50990 | Val 2.94757 | Corr 0.01836 | LR: 0.000125 | 10.4s
  Fold 1 Epoch 70/150: Train 5.41947 | Val 2.91921 | Corr 0.01764 | LR: 0.000125 | 10.3s
  Fold 1 Early stopping at Epoch 72 (no improvement for 10 epochs, epoch耗时 10.4s)
  Fold 1 Best Val Loss: 2.912836 (stopped at epoch 72,耗时 756.9s)
  Fold 2 Epoch 10/150: Train 6.78338 | Val 3.36538 | Corr 0.02731 | LR: 0.000500 | 10.7s
  Fold 2 Epoch 20/150: Train 6.31340 | Val 3.18160 | Corr 0.02360 | LR: 0.000500 | 10.4s
  Fold 2 Epoch 30/150: Train 6.05365 | Val 3.07750 | Corr 0.02292 | LR: 0.000250 | 10.5s
  Fold 2 Epoch 40/150: Train 5.87069 | Val 3.03471 | Corr 0.02134 | LR: 0.000250 | 10.4s
  Fold 2 Epoch 50/150: Train 5.78385 | Val 3.02248 | Corr 0.02085 | LR: 0.000250 | 10.6s
  Fold 2 Epoch 60/150: Train 5.68446 | Val 3.00798 | Corr 0.02018 | LR: 0.000125 | 10.9s
  Fold 2 Epoch 70/150: Train 5.58618 | Val 2.98967 | Corr 0.01937 | LR: 0.000125 | 10.7s
  Fold 2 Epoch 80/150: Train 5.53810 | Val 2.98132 | Corr 0.01901 | LR: 0.000125 | 10.3s
  Fold 2 Early stopping at Epoch 84 (no improvement for 10 epochs, epoch耗时 10.6s)
  Fold 2 Best Val Loss: 2.981312 (stopped at epoch 84,耗时 888.8s)
  Fold 3 Epoch 10/150: Train 6.87273 | Val 3.45464 | Corr 0.03042 | LR: 0.000500 | 11.1s
  Fold 3 Epoch 20/150: Train 6.41257 | Val 3.25362 | Corr 0.02480 | LR: 0.000500 | 12.3s
  Fold 3 Epoch 30/150: Train 6.08051 | Val 3.10248 | Corr 0.02190 | LR: 0.000250 | 11.9s
  Fold 3 Epoch 40/150: Train 5.89766 | Val 3.04845 | Corr 0.02023 | LR: 0.000250 | 12.3s
  Fold 3 Epoch 50/150: Train 5.77740 | Val 3.02063 | Corr 0.01994 | LR: 0.000250 | 11.4s
  Fold 3 Epoch 60/150: Train 5.68006 | Val 2.99173 | Corr 0.01935 | LR: 0.000125 | 12.6s
  Fold 3 Epoch 70/150: Train 5.57919 | Val 2.98319 | Corr 0.01845 | LR: 0.000125 | 13.0s
  Fold 3 Early stopping at Epoch 79 (no improvement for 10 epochs, epoch耗时 12.6s)
  Fold 3 Best Val Loss: 2.979859 (stopped at epoch 79,耗时 953.8s)

  Average Best Val Loss over 3 fold(s): 2.958002
  Average Stop Epoch: 78.3
  Selected model with Val Loss: 2.912836
  Training Time: 2599.5s (43.3min)

========================================
Running Monte Carlo Sweep (GCC method: standard)...
  Monte Carlo random seed set to: 42
[Saved] F:\PythonWorkspace\DAE Data Compression\运行结果\20260610_172252\Fig1_CV_training_curves.svg
--- Generating SNR comparison data for [-10, -5, 0, 5] ---
[Saved] F:\PythonWorkspace\DAE Data Compression\运行结果\20260610_172252\model_cr4.pt
[Saved] F:\PythonWorkspace\DAE Data Compression\运行结果\20260610_172252\model_cr8.pt
[Saved] F:\PythonWorkspace\DAE Data Compression\运行结果\20260610_172252\model_cr16.pt
[Saved] F:\PythonWorkspace\DAE Data Compression\运行结果\20260610_172252\plot_data.pkl
[Saved] F:\PythonWorkspace\DAE Data Compression\运行结果\20260610_172252\Fig3_MonteCarlo_TDOA_RMSE.svg
[Saved] F:\PythonWorkspace\DAE Data Compression\运行结果\20260610_172252\Fig2_SNR_Comparison.svg

============================================================
总运行耗时: 7161.2s (119.4min)
所有图片已保存至: F:\PythonWorkspace\DAE Data Compression\运行结果\20260610_172252
时间戳: 20260610_172252
============================================================

所有图片已显示。关闭图片窗口后程序自动退出。
程序运行完毕。
